Archive member included to satisfy reference by file (symbol)

/usr/local/mcuxpressoide-11.4.1_6260/ide/plugins/com.nxp.mcuxpresso.tools.linux_11.4.0.202103011116/tools/bin/../lib/gcc/arm-none-eabi/10.2.1/../../../../arm-none-eabi/lib/thumb/v7e-m+fp/hard/libcr_semihost_nf.a(_cr__main.o)
                              ./startup/startup_mk66f18.o (__main)
/usr/local/mcuxpressoide-11.4.1_6260/ide/plugins/com.nxp.mcuxpresso.tools.linux_11.4.0.202103011116/tools/bin/../lib/gcc/arm-none-eabi/10.2.1/../../../../arm-none-eabi/lib/thumb/v7e-m+fp/hard/libcr_c.a(memcpy.o)
                              ./drivers/fsl_ftfx_cache.o (memcpy)
/usr/local/mcuxpressoide-11.4.1_6260/ide/plugins/com.nxp.mcuxpresso.tools.linux_11.4.0.202103011116/tools/bin/../lib/gcc/arm-none-eabi/10.2.1/../../../../arm-none-eabi/lib/thumb/v7e-m+fp/hard/libcr_c.a(memset.o)
                              ./drivers/fsl_ftfx_cache.o (memset)
/usr/local/mcuxpressoide-11.4.1_6260/ide/plugins/com.nxp.mcuxpresso.tools.linux_11.4.0.202103011116/tools/bin/../lib/gcc/arm-none-eabi/10.2.1/../../../../arm-none-eabi/lib/thumb/v7e-m+fp/hard/libcr_c.a(alloc.o)
                              ./drivers/fsl_common.o (malloc)
/usr/local/mcuxpressoide-11.4.1_6260/ide/plugins/com.nxp.mcuxpresso.tools.linux_11.4.0.202103011116/tools/bin/../lib/gcc/arm-none-eabi/10.2.1/../../../../arm-none-eabi/lib/thumb/v7e-m+fp/hard/libcr_c.a(initio.o)
                              /usr/local/mcuxpressoide-11.4.1_6260/ide/plugins/com.nxp.mcuxpresso.tools.linux_11.4.0.202103011116/tools/bin/../lib/gcc/arm-none-eabi/10.2.1/../../../../arm-none-eabi/lib/thumb/v7e-m+fp/hard/libcr_semihost_nf.a(_cr__main.o) (_initio)
/usr/local/mcuxpressoide-11.4.1_6260/ide/plugins/com.nxp.mcuxpresso.tools.linux_11.4.0.202103011116/tools/bin/../lib/gcc/arm-none-eabi/10.2.1/../../../../arm-none-eabi/lib/thumb/v7e-m+fp/hard/libcr_c.a(printf.o)
                              ./utilities/fsl_assert.o (_printf)
/usr/local/mcuxpressoide-11.4.1_6260/ide/plugins/com.nxp.mcuxpresso.tools.linux_11.4.0.202103011116/tools/bin/../lib/gcc/arm-none-eabi/10.2.1/../../../../arm-none-eabi/lib/thumb/v7e-m+fp/hard/libcr_c.a(setvbuf.o)
                              /usr/local/mcuxpressoide-11.4.1_6260/ide/plugins/com.nxp.mcuxpresso.tools.linux_11.4.0.202103011116/tools/bin/../lib/gcc/arm-none-eabi/10.2.1/../../../../arm-none-eabi/lib/thumb/v7e-m+fp/hard/libcr_c.a(initio.o) (setvbuf)
/usr/local/mcuxpressoide-11.4.1_6260/ide/plugins/com.nxp.mcuxpresso.tools.linux_11.4.0.202103011116/tools/bin/../lib/gcc/arm-none-eabi/10.2.1/../../../../arm-none-eabi/lib/thumb/v7e-m+fp/hard/libcr_c.a(strlen.o)
                              /usr/local/mcuxpressoide-11.4.1_6260/ide/plugins/com.nxp.mcuxpresso.tools.linux_11.4.0.202103011116/tools/bin/../lib/gcc/arm-none-eabi/10.2.1/../../../../arm-none-eabi/lib/thumb/v7e-m+fp/hard/libcr_c.a(printf.o) (strlen)
/usr/local/mcuxpressoide-11.4.1_6260/ide/plugins/com.nxp.mcuxpresso.tools.linux_11.4.0.202103011116/tools/bin/../lib/gcc/arm-none-eabi/10.2.1/../../../../arm-none-eabi/lib/thumb/v7e-m+fp/hard/libcr_c.a(__init_alloc.o)
                              /usr/local/mcuxpressoide-11.4.1_6260/ide/plugins/com.nxp.mcuxpresso.tools.linux_11.4.0.202103011116/tools/bin/../lib/gcc/arm-none-eabi/10.2.1/../../../../arm-none-eabi/lib/thumb/v7e-m+fp/hard/libcr_c.a(alloc.o) (__heaps)
/usr/local/mcuxpressoide-11.4.1_6260/ide/plugins/com.nxp.mcuxpresso.tools.linux_11.4.0.202103011116/tools/bin/../lib/gcc/arm-none-eabi/10.2.1/../../../../arm-none-eabi/lib/thumb/v7e-m+fp/hard/libcr_c.a(_cr_sbrk.o)
                              /usr/local/mcuxpressoide-11.4.1_6260/ide/plugins/com.nxp.mcuxpresso.tools.linux_11.4.0.202103011116/tools/bin/../lib/gcc/arm-none-eabi/10.2.1/../../../../arm-none-eabi/lib/thumb/v7e-m+fp/hard/libcr_c.a(alloc.o) (_sbrk)
/usr/local/mcuxpressoide-11.4.1_6260/ide/plugins/com.nxp.mcuxpresso.tools.linux_11.4.0.202103011116/tools/bin/../lib/gcc/arm-none-eabi/10.2.1/../../../../arm-none-eabi/lib/thumb/v7e-m+fp/hard/libcr_c.a(_deferredlazyseek.o)
                              /usr/local/mcuxpressoide-11.4.1_6260/ide/plugins/com.nxp.mcuxpresso.tools.linux_11.4.0.202103011116/tools/bin/../lib/gcc/arm-none-eabi/10.2.1/../../../../arm-none-eabi/lib/thumb/v7e-m+fp/hard/libcr_c.a(printf.o) (__flsbuf)
/usr/local/mcuxpressoide-11.4.1_6260/ide/plugins/com.nxp.mcuxpresso.tools.linux_11.4.0.202103011116/tools/bin/../lib/gcc/arm-none-eabi/10.2.1/../../../../arm-none-eabi/lib/thumb/v7e-m+fp/hard/libcr_c.a(_fdopen.o)
                              /usr/local/mcuxpressoide-11.4.1_6260/ide/plugins/com.nxp.mcuxpresso.tools.linux_11.4.0.202103011116/tools/bin/../lib/gcc/arm-none-eabi/10.2.1/../../../../arm-none-eabi/lib/thumb/v7e-m+fp/hard/libcr_c.a(initio.o) (_fdopen)
/usr/local/mcuxpressoide-11.4.1_6260/ide/plugins/com.nxp.mcuxpresso.tools.linux_11.4.0.202103011116/tools/bin/../lib/gcc/arm-none-eabi/10.2.1/../../../../arm-none-eabi/lib/thumb/v7e-m+fp/hard/libcr_c.a(_fflush.o)
[...]
Memory Configuration

Name             Origin             Length             Attributes
PROGRAM_FLASH    0x0000000000000000 0x0000000000200000 xr
SRAM_UPPER       0x0000000020000000 0x0000000000030000 xrw
SRAM_LOWER       0x000000001fff0000 0x0000000000010000 xrw
FLEX_RAM         0x0000000014000000 0x0000000000001000 xrw
*default*        0x0000000000000000 0xffffffffffffffff

Linker script and memory map

LOAD ./utilities/fsl_assert.o
LOAD ./utilities/fsl_debug_console.o
LOAD ./startup/startup_mk66f18.o
LOAD ./source/gpio.o
LOAD ./source/gpio_led_output.o
LOAD ./source/semihost_hardfault.o
LOAD ./drivers/fsl_clock.o
LOAD ./drivers/fsl_common.o
LOAD ./drivers/fsl_common_arm.o
LOAD ./drivers/fsl_ftfx_cache.o
LOAD ./drivers/fsl_ftfx_controller.o
LOAD ./drivers/fsl_ftfx_flash.o
LOAD ./drivers/fsl_ftfx_flexnvm.o
LOAD ./drivers/fsl_gpio.o
LOAD ./drivers/fsl_lpuart.o
LOAD ./drivers/fsl_smc.o
LOAD ./drivers/fsl_uart.o
LOAD ./device/system_MK66F18.o
LOAD ./component/uart/fsl_adapter_uart.o
LOAD ./component/lists/fsl_component_generic_list.o
LOAD ./board/board.o
LOAD ./board/clock_config.o
LOAD ./board/pin_mux.o
START GROUP
LOAD /usr/local/mcuxpressoide-11.4.1_6260/ide/plugins/com.nxp.mcuxpresso.tools.linux_11.4.0.202103011116/tools/bin/../lib/gcc/arm-none-eabi/10.2.1/../../../../arm-none-eabi/lib/thumb/v7e-m+fp/hard/libcr_semihost_nf.a
LOAD /usr/local/mcuxpressoide-11.4.1_6260/ide/plugins/com.nxp.mcuxpresso.tools.linux_11.4.0.202103011116/tools/bin/../lib/gcc/arm-none-eabi/10.2.1/../../../../arm-none-eabi/lib/thumb/v7e-m+fp/hard/libcr_c.a
LOAD /usr/local/mcuxpressoide-11.4.1_6260/ide/plugins/com.nxp.mcuxpresso.tools.linux_11.4.0.202103011116/tools/bin/../lib/gcc/arm-none-eabi/10.2.1/thumb/v7e-m+fp/hard/libcr_eabihelpers.a
LOAD /usr/local/mcuxpressoide-11.4.1_6260/ide/plugins/com.nxp.mcuxpresso.tools.linux_11.4.0.202103011116/tools/bin/../lib/gcc/arm-none-eabi/10.2.1/thumb/v7e-m+fp/hard/libgcc.a
END GROUP
                0x0000000000000000                __base_PROGRAM_FLASH = 0x0
                0x0000000000000000                __base_Flash = 0x0
                0x0000000000200000                __top_PROGRAM_FLASH = 0x200000
                0x0000000000200000                __top_Flash = 0x200000
                0x0000000020000000                __base_SRAM_UPPER = 0x20000000
                0x0000000020000000                __base_RAM = 0x20000000
                0x0000000020030000                __top_SRAM_UPPER = 0x20030000
                0x0000000020030000                __top_RAM = 0x20030000
                0x000000001fff0000                __base_SRAM_LOWER = 0x1fff0000
                0x000000001fff0000                __base_RAM2 = 0x1fff0000
                0x0000000020000000                __top_SRAM_LOWER = 0x20000000
                0x0000000020000000                __top_RAM2 = 0x20000000
                0x0000000014000000                __base_FLEX_RAM = 0x14000000
                0x0000000014000000                __base_RAM3 = 0x14000000
                0x0000000014001000                __top_FLEX_RAM = 0x14001000
                0x0000000014001000                __top_RAM3 = 0x14001000

.text           0x0000000000000000     0x2b50
 FILL mask 0xff
                0x0000000000000000                __vectors_start__ = ABSOLUTE (.)
 *(SORT_BY_ALIGNMENT(.isr_vector))
 .isr_vector    0x0000000000000000      0x1d0 ./startup/startup_mk66f18.o
                0x0000000000000000                __Vectors
                0x0000000000000000                g_pfnVectors
                0x00000000000001d0                . = ALIGN (0x4)
                0x00000000000001d0                __section_table_start = .
                0x00000000000001d0                __data_section_table = .
                0x00000000000001d0        0x4 LONG 0x2b50 LOADADDR (.data)
                0x00000000000001d4        0x4 LONG 0x20000000 ADDR (.data)
                0x00000000000001d8        0x4 LONG 0x10 SIZEOF (.data)
                0x00000000000001dc        0x4 LONG 0x2b50 LOADADDR (.data_RAM2)
                0x00000000000001e0        0x4 LONG 0x1fff0000 ADDR (.data_RAM2)
                0x00000000000001e4        0x4 LONG 0x0 SIZEOF (.data_RAM2)
                0x00000000000001e8        0x4 LONG 0x2b50 LOADADDR (.data_RAM3)
                0x00000000000001ec        0x4 LONG 0x14000000 ADDR (.data_RAM3)
                0x00000000000001f0        0x4 LONG 0x0 SIZEOF (.data_RAM3)
                0x00000000000001f4                __data_section_table_end = .
                0x00000000000001f4                __bss_section_table = .
                0x00000000000001f4        0x4 LONG 0x20000010 ADDR (.bss)
                0x00000000000001f8        0x4 LONG 0xf0 SIZEOF (.bss)
                0x00000000000001fc        0x4 LONG 0x1fff0000 ADDR (.bss_RAM2)
                0x0000000000000200        0x4 LONG 0x0 SIZEOF (.bss_RAM2)
                0x0000000000000204        0x4 LONG 0x14000000 ADDR (.bss_RAM3)
                0x0000000000000208        0x4 LONG 0x0 SIZEOF (.bss_RAM3)
                0x000000000000020c                __bss_section_table_end = .
                0x000000000000020c                __section_table_end = .
 *(SORT_BY_ALIGNMENT(.after_vectors*))
 .after_vectors.reset
                0x000000000000020c       0x4c ./startup/startup_mk66f18.o
                0x000000000000020c                ResetISR
 .after_vectors.init_data
                0x0000000000000258       0x1e ./startup/startup_mk66f18.o
                0x0000000000000258                data_init
 .after_vectors.init_bss
                0x0000000000000276       0x12 ./startup/startup_mk66f18.o
                0x0000000000000276                bss_init
 .after_vectors
                0x0000000000000288       0x14 ./startup/startup_mk66f18.o
                0x0000000000000288                NMI_Handler
                0x000000000000028c                MemManage_Handler
                0x000000000000028e                BusFault_Handler
                0x0000000000000290                UsageFault_Handler
                0x0000000000000292                SVC_Handler
                0x0000000000000294                DebugMon_Handler
                0x0000000000000296                PendSV_Handler
                0x0000000000000298                SysTick_Handler
                0x000000000000029a                DMA13_DMA29_DriverIRQHandler
                0x000000000000029a                PORTB_DriverIRQHandler
                0x000000000000029a                SPI1_DriverIRQHandler
                0x000000000000029a                LPTMR0_DriverIRQHandler
                0x000000000000029a                DMA_Error_DriverIRQHandler
                0x000000000000029a                FTM1_DriverIRQHandler
                0x000000000000029a                FTM2_DriverIRQHandler
                0x000000000000029a                PIT2_DriverIRQHandler
                0x000000000000029a                TPM2_DriverIRQHandler
                0x000000000000029a                SDHC_DriverIRQHandler
                0x000000000000029a                DMA7_DMA23_DriverIRQHandler
                0x000000000000029a                I2C3_DriverIRQHandler
                0x000000000000029a                I2S0_Tx_DriverIRQHandler
                0x000000000000029a                TSI0_DriverIRQHandler
                0x000000000000029a                RTC_Seconds_DriverIRQHandler
                0x000000000000029a                CMP3_DriverIRQHandler
                0x000000000000029a                LLWU_DriverIRQHandler
                0x000000000000029a                MCM_DriverIRQHandler
                0x000000000000029a                DMA14_DMA30_DriverIRQHandler
                0x000000000000029a                MCG_DriverIRQHandler
                0x000000000000029a                ENET_1588_Timer_DriverIRQHandler
                0x000000000000029a                I2C2_DriverIRQHandler
                0x000000000000029a                DAC1_DriverIRQHandler
                0x000000000000029a                CMP1_DriverIRQHandler
                0x000000000000029a                USBHSDCD_DriverIRQHandler
                0x000000000000029a                DMA0_DMA16_DriverIRQHandler
                0x000000000000029a                FTM0_DriverIRQHandler
                0x000000000000029a                IntDefaultHandler
                0x000000000000029a                USB0_DriverIRQHandler
                0x000000000000029a                PORTC_DriverIRQHandler
                0x000000000000029a                DMA2_DMA18_DriverIRQHandler
                0x000000000000029a                DAC0_DriverIRQHandler
                0x000000000000029a                CMP2_DriverIRQHandler
                0x000000000000029a                UART2_ERR_DriverIRQHandler
                0x000000000000029a                SPI2_DriverIRQHandler
                0x000000000000029a                LVD_LVW_DriverIRQHandler
                0x000000000000029a                Reserved84_DriverIRQHandler
                0x000000000000029a                PIT0_DriverIRQHandler
                0x000000000000029a                RNG_DriverIRQHandler
                0x000000000000029a                USBDCD_DriverIRQHandler
                0x000000000000029a                UART3_ERR_DriverIRQHandler
                0x000000000000029a                DMA12_DMA28_DriverIRQHandler
                0x000000000000029a                DMA10_DMA26_DriverIRQHandler
                0x000000000000029a                UART0_ERR_DriverIRQHandler
                0x000000000000029a                CMT_DriverIRQHandler
                0x000000000000029a                Reserved71_DriverIRQHandler
                0x000000000000029a                ADC1_DriverIRQHandler
                0x000000000000029a                PORTA_DriverIRQHandler
                0x000000000000029a                DMA1_DMA17_DriverIRQHandler
                0x000000000000029a                PIT3_DriverIRQHandler
                0x000000000000029a                PIT1_DriverIRQHandler
                0x000000000000029a                TPM1_DriverIRQHandler
                0x000000000000029a                WDOG_EWM_DriverIRQHandler
                0x000000000000029a                PDB0_DriverIRQHandler
                0x000000000000029a                DMA8_DMA24_DriverIRQHandler
                0x000000000000029a                DMA6_DMA22_DriverIRQHandler
                0x000000000000029a                RTC_DriverIRQHandler
                0x000000000000029a                I2S0_Rx_DriverIRQHandler
                0x000000000000029a                Read_Collision_DriverIRQHandler
                0x000000000000029a                SWI_DriverIRQHandler
                0x000000000000029a                UART4_ERR_DriverIRQHandler
                0x000000000000029a                DMA11_DMA27_DriverIRQHandler
                0x000000000000029a                DMA4_DMA20_DriverIRQHandler
                0x000000000000029a                DMA9_DMA25_DriverIRQHandler
                0x000000000000029a                I2C1_DriverIRQHandler
                0x000000000000029a                ENET_Receive_DriverIRQHandler
                0x000000000000029a                DMA3_DMA19_DriverIRQHandler
                0x000000000000029a                ENET_Error_DriverIRQHandler
                0x000000000000029a                Reserved85_DriverIRQHandler
                0x000000000000029a                SPI0_DriverIRQHandler
                0x000000000000029a                ADC0_DriverIRQHandler
                0x000000000000029a                USBHS_DriverIRQHandler
                0x000000000000029a                CMP0_DriverIRQHandler
                0x000000000000029a                CAN0_DriverIRQHandler
                0x000000000000029a                FTM3_DriverIRQHandler
                0x000000000000029a                DMA5_DMA21_DriverIRQHandler
                0x000000000000029a                DMA15_DMA31_DriverIRQHandler
                0x000000000000029a                UART1_ERR_DriverIRQHandler
                0x000000000000029a                ENET_Transmit_DriverIRQHandler
                0x000000000000029a                PORTD_DriverIRQHandler
                0x000000000000029a                Reserved46_DriverIRQHandler
                0x000000000000029a                PORTE_DriverIRQHandler
                0x000000000000029a                FTFE_DriverIRQHandler
                0x000000000000029a                I2C0_DriverIRQHandler
                0x000000000000029a                CAN1_DriverIRQHandler
                0x0000000000000400                . = 0x400
 *fill*         0x000000000000029c      0x164 ff
                0x0000000000000400                PROVIDE (__FLASH_CONFIG_START__ = .)
 *(SORT_BY_ALIGNMENT(.FlashConfig))
 .FlashConfig   0x0000000000000400       0x10 ./startup/startup_mk66f18.o
                0x0000000000000400                Flash_Config
                0x0000000000000410                PROVIDE (__FLASH_CONFIG_END__ = .)
                0x0000000000000001                ASSERT (! ((__FLASH_CONFIG_START__ == __FLASH_CONFIG_END__)), Linker Flash Config Support Enabled, but no .FlashConfig section provided within application)
 *(SORT_BY_ALIGNMENT(.text*))
 .text.__assertion_failed
                0x0000000000000410       0x18 ./utilities/fsl_assert.o
                0x0000000000000410                __assertion_failed
 .text.delay    0x0000000000000428       0x34 ./source/gpio_led_output.o
                0x0000000000000428                delay
 .text.main     0x000000000000045c       0xa8 ./source/gpio_led_output.o
                0x000000000000045c                main
 .text.CLOCK_SetEr32kClock
                0x0000000000000504       0x30 ./drivers/fsl_clock.o
 .text.CLOCK_SetPllFllSelClock
                0x0000000000000534       0x54 ./drivers/fsl_clock.o
 .text.CLOCK_GetMcgExtClkFreq
                0x0000000000000588       0x7c ./drivers/fsl_clock.o
 .text.CLOCK_GetFllExtRefClkFreq
                0x0000000000000604       0xb0 ./drivers/fsl_clock.o
 .text.CLOCK_GetInternalRefClkSelectFreq
                0x00000000000006b4       0x4c ./drivers/fsl_clock.o
 .text.CLOCK_GetFllRefClkFreq
                0x0000000000000700       0x34 ./drivers/fsl_clock.o
 .text.CLOCK_GetOscRangeFromFreq
                0x0000000000000734       0x3c ./drivers/fsl_clock.o
 .text.CLOCK_GetCoreSysClkFreq
                0x0000000000000770       0x28 ./drivers/fsl_clock.o
                0x0000000000000770                CLOCK_GetCoreSysClkFreq
 .text.CLOCK_SetSimConfig
                0x0000000000000798       0x40 ./drivers/fsl_clock.o
                0x0000000000000798                CLOCK_SetSimConfig
 .text.CLOCK_GetOutClkFreq
                0x00000000000007d8       0x90 ./drivers/fsl_clock.o
                0x00000000000007d8                CLOCK_GetOutClkFreq
 .text.CLOCK_GetFllFreq
                0x0000000000000868       0x84 ./drivers/fsl_clock.o
                0x0000000000000868                CLOCK_GetFllFreq
 .text.CLOCK_GetPll0Freq
                0x00000000000008ec       0x7c ./drivers/fsl_clock.o
                0x00000000000008ec                CLOCK_GetPll0Freq
 .text.CLOCK_GetExtPllFreq
                0x0000000000000968       0x18 ./drivers/fsl_clock.o
                0x0000000000000968                CLOCK_GetExtPllFreq
 .text.CLOCK_SetExternalRefClkConfig
                0x0000000000000980       0x6c ./drivers/fsl_clock.o
                0x0000000000000980                CLOCK_SetExternalRefClkConfig
 .text.CLOCK_SetInternalRefClkConfig
                0x00000000000009ec      0x104 ./drivers/fsl_clock.o
                0x00000000000009ec                CLOCK_SetInternalRefClkConfig
 .text.CLOCK_EnablePll0
                0x0000000000000af0       0x88 ./drivers/fsl_clock.o
                0x0000000000000af0                CLOCK_EnablePll0
 .text.CLOCK_InitOsc0
                0x0000000000000b78       0x8c ./drivers/fsl_clock.o
                0x0000000000000b78                CLOCK_InitOsc0
 .text.CLOCK_SetPbeMode
                0x0000000000000c04       0xe8 ./drivers/fsl_clock.o
                0x0000000000000c04                CLOCK_SetPbeMode
 .text.CLOCK_BootToPeeMode
                0x0000000000000cec       0x68 ./drivers/fsl_clock.o
                0x0000000000000cec                CLOCK_BootToPeeMode
 .text.LPUART0_DriverIRQHandler
                0x0000000000000d54       0x28 ./drivers/fsl_lpuart.o
                0x0000000000000d54                LPUART0_DriverIRQHandler
 .text.UART0_DriverIRQHandler
                0x0000000000000d7c       0x28 ./drivers/fsl_uart.o
                0x0000000000000d7c                UART0_DriverIRQHandler
 .text.UART1_DriverIRQHandler
                0x0000000000000da4       0x28 ./drivers/fsl_uart.o
                0x0000000000000da4                UART1_DriverIRQHandler
 .text.UART2_DriverIRQHandler
                0x0000000000000dcc       0x28 ./drivers/fsl_uart.o
                0x0000000000000dcc                UART2_DriverIRQHandler
 .text.UART3_DriverIRQHandler
                0x0000000000000df4       0x28 ./drivers/fsl_uart.o
                0x0000000000000df4                UART3_DriverIRQHandler
 .text.UART4_DriverIRQHandler
                0x0000000000000e1c       0x28 ./drivers/fsl_uart.o
                0x0000000000000e1c                UART4_DriverIRQHandler
 .text.SystemInit
                0x0000000000000e44       0x3c ./device/system_MK66F18.o
                0x0000000000000e44                SystemInit
 .text.CLOCK_SetSimSafeDivs
                0x0000000000000e80       0x24 ./board/clock_config.o
 .text.CLOCK_SetXtal0Freq
                0x0000000000000ea4       0x20 ./board/clock_config.o
 .text.CLOCK_CONFIG_SetFllExtRefDiv
                0x0000000000000ec4       0x3c ./board/clock_config.o
 .text.BOARD_BootClockRUN
                0x0000000000000f00       0x60 ./board/clock_config.o
                0x0000000000000f00                BOARD_BootClockRUN
 .text.BOARD_InitPins
                0x0000000000000f60       0x44 ./board/pin_mux.o
                0x0000000000000f60                BOARD_InitPins
 .text.malloc   0x0000000000000fa4       0xc8 /usr/local/mcuxpressoide-11.4.1_6260/ide/plugins/com.nxp.mcuxpresso.tools.linux_11.4.0.202103011116/tools/bin/../lib/gcc/arm-none-eabi/10.2.1/../../../../arm-none-eabi/lib/thumb/v7e-m+fp/hard/libcr_c.a(alloc.o)
                0x0000000000000fa4                malloc
 .text._Csys_alloc
                0x000000000000106c       0x20 /usr/local/mcuxpressoide-11.4.1_6260/ide/plugins/com.nxp.mcuxpresso.tools.linux_11.4.0.202103011116/tools/bin/../lib/gcc/arm-none-eabi/10.2.1/../../../../arm-none-eabi/lib/thumb/v7e-m+fp/hard/libcr_c.a(alloc.o)
                0x000000000000106c                _Csys_alloc
 .text._initio  0x000000000000108c       0x78 /usr/local/mcuxpressoide-11.4.1_6260/ide/plugins/com.nxp.mcuxpresso.tools.linux_11.4.0.202103011116/tools/bin/../lib/gcc/arm-none-eabi/10.2.1/../../../../arm-none-eabi/lib/thumb/v7e-m+fp/hard/libcr_c.a(initio.o)
                0x000000000000108c                _initio
 .text.__vfprintf
                0x0000000000001104      0xbf4 /usr/local/mcuxpressoide-11.4.1_6260/ide/plugins/com.nxp.mcuxpresso.tools.linux_11.4.0.202103011116/tools/bin/../lib/gcc/arm-none-eabi/10.2.1/../../../../arm-none-eabi/lib/thumb/v7e-m+fp/hard/libcr_c.a(printf.o)
                0x0000000000001104                __vfprintf
 .text._vsnprintf
                0x0000000000001cf8       0x68 /usr/local/mcuxpressoide-11.4.1_6260/ide/plugins/com.nxp.mcuxpresso.tools.linux_11.4.0.202103011116/tools/bin/../lib/gcc/arm-none-eabi/10.2.1/../../../../arm-none-eabi/lib/thumb/v7e-m+fp/hard/libcr_c.a(printf.o)
                0x0000000000001cf8                _vsnprintf
 .text._printf  0x0000000000001d60       0x54 /usr/local/mcuxpressoide-11.4.1_6260/ide/plugins/com.nxp.mcuxpresso.tools.linux_11.4.0.202103011116/tools/bin/../lib/gcc/arm-none-eabi/10.2.1/../../../../arm-none-eabi/lib/thumb/v7e-m+fp/hard/libcr_c.a(printf.o)
                0x0000000000001d60                _printf
 .text._sbrk    0x0000000000001db4       0x3c /usr/local/mcuxpressoide-11.4.1_6260/ide/plugins/com.nxp.mcuxpresso.tools.linux_11.4.0.202103011116/tools/bin/../lib/gcc/arm-none-eabi/10.2.1/../../../../arm-none-eabi/lib/thumb/v7e-m+fp/hard/libcr_c.a(_cr_sbrk.o)
                0x0000000000001db4                _sbrk
 .text._Cwritebuf
                0x0000000000001df0       0x6c /usr/local/mcuxpressoide-11.4.1_6260/ide/plugins/com.nxp.mcuxpresso.tools.linux_11.4.0.202103011116/tools/bin/../lib/gcc/arm-none-eabi/10.2.1/../../../../arm-none-eabi/lib/thumb/v7e-m+fp/hard/libcr_c.a(_writebuf.o)
                0x0000000000001df0                _Cwritebuf
 .text.fflush   0x0000000000001e5c       0x3c /usr/local/mcuxpressoide-11.4.1_6260/ide/plugins/com.nxp.mcuxpresso.tools.linux_11.4.0.202103011116/tools/bin/../lib/gcc/arm-none-eabi/10.2.1/../../../../arm-none-eabi/lib/thumb/v7e-m+fp/hard/libcr_c.a(fflush.o)
                0x0000000000001e5c                fflush
 .text.fseek    0x0000000000001e98      0x100 /usr/local/mcuxpressoide-11.4.1_6260/ide/plugins/com.nxp.mcuxpresso.tools.linux_11.4.0.202103011116/tools/bin/../lib/gcc/arm-none-eabi/10.2.1/../../../../arm-none-eabi/lib/thumb/v7e-m+fp/hard/libcr_c.a(fseek.o)
                0x0000000000001e98                fseek
 .text.ftell    0x0000000000001f98       0x44 /usr/local/mcuxpressoide-11.4.1_6260/ide/plugins/com.nxp.mcuxpresso.tools.linux_11.4.0.202103011116/tools/bin/../lib/gcc/arm-none-eabi/10.2.1/../../../../arm-none-eabi/lib/thumb/v7e-m+fp/hard/libcr_c.a(ftell.o)
                0x0000000000001f98                ftell
 .text.__check_heap_overflow
                0x0000000000001fdc       0x18 /usr/local/mcuxpressoide-11.4.1_6260/ide/plugins/com.nxp.mcuxpresso.tools.linux_11.4.0.202103011116/tools/bin/../lib/gcc/arm-none-eabi/10.2.1/../../../../arm-none-eabi/lib/thumb/v7e-m+fp/hard/libcr_c.a(_cr_check_heap.o)
                0x0000000000001fdc                __check_heap_overflow
 .text.__sys_appexit
                0x0000000000001ff4        0xc /usr/local/mcuxpressoide-11.4.1_6260/ide/plugins/com.nxp.mcuxpresso.tools.linux_11.4.0.202103011116/tools/bin/../lib/gcc/arm-none-eabi/10.2.1/../../../../arm-none-eabi/lib/thumb/v7e-m+fp/hard/libcr_semihost_nf.a(__sys_appexit.o)
                0x0000000000001ff4                __exit
                0x0000000000001ff4                __sys_appexit
 .text.DMA0_DMA16_IRQHandler
                0x0000000000002000        0x8 ./startup/startup_mk66f18.o
                0x0000000000002000                DMA0_DMA16_IRQHandler
 .text.DMA1_DMA17_IRQHandler
                0x0000000000002008        0x8 ./startup/startup_mk66f18.o
                0x0000000000002008                DMA1_DMA17_IRQHandler
 .text.DMA2_DMA18_IRQHandler
                0x0000000000002010        0x8 ./startup/startup_mk66f18.o
                0x0000000000002010                DMA2_DMA18_IRQHandler
 .text.DMA3_DMA19_IRQHandler
                0x0000000000002018        0x8 ./startup/startup_mk66f18.o
                0x0000000000002018                DMA3_DMA19_IRQHandler
 .text.DMA4_DMA20_IRQHandler
                0x0000000000002020        0x8 ./startup/startup_mk66f18.o
                0x0000000000002020                DMA4_DMA20_IRQHandler
 .text.DMA5_DMA21_IRQHandler
                0x0000000000002028        0x8 ./startup/startup_mk66f18.o
                0x0000000000002028                DMA5_DMA21_IRQHandler
 .text.DMA6_DMA22_IRQHandler
                0x0000000000002030        0x8 ./startup/startup_mk66f18.o
                0x0000000000002030                DMA6_DMA22_IRQHandler
 .text.DMA7_DMA23_IRQHandler
                0x0000000000002038        0x8 ./startup/startup_mk66f18.o
                0x0000000000002038                DMA7_DMA23_IRQHandler
 .text.DMA8_DMA24_IRQHandler
                0x0000000000002040        0x8 ./startup/startup_mk66f18.o
                0x0000000000002040                DMA8_DMA24_IRQHandler
 .text.DMA9_DMA25_IRQHandler
                0x0000000000002048        0x8 ./startup/startup_mk66f18.o
                0x0000000000002048                DMA9_DMA25_IRQHandler
 .text.DMA10_DMA26_IRQHandler
                0x0000000000002050        0x8 ./startup/startup_mk66f18.o
                0x0000000000002050                DMA10_DMA26_IRQHandler
 .text.DMA11_DMA27_IRQHandler
                0x0000000000002058        0x8 ./startup/startup_mk66f18.o
                0x0000000000002058                DMA11_DMA27_IRQHandler
 .text.DMA12_DMA28_IRQHandler
                0x0000000000002060        0x8 ./startup/startup_mk66f18.o
                0x0000000000002060                DMA12_DMA28_IRQHandler
 .text.DMA13_DMA29_IRQHandler
                0x0000000000002068        0x8 ./startup/startup_mk66f18.o
                0x0000000000002068                DMA13_DMA29_IRQHandler
 .text.DMA14_DMA30_IRQHandler
                0x0000000000002070        0x8 ./startup/startup_mk66f18.o
                0x0000000000002070                DMA14_DMA30_IRQHandler
 .text.DMA15_DMA31_IRQHandler
                0x0000000000002078        0x8 ./startup/startup_mk66f18.o
                0x0000000000002078                DMA15_DMA31_IRQHandler
 .text.DMA_Error_IRQHandler
                0x0000000000002080        0x8 ./startup/startup_mk66f18.o
                0x0000000000002080                DMA_Error_IRQHandler
 .text.MCM_IRQHandler
                0x0000000000002088        0x8 ./startup/startup_mk66f18.o
                0x0000000000002088                MCM_IRQHandler
 .text.FTFE_IRQHandler
                0x0000000000002090        0x8 ./startup/startup_mk66f18.o
                0x0000000000002090                FTFE_IRQHandler
 .text.Read_Collision_IRQHandler
                0x0000000000002098        0x8 ./startup/startup_mk66f18.o
                0x0000000000002098                Read_Collision_IRQHandler
 .text.LVD_LVW_IRQHandler
                0x00000000000020a0        0x8 ./startup/startup_mk66f18.o
                0x00000000000020a0                LVD_LVW_IRQHandler
 .text.LLWU_IRQHandler
                0x00000000000020a8        0x8 ./startup/startup_mk66f18.o
                0x00000000000020a8                LLWU_IRQHandler
 .text.WDOG_EWM_IRQHandler
                0x00000000000020b0        0x8 ./startup/startup_mk66f18.o
                0x00000000000020b0                WDOG_EWM_IRQHandler
 .text.RNG_IRQHandler
                0x00000000000020b8        0x8 ./startup/startup_mk66f18.o
                0x00000000000020b8                RNG_IRQHandler
 .text.I2C0_IRQHandler
                0x00000000000020c0        0x8 ./startup/startup_mk66f18.o
                0x00000000000020c0                I2C0_IRQHandler
 .text.I2C1_IRQHandler
                0x00000000000020c8        0x8 ./startup/startup_mk66f18.o
                0x00000000000020c8                I2C1_IRQHandler
 .text.SPI0_IRQHandler
                0x00000000000020d0        0x8 ./startup/startup_mk66f18.o
                0x00000000000020d0                SPI0_IRQHandler
 .text.SPI1_IRQHandler
                0x00000000000020d8        0x8 ./startup/startup_mk66f18.o
                0x00000000000020d8                SPI1_IRQHandler
 .text.I2S0_Tx_IRQHandler
                0x00000000000020e0        0x8 ./startup/startup_mk66f18.o
                0x00000000000020e0                I2S0_Tx_IRQHandler
 .text.I2S0_Rx_IRQHandler
                0x00000000000020e8        0x8 ./startup/startup_mk66f18.o
                0x00000000000020e8                I2S0_Rx_IRQHandler
 .text.Reserved46_IRQHandler
                0x00000000000020f0        0x8 ./startup/startup_mk66f18.o
                0x00000000000020f0                Reserved46_IRQHandler
 .text.UART0_RX_TX_IRQHandler
                0x00000000000020f8        0x8 ./startup/startup_mk66f18.o
                0x00000000000020f8                UART0_RX_TX_IRQHandler
 .text.UART0_ERR_IRQHandler
                0x0000000000002100        0x8 ./startup/startup_mk66f18.o
                0x0000000000002100                UART0_ERR_IRQHandler
 .text.UART1_RX_TX_IRQHandler
                0x0000000000002108        0x8 ./startup/startup_mk66f18.o
                0x0000000000002108                UART1_RX_TX_IRQHandler
 .text.UART1_ERR_IRQHandler
                0x0000000000002110        0x8 ./startup/startup_mk66f18.o
                0x0000000000002110                UART1_ERR_IRQHandler
 .text.UART2_RX_TX_IRQHandler
                0x0000000000002118        0x8 ./startup/startup_mk66f18.o
                0x0000000000002118                UART2_RX_TX_IRQHandler
 .text.UART2_ERR_IRQHandler
                0x0000000000002120        0x8 ./startup/startup_mk66f18.o
                0x0000000000002120                UART2_ERR_IRQHandler
 .text.UART3_RX_TX_IRQHandler
                0x0000000000002128        0x8 ./startup/startup_mk66f18.o
                0x0000000000002128                UART3_RX_TX_IRQHandler
 .text.UART3_ERR_IRQHandler
                0x0000000000002130        0x8 ./startup/startup_mk66f18.o
                0x0000000000002130                UART3_ERR_IRQHandler
 .text.ADC0_IRQHandler
                0x0000000000002138        0x8 ./startup/startup_mk66f18.o
                0x0000000000002138                ADC0_IRQHandler
 .text.CMP0_IRQHandler
                0x0000000000002140        0x8 ./startup/startup_mk66f18.o
                0x0000000000002140                CMP0_IRQHandler
 .text.CMP1_IRQHandler
                0x0000000000002148        0x8 ./startup/startup_mk66f18.o
                0x0000000000002148                CMP1_IRQHandler
 .text.FTM0_IRQHandler
                0x0000000000002150        0x8 ./startup/startup_mk66f18.o
                0x0000000000002150                FTM0_IRQHandler
 .text.FTM1_IRQHandler
                0x0000000000002158        0x8 ./startup/startup_mk66f18.o
                0x0000000000002158                FTM1_IRQHandler
 .text.FTM2_IRQHandler
                0x0000000000002160        0x8 ./startup/startup_mk66f18.o
                0x0000000000002160                FTM2_IRQHandler
 .text.CMT_IRQHandler
                0x0000000000002168        0x8 ./startup/startup_mk66f18.o
                0x0000000000002168                CMT_IRQHandler
 .text.RTC_IRQHandler
                0x0000000000002170        0x8 ./startup/startup_mk66f18.o
                0x0000000000002170                RTC_IRQHandler
 .text.RTC_Seconds_IRQHandler
                0x0000000000002178        0x8 ./startup/startup_mk66f18.o
                0x0000000000002178                RTC_Seconds_IRQHandler
 .text.PIT0_IRQHandler
                0x0000000000002180        0x8 ./startup/startup_mk66f18.o
                0x0000000000002180                PIT0_IRQHandler
 .text.PIT1_IRQHandler
                0x0000000000002188        0x8 ./startup/startup_mk66f18.o
                0x0000000000002188                PIT1_IRQHandler
 .text.PIT2_IRQHandler
                0x0000000000002190        0x8 ./startup/startup_mk66f18.o
                0x0000000000002190                PIT2_IRQHandler
 .text.PIT3_IRQHandler
                0x0000000000002198        0x8 ./startup/startup_mk66f18.o
                0x0000000000002198                PIT3_IRQHandler
 .text.PDB0_IRQHandler
                0x00000000000021a0        0x8 ./startup/startup_mk66f18.o
                0x00000000000021a0                PDB0_IRQHandler
 .text.USB0_IRQHandler
                0x00000000000021a8        0x8 ./startup/startup_mk66f18.o
                0x00000000000021a8                USB0_IRQHandler
 .text.USBDCD_IRQHandler
                0x00000000000021b0        0x8 ./startup/startup_mk66f18.o
                0x00000000000021b0                USBDCD_IRQHandler
 .text.Reserved71_IRQHandler
                0x00000000000021b8        0x8 ./startup/startup_mk66f18.o
                0x00000000000021b8                Reserved71_IRQHandler
 .text.DAC0_IRQHandler
                0x00000000000021c0        0x8 ./startup/startup_mk66f18.o
                0x00000000000021c0                DAC0_IRQHandler
 .text.MCG_IRQHandler
                0x00000000000021c8        0x8 ./startup/startup_mk66f18.o
                0x00000000000021c8                MCG_IRQHandler
 .text.LPTMR0_IRQHandler
                0x00000000000021d0        0x8 ./startup/startup_mk66f18.o
                0x00000000000021d0                LPTMR0_IRQHandler
 .text.PORTA_IRQHandler
                0x00000000000021d8        0x8 ./startup/startup_mk66f18.o
                0x00000000000021d8                PORTA_IRQHandler
 .text.PORTB_IRQHandler
                0x00000000000021e0        0x8 ./startup/startup_mk66f18.o
                0x00000000000021e0                PORTB_IRQHandler
 .text.PORTC_IRQHandler
                0x00000000000021e8        0x8 ./startup/startup_mk66f18.o
                0x00000000000021e8                PORTC_IRQHandler
 .text.PORTD_IRQHandler
                0x00000000000021f0        0x8 ./startup/startup_mk66f18.o
                0x00000000000021f0                PORTD_IRQHandler
 .text.PORTE_IRQHandler
                0x00000000000021f8        0x8 ./startup/startup_mk66f18.o
                0x00000000000021f8                PORTE_IRQHandler
 .text.SWI_IRQHandler
                0x0000000000002200        0x8 ./startup/startup_mk66f18.o
                0x0000000000002200                SWI_IRQHandler
 .text.SPI2_IRQHandler
                0x0000000000002208        0x8 ./startup/startup_mk66f18.o
                0x0000000000002208                SPI2_IRQHandler
 .text.UART4_RX_TX_IRQHandler
                0x0000000000002210        0x8 ./startup/startup_mk66f18.o
                0x0000000000002210                UART4_RX_TX_IRQHandler
 .text.UART4_ERR_IRQHandler
                0x0000000000002218        0x8 ./startup/startup_mk66f18.o
                0x0000000000002218                UART4_ERR_IRQHandler
 .text.Reserved84_IRQHandler
                0x0000000000002220        0x8 ./startup/startup_mk66f18.o
                0x0000000000002220                Reserved84_IRQHandler
 .text.Reserved85_IRQHandler
                0x0000000000002228        0x8 ./startup/startup_mk66f18.o
                0x0000000000002228                Reserved85_IRQHandler
 .text.CMP2_IRQHandler
                0x0000000000002230        0x8 ./startup/startup_mk66f18.o
                0x0000000000002230                CMP2_IRQHandler
 .text.FTM3_IRQHandler
                0x0000000000002238        0x8 ./startup/startup_mk66f18.o
                0x0000000000002238                FTM3_IRQHandler
 .text.DAC1_IRQHandler
                0x0000000000002240        0x8 ./startup/startup_mk66f18.o
                0x0000000000002240                DAC1_IRQHandler
 .text.ADC1_IRQHandler
                0x0000000000002248        0x8 ./startup/startup_mk66f18.o
                0x0000000000002248                ADC1_IRQHandler
 .text.I2C2_IRQHandler
                0x0000000000002250        0x8 ./startup/startup_mk66f18.o
                0x0000000000002250                I2C2_IRQHandler
 .text.CAN0_ORed_Message_buffer_IRQHandler
                0x0000000000002258        0x8 ./startup/startup_mk66f18.o
                0x0000000000002258                CAN0_ORed_Message_buffer_IRQHandler
 .text.CAN0_Bus_Off_IRQHandler
                0x0000000000002260        0x8 ./startup/startup_mk66f18.o
                0x0000000000002260                CAN0_Bus_Off_IRQHandler
 .text.CAN0_Error_IRQHandler
                0x0000000000002268        0x8 ./startup/startup_mk66f18.o
                0x0000000000002268                CAN0_Error_IRQHandler
 .text.CAN0_Tx_Warning_IRQHandler
                0x0000000000002270        0x8 ./startup/startup_mk66f18.o
                0x0000000000002270                CAN0_Tx_Warning_IRQHandler
 .text.CAN0_Rx_Warning_IRQHandler
                0x0000000000002278        0x8 ./startup/startup_mk66f18.o
                0x0000000000002278                CAN0_Rx_Warning_IRQHandler
 .text.CAN0_Wake_Up_IRQHandler
                0x0000000000002280        0x8 ./startup/startup_mk66f18.o
                0x0000000000002280                CAN0_Wake_Up_IRQHandler
 .text.SDHC_IRQHandler
                0x0000000000002288        0x8 ./startup/startup_mk66f18.o
                0x0000000000002288                SDHC_IRQHandler
 .text.ENET_1588_Timer_IRQHandler
                0x0000000000002290        0x8 ./startup/startup_mk66f18.o
                0x0000000000002290                ENET_1588_Timer_IRQHandler
 .text.ENET_Transmit_IRQHandler
                0x0000000000002298        0x8 ./startup/startup_mk66f18.o
                0x0000000000002298                ENET_Transmit_IRQHandler
 .text.ENET_Receive_IRQHandler
                0x00000000000022a0        0x8 ./startup/startup_mk66f18.o
                0x00000000000022a0                ENET_Receive_IRQHandler
 .text.ENET_Error_IRQHandler
                0x00000000000022a8        0x8 ./startup/startup_mk66f18.o
                0x00000000000022a8                ENET_Error_IRQHandler
 .text.LPUART0_IRQHandler
                0x00000000000022b0        0x8 ./startup/startup_mk66f18.o
                0x00000000000022b0                LPUART0_IRQHandler
 .text.TSI0_IRQHandler
                0x00000000000022b8        0x8 ./startup/startup_mk66f18.o
                0x00000000000022b8                TSI0_IRQHandler
 .text.TPM1_IRQHandler
                0x00000000000022c0        0x8 ./startup/startup_mk66f18.o
                0x00000000000022c0                TPM1_IRQHandler
 .text.TPM2_IRQHandler
                0x00000000000022c8        0x8 ./startup/startup_mk66f18.o
                0x00000000000022c8                TPM2_IRQHandler
 .text.USBHSDCD_IRQHandler
                0x00000000000022d0        0x8 ./startup/startup_mk66f18.o
                0x00000000000022d0                USBHSDCD_IRQHandler
 .text.I2C3_IRQHandler
                0x00000000000022d8        0x8 ./startup/startup_mk66f18.o
                0x00000000000022d8                I2C3_IRQHandler
 .text.CMP3_IRQHandler
                0x00000000000022e0        0x8 ./startup/startup_mk66f18.o
                0x00000000000022e0                CMP3_IRQHandler
 .text.USBHS_IRQHandler
                0x00000000000022e8        0x8 ./startup/startup_mk66f18.o
                0x00000000000022e8                USBHS_IRQHandler
 .text.CAN1_ORed_Message_buffer_IRQHandler
                0x00000000000022f0        0x8 ./startup/startup_mk66f18.o
                0x00000000000022f0                CAN1_ORed_Message_buffer_IRQHandler
 .text.CAN1_Bus_Off_IRQHandler
                0x00000000000022f8        0x8 ./startup/startup_mk66f18.o
                0x00000000000022f8                CAN1_Bus_Off_IRQHandler
 .text.CAN1_Error_IRQHandler
                0x0000000000002300        0x8 ./startup/startup_mk66f18.o
                0x0000000000002300                CAN1_Error_IRQHandler
 .text.CAN1_Tx_Warning_IRQHandler
                0x0000000000002308        0x8 ./startup/startup_mk66f18.o
                0x0000000000002308                CAN1_Tx_Warning_IRQHandler
 .text.CAN1_Rx_Warning_IRQHandler
                0x0000000000002310        0x8 ./startup/startup_mk66f18.o
                0x0000000000002310                CAN1_Rx_Warning_IRQHandler
 .text.CAN1_Wake_Up_IRQHandler
                0x0000000000002318        0x8 ./startup/startup_mk66f18.o
                0x0000000000002318                CAN1_Wake_Up_IRQHandler
 .text.ky_GPIO_PinInit
                0x0000000000002320       0x4e ./source/gpio.o
                0x0000000000002320                ky_GPIO_PinInit
 .text.ky_GPIO_PortSet
                0x000000000000236e       0x1c ./source/gpio.o
                0x000000000000236e                ky_GPIO_PortSet
 .text.ky_GPIO_PortClear
                0x000000000000238a       0x1c ./source/gpio.o
                0x000000000000238a                ky_GPIO_PortClear
 .text.HardFault_Handler
                0x00000000000023a6       0x2c ./source/semihost_hardfault.o
                0x00000000000023a6                HardFault_Handler
 .text.OSC_SetExtRefClkConfig
                0x00000000000023d2       0x40 ./drivers/fsl_clock.o
 .text.OSC_SetCapLoad
                0x0000000000002412       0x34 ./drivers/fsl_clock.o
 .text.CLOCK_GetPll0RefFreq
                0x0000000000002446        0xe ./drivers/fsl_clock.o
 .text.UART0_RX_TX_DriverIRQHandler
                0x0000000000002454       0x12 ./drivers/fsl_uart.o
                0x0000000000002454                UART0_RX_TX_DriverIRQHandler
 .text.UART1_RX_TX_DriverIRQHandler
                0x0000000000002466       0x12 ./drivers/fsl_uart.o
                0x0000000000002466                UART1_RX_TX_DriverIRQHandler
 .text.UART2_RX_TX_DriverIRQHandler
                0x0000000000002478       0x12 ./drivers/fsl_uart.o
                0x0000000000002478                UART2_RX_TX_DriverIRQHandler
 .text.UART3_RX_TX_DriverIRQHandler
                0x000000000000248a       0x12 ./drivers/fsl_uart.o
                0x000000000000248a                UART3_RX_TX_DriverIRQHandler
 .text.UART4_RX_TX_DriverIRQHandler
                0x000000000000249c       0x12 ./drivers/fsl_uart.o
                0x000000000000249c                UART4_RX_TX_DriverIRQHandler
 .text.SystemInitHook
                0x00000000000024ae        0xe ./device/system_MK66F18.o
                0x00000000000024ae                SystemInitHook
 .text.DbgConsole_Init
                0x00000000000024bc       0x20 ./board/board.o
 .text.BOARD_InitDebugConsole
                0x00000000000024dc       0x22 ./board/board.o
                0x00000000000024dc                BOARD_InitDebugConsole
 .text.BOARD_InitBootClocks
                0x00000000000024fe        0xc ./board/clock_config.o
                0x00000000000024fe                BOARD_InitBootClocks
 .text.CLOCK_EnableClock
                0x000000000000250a       0x34 ./board/pin_mux.o
 .text.PORT_SetPinMux
                0x000000000000253e       0x3a ./board/pin_mux.o
 .text.BOARD_InitBootPins
                0x0000000000002578        0xc ./board/pin_mux.o
                0x0000000000002578                BOARD_InitBootPins
 .text.__main   0x0000000000002584        0xe /usr/local/mcuxpressoide-11.4.1_6260/ide/plugins/com.nxp.mcuxpresso.tools.linux_11.4.0.202103011116/tools/bin/../lib/gcc/arm-none-eabi/10.2.1/../../../../arm-none-eabi/lib/thumb/v7e-m+fp/hard/libcr_semihost_nf.a(_cr__main.o)
                0x0000000000002584                __main
                0x0000000000002584                __CR_SEMIHOST
 .text.memset   0x0000000000002592        0x4 /usr/local/mcuxpressoide-11.4.1_6260/ide/plugins/com.nxp.mcuxpresso.tools.linux_11.4.0.202103011116/tools/bin/../lib/gcc/arm-none-eabi/10.2.1/../../../../arm-none-eabi/lib/thumb/v7e-m+fp/hard/libcr_c.a(memset.o)
                0x0000000000002592                memset
 .text.free     0x0000000000002596       0x30 /usr/local/mcuxpressoide-11.4.1_6260/ide/plugins/com.nxp.mcuxpresso.tools.linux_11.4.0.202103011116/tools/bin/../lib/gcc/arm-none-eabi/10.2.1/../../../../arm-none-eabi/lib/thumb/v7e-m+fp/hard/libcr_c.a(alloc.o)
                0x0000000000002596                free
 .text.no_fp_display
                0x00000000000025c6        0x4 /usr/local/mcuxpressoide-11.4.1_6260/ide/plugins/com.nxp.mcuxpresso.tools.linux_11.4.0.202103011116/tools/bin/../lib/gcc/arm-none-eabi/10.2.1/../../../../arm-none-eabi/lib/thumb/v7e-m+fp/hard/libcr_c.a(printf.o)
 .text.setvbuf  0x00000000000025ca       0x3e /usr/local/mcuxpressoide-11.4.1_6260/ide/plugins/com.nxp.mcuxpresso.tools.linux_11.4.0.202103011116/tools/bin/../lib/gcc/arm-none-eabi/10.2.1/../../../../arm-none-eabi/lib/thumb/v7e-m+fp/hard/libcr_c.a(setvbuf.o)
                0x00000000000025ca                setvbuf
 .text.strlen   0x0000000000002608       0x48 /usr/local/mcuxpressoide-11.4.1_6260/ide/plugins/com.nxp.mcuxpresso.tools.linux_11.4.0.202103011116/tools/bin/../lib/gcc/arm-none-eabi/10.2.1/../../../../arm-none-eabi/lib/thumb/v7e-m+fp/hard/libcr_c.a(strlen.o)
                0x0000000000002608                strlen
 .text._deferredlazyseek
                0x0000000000002650       0x40 /usr/local/mcuxpressoide-11.4.1_6260/ide/plugins/com.nxp.mcuxpresso.tools.linux_11.4.0.202103011116/tools/bin/../lib/gcc/arm-none-eabi/10.2.1/../../../../arm-none-eabi/lib/thumb/v7e-m+fp/hard/libcr_c.a(_deferredlazyseek.o)
                0x0000000000002650                _deferredlazyseek
 .text.__flsbuf
                0x0000000000002690      0x140 /usr/local/mcuxpressoide-11.4.1_6260/ide/plugins/com.nxp.mcuxpresso.tools.linux_11.4.0.202103011116/tools/bin/../lib/gcc/arm-none-eabi/10.2.1/../../../../arm-none-eabi/lib/thumb/v7e-m+fp/hard/libcr_c.a(_deferredlazyseek.o)
                0x0000000000002690                __flsbuf
 .text._fdopen  0x00000000000027d0       0x68 /usr/local/mcuxpressoide-11.4.1_6260/ide/plugins/com.nxp.mcuxpresso.tools.linux_11.4.0.202103011116/tools/bin/../lib/gcc/arm-none-eabi/10.2.1/../../../../arm-none-eabi/lib/thumb/v7e-m+fp/hard/libcr_c.a(_fdopen.o)
                0x00000000000027d0                _fdopen
 .text._fflush  0x0000000000002838       0x52 /usr/local/mcuxpressoide-11.4.1_6260/ide/plugins/com.nxp.mcuxpresso.tools.linux_11.4.0.202103011116/tools/bin/../lib/gcc/arm-none-eabi/10.2.1/../../../../arm-none-eabi/lib/thumb/v7e-m+fp/hard/libcr_c.a(_fflush.o)
                0x0000000000002838                _fflush
 .text.fclose   0x000000000000288a       0x58 /usr/local/mcuxpressoide-11.4.1_6260/ide/plugins/com.nxp.mcuxpresso.tools.linux_11.4.0.202103011116/tools/bin/../lib/gcc/arm-none-eabi/10.2.1/../../../../arm-none-eabi/lib/thumb/v7e-m+fp/hard/libcr_c.a(fclose.o)
                0x000000000000288a                fclose
 .text.remove   0x00000000000028e2       0x14 /usr/local/mcuxpressoide-11.4.1_6260/ide/plugins/com.nxp.mcuxpresso.tools.linux_11.4.0.202103011116/tools/bin/../lib/gcc/arm-none-eabi/10.2.1/../../../../arm-none-eabi/lib/thumb/v7e-m+fp/hard/libcr_c.a(remove.o)
                0x00000000000028e2                remove
 .text._do_fflush
                0x00000000000028f6       0x40 /usr/local/mcuxpressoide-11.4.1_6260/ide/plugins/com.nxp.mcuxpresso.tools.linux_11.4.0.202103011116/tools/bin/../lib/gcc/arm-none-eabi/10.2.1/../../../../arm-none-eabi/lib/thumb/v7e-m+fp/hard/libcr_c.a(_do_fflush.o)
                0x00000000000028f6                _do_fflush
 .text.__aeabi_memset_lowlevel
                0x0000000000002936       0x32 /usr/local/mcuxpressoide-11.4.1_6260/ide/plugins/com.nxp.mcuxpresso.tools.linux_11.4.0.202103011116/tools/bin/../lib/gcc/arm-none-eabi/10.2.1/thumb/v7e-m+fp/hard/libcr_eabihelpers.a(memcpy.o)
                0x0000000000002936                __aeabi_lowlevel_memset
 .text.__sys_close
                0x0000000000002968        0xc /usr/local/mcuxpressoide-11.4.1_6260/ide/plugins/com.nxp.mcuxpresso.tools.linux_11.4.0.202103011116/tools/bin/../lib/gcc/arm-none-eabi/10.2.1/../../../../arm-none-eabi/lib/thumb/v7e-m+fp/hard/libcr_semihost_nf.a(__sys_close.o)
                0x0000000000002968                __sys_close
 .text.__sys_flen
                0x0000000000002974        0xc /usr/local/mcuxpressoide-11.4.1_6260/ide/plugins/com.nxp.mcuxpresso.tools.linux_11.4.0.202103011116/tools/bin/../lib/gcc/arm-none-eabi/10.2.1/../../../../arm-none-eabi/lib/thumb/v7e-m+fp/hard/libcr_semihost_nf.a(__sys_flen.o)
                0x0000000000002974                __sys_flen
 .text.__sys_istty
                0x0000000000002980        0xc /usr/local/mcuxpressoide-11.4.1_6260/ide/plugins/com.nxp.mcuxpresso.tools.linux_11.4.0.202103011116/tools/bin/../lib/gcc/arm-none-eabi/10.2.1/../../../../arm-none-eabi/lib/thumb/v7e-m+fp/hard/libcr_semihost_nf.a(__sys_istty.o)
                0x0000000000002980                __sys_istty
 .text.__sys_remove
                0x000000000000298c        0xc /usr/local/mcuxpressoide-11.4.1_6260/ide/plugins/com.nxp.mcuxpresso.tools.linux_11.4.0.202103011116/tools/bin/../lib/gcc/arm-none-eabi/10.2.1/../../../../arm-none-eabi/lib/thumb/v7e-m+fp/hard/libcr_semihost_nf.a(__sys_remove.o)
                0x000000000000298c                __sys_remove
 .text.__sys_seek
                0x0000000000002998        0xc /usr/local/mcuxpressoide-11.4.1_6260/ide/plugins/com.nxp.mcuxpresso.tools.linux_11.4.0.202103011116/tools/bin/../lib/gcc/arm-none-eabi/10.2.1/../../../../arm-none-eabi/lib/thumb/v7e-m+fp/hard/libcr_semihost_nf.a(__sys_seek.o)
                0x0000000000002998                __sys_seek
 .text.__sys_tmpnam
                0x00000000000029a4        0xc /usr/local/mcuxpressoide-11.4.1_6260/ide/plugins/com.nxp.mcuxpresso.tools.linux_11.4.0.202103011116/tools/bin/../lib/gcc/arm-none-eabi/10.2.1/../../../../arm-none-eabi/lib/thumb/v7e-m+fp/hard/libcr_semihost_nf.a(__sys_tmpnam.o)
                0x00000000000029a4                __sys_tmpnam
 .text.__sys_write
                0x00000000000029b0        0xc /usr/local/mcuxpressoide-11.4.1_6260/ide/plugins/com.nxp.mcuxpresso.tools.linux_11.4.0.202103011116/tools/bin/../lib/gcc/arm-none-eabi/10.2.1/../../../../arm-none-eabi/lib/thumb/v7e-m+fp/hard/libcr_semihost_nf.a(__sys_write.o)
                0x00000000000029b0                __sys_write
 *(SORT_BY_ALIGNMENT(.rodata) SORT_BY_ALIGNMENT(.rodata.*) SORT_BY_ALIGNMENT(.constdata) SORT_BY_ALIGNMENT(.constdata.*))
 .rodata.__assertion_failed.str1.4
                0x00000000000029bc       0x14 ./utilities/fsl_assert.o
 .rodata.main.str1.4
                0x00000000000029d0       0x36 ./source/gpio_led_output.o
 *fill*         0x0000000000002a06        0x2 ff
 .rodata.CLOCK_GetMcgExtClkFreq.str1.4
                0x0000000000002a08       0x4e ./drivers/fsl_clock.o
 *fill*         0x0000000000002a56        0x2 ff
 .rodata.CLOCK_GetPll0Freq.str1.4
                0x0000000000002a58       0x1e ./drivers/fsl_clock.o
 *fill*         0x0000000000002a76        0x2 ff
 .rodata.CLOCK_EnablePll0.str1.4
                0x0000000000002a78       0x1b ./drivers/fsl_clock.o
 *fill*         0x0000000000002a93        0x1 ff
 .rodata.CLOCK_SetPbeMode.str1.4
                0x0000000000002a94       0x1b ./drivers/fsl_clock.o
 *fill*         0x0000000000002aaf        0x1 ff
 .rodata.CLOCK_BootToPeeMode.str1.4
                0x0000000000002ab0       0x1b ./drivers/fsl_clock.o
 *fill*         0x0000000000002acb        0x1 ff
 .rodata.fllFactorTable.1
                0x0000000000002acc       0x10 ./drivers/fsl_clock.o
 .rodata.mcgConfig_BOARD_BootClockRUN
                0x0000000000002adc        0xc ./board/clock_config.o
                0x0000000000002adc                mcgConfig_BOARD_BootClockRUN
 .rodata.simConfig_BOARD_BootClockRUN
                0x0000000000002ae8        0x8 ./board/clock_config.o
                0x0000000000002ae8                simConfig_BOARD_BootClockRUN
 .rodata.oscConfig_BOARD_BootClockRUN
                0x0000000000002af0        0x8 ./board/clock_config.o
                0x0000000000002af0                oscConfig_BOARD_BootClockRUN
 .rodata.__num_Ciob_streams
                0x0000000000002af8        0x4 /usr/local/mcuxpressoide-11.4.1_6260/ide/plugins/com.nxp.mcuxpresso.tools.linux_11.4.0.202103011116/tools/bin/../lib/gcc/arm-none-eabi/10.2.1/../../../../arm-none-eabi/lib/thumb/v7e-m+fp/hard/libcr_semihost_nf.a(__ciob.o)
                0x0000000000002af8                __num_Ciob_streams
 .rodata._Csys_alloc.str1.1
                0x0000000000002afc       0x18 /usr/local/mcuxpressoide-11.4.1_6260/ide/plugins/com.nxp.mcuxpresso.tools.linux_11.4.0.202103011116/tools/bin/../lib/gcc/arm-none-eabi/10.2.1/../../../../arm-none-eabi/lib/thumb/v7e-m+fp/hard/libcr_c.a(alloc.o)
 .rodata._initio.str1.1
                0x0000000000002b14        0x4 /usr/local/mcuxpressoide-11.4.1_6260/ide/plugins/com.nxp.mcuxpresso.tools.linux_11.4.0.202103011116/tools/bin/../lib/gcc/arm-none-eabi/10.2.1/../../../../arm-none-eabi/lib/thumb/v7e-m+fp/hard/libcr_c.a(initio.o)
 .rodata.__vfprintf.str1.1
                0x0000000000002b18       0x37 /usr/local/mcuxpressoide-11.4.1_6260/ide/plugins/com.nxp.mcuxpresso.tools.linux_11.4.0.202103011116/tools/bin/../lib/gcc/arm-none-eabi/10.2.1/../../../../arm-none-eabi/lib/thumb/v7e-m+fp/hard/libcr_c.a(printf.o)
                                         0x38 (size before relaxing)
                0x0000000000002b50                . = ALIGN (0x8)
 *fill*         0x0000000000002b4f        0x1 ff

.glue_7         0x0000000000002b50        0x0
 .glue_7        0x0000000000002b50        0x0 linker stubs

.glue_7t        0x0000000000002b50        0x0
 .glue_7t       0x0000000000002b50        0x0 linker stubs

.vfp11_veneer   0x0000000000002b50        0x0
 .vfp11_veneer  0x0000000000002b50        0x0 linker stubs

.v4_bx          0x0000000000002b50        0x0
 .v4_bx         0x0000000000002b50        0x0 linker stubs

.iplt           0x0000000000002b50        0x0
 .iplt          0x0000000000002b50        0x0 ./utilities/fsl_assert.o

.rel.dyn        0x0000000000002b50        0x0
 .rel.iplt      0x0000000000002b50        0x0 ./utilities/fsl_assert.o

.ARM.extab
 *(SORT_BY_ALIGNMENT(.ARM.extab*) SORT_BY_ALIGNMENT(.gnu.linkonce.armextab.*))

.ARM.exidx      0x0000000000002b50        0x0
                0x0000000000002b50                __exidx_start = .
 *(SORT_BY_ALIGNMENT(.ARM.exidx*) SORT_BY_ALIGNMENT(.gnu.linkonce.armexidx.*))
                0x0000000000002b50                __exidx_end = .
                0x0000000000002b50                _etext = .

.m_usb_data
 *(SORT_BY_ALIGNMENT(m_usb_bdt))

.data_RAM2      0x000000001fff0000        0x0 load address 0x0000000000002b50
 FILL mask 0xff
                [!provide]                        PROVIDE (__start_data_RAM2 = .)
                [!provide]                        PROVIDE (__start_data_SRAM_LOWER = .)
 *(SORT_BY_ALIGNMENT(.ramfunc.$RAM2))
 *(SORT_BY_ALIGNMENT(.ramfunc.$SRAM_LOWER))
 *(SORT_BY_ALIGNMENT(NonCacheable.init))
 *(SORT_BY_ALIGNMENT(.data.$RAM2))
 *(SORT_BY_ALIGNMENT(.data.$SRAM_LOWER))
 *(SORT_BY_ALIGNMENT(.data.$RAM2.*))
 *(SORT_BY_ALIGNMENT(.data.$SRAM_LOWER.*))
                0x000000001fff0000                . = ALIGN (0x8)
                [!provide]                        PROVIDE (__end_data_RAM2 = .)
                [!provide]                        PROVIDE (__end_data_SRAM_LOWER = .)

.data_RAM3      0x0000000014000000        0x0 load address 0x0000000000002b50
 FILL mask 0xff
                [!provide]                        PROVIDE (__start_data_RAM3 = .)
                [!provide]                        PROVIDE (__start_data_FLEX_RAM = .)
 *(SORT_BY_ALIGNMENT(.ramfunc.$RAM3))
 *(SORT_BY_ALIGNMENT(.ramfunc.$FLEX_RAM))
 *(SORT_BY_ALIGNMENT(.data.$RAM3))
 *(SORT_BY_ALIGNMENT(.data.$FLEX_RAM))
 *(SORT_BY_ALIGNMENT(.data.$RAM3.*))
 *(SORT_BY_ALIGNMENT(.data.$FLEX_RAM.*))
                0x0000000014000000                . = ALIGN (0x8)
                [!provide]                        PROVIDE (__end_data_RAM3 = .)
                [!provide]                        PROVIDE (__end_data_FLEX_RAM = .)

.uninit_RESERVED
                0x0000000020000000        0x0
                0x0000000020000000                _start_uninit_RESERVED = .
 *(SORT_BY_ALIGNMENT(.bss.$RESERVED*))
                0x0000000020000000                . = ALIGN (0x8)
                0x0000000020000000                _end_uninit_RESERVED = .

.data           0x0000000020000000       0x10 load address 0x0000000000002b50
 FILL mask 0xff
                0x0000000020000000                _data = .
                [!provide]                        PROVIDE (__start_data_RAM = .)
                [!provide]                        PROVIDE (__start_data_SRAM_UPPER = .)
 *(SORT_BY_ALIGNMENT(vtable))
 *(SORT_BY_ALIGNMENT(.ramfunc*))
 *(SORT_BY_ALIGNMENT(CodeQuickAccess))
 *(SORT_BY_ALIGNMENT(DataQuickAccess))
 *(SORT_BY_ALIGNMENT(RamFunction))
 *(SORT_BY_ALIGNMENT(.data*))
 .data.s_slowIrcFreq
                0x0000000020000000        0x4 ./drivers/fsl_clock.o
 .data.s_fastIrcFreq
                0x0000000020000004        0x4 ./drivers/fsl_clock.o
 .data.SystemCoreClock
                0x0000000020000008        0x4 ./device/system_MK66F18.o
                0x0000000020000008                SystemCoreClock
                0x0000000020000010                . = ALIGN (0x8)
 *fill*         0x000000002000000c        0x4 ff
                0x0000000020000010                _edata = .
                [!provide]                        PROVIDE (__end_data_RAM = .)
                [!provide]                        PROVIDE (__end_data_SRAM_UPPER = .)

.igot.plt       0x0000000020000010        0x0 load address 0x0000000000002b60
 .igot.plt      0x0000000020000010        0x0 ./utilities/fsl_assert.o

.bss_RAM2       0x000000001fff0000        0x0
                [!provide]                        PROVIDE (__start_bss_RAM2 = .)
                [!provide]                        PROVIDE (__start_bss_SRAM_LOWER = .)
 *(SORT_BY_ALIGNMENT(NonCacheable))
 *(SORT_BY_ALIGNMENT(.bss.$RAM2))
 *(SORT_BY_ALIGNMENT(.bss.$SRAM_LOWER))
 *(SORT_BY_ALIGNMENT(.bss.$RAM2.*))
 *(SORT_BY_ALIGNMENT(.bss.$SRAM_LOWER.*))
                0x000000001fff0000                . = ALIGN ((. != 0x0)?0x8:0x1)
                [!provide]                        PROVIDE (__end_bss_RAM2 = .)
                [!provide]                        PROVIDE (__end_bss_SRAM_LOWER = .)

.bss_RAM3       0x0000000014000000        0x0
                [!provide]                        PROVIDE (__start_bss_RAM3 = .)
                [!provide]                        PROVIDE (__start_bss_FLEX_RAM = .)
 *(SORT_BY_ALIGNMENT(.bss.$RAM3))
 *(SORT_BY_ALIGNMENT(.bss.$FLEX_RAM))
 *(SORT_BY_ALIGNMENT(.bss.$RAM3.*))
 *(SORT_BY_ALIGNMENT(.bss.$FLEX_RAM.*))
                0x0000000014000000                . = ALIGN ((. != 0x0)?0x8:0x1)
                [!provide]                        PROVIDE (__end_bss_RAM3 = .)
                [!provide]                        PROVIDE (__end_bss_FLEX_RAM = .)

.bss            0x0000000020000010       0xf0
                0x0000000020000010                _bss = .
                [!provide]                        PROVIDE (__start_bss_RAM = .)
                [!provide]                        PROVIDE (__start_bss_SRAM_UPPER = .)
 *(SORT_BY_ALIGNMENT(.bss*))
 .bss.s_extPllFreq
                0x0000000020000010        0x4 ./drivers/fsl_clock.o
 .bss.g_xtal0Freq
                0x0000000020000014        0x4 ./drivers/fsl_clock.o
                0x0000000020000014                g_xtal0Freq
 .bss.g_xtal32Freq
                0x0000000020000018        0x4 ./drivers/fsl_clock.o
                0x0000000020000018                g_xtal32Freq
 .bss.s_lpuartHandle
                0x000000002000001c        0x4 ./drivers/fsl_lpuart.o
                0x000000002000001c                s_lpuartHandle
 .bss.s_lpuartIsr
                0x0000000020000020        0x4 ./drivers/fsl_lpuart.o
                0x0000000020000020                s_lpuartIsr
 .bss.s_uartHandle
                0x0000000020000024       0x14 ./drivers/fsl_uart.o
                0x0000000020000024                s_uartHandle
 .bss.s_uartIsr
                0x0000000020000038        0x4 ./drivers/fsl_uart.o
                0x0000000020000038                s_uartIsr
 .bss.__end_of_heap
                0x000000002000003c        0x4 /usr/local/mcuxpressoide-11.4.1_6260/ide/plugins/com.nxp.mcuxpresso.tools.linux_11.4.0.202103011116/tools/bin/../lib/gcc/arm-none-eabi/10.2.1/../../../../arm-none-eabi/lib/thumb/v7e-m+fp/hard/libcr_c.a(__init_alloc.o)
                0x000000002000003c                __end_of_heap
 .bss.__heaps   0x0000000020000040        0x4 /usr/local/mcuxpressoide-11.4.1_6260/ide/plugins/com.nxp.mcuxpresso.tools.linux_11.4.0.202103011116/tools/bin/../lib/gcc/arm-none-eabi/10.2.1/../../../../arm-none-eabi/lib/thumb/v7e-m+fp/hard/libcr_c.a(__init_alloc.o)
                0x0000000020000040                __heaps
 .bss.errno     0x0000000020000044        0x4 /usr/local/mcuxpressoide-11.4.1_6260/ide/plugins/com.nxp.mcuxpresso.tools.linux_11.4.0.202103011116/tools/bin/../lib/gcc/arm-none-eabi/10.2.1/../../../../arm-none-eabi/lib/thumb/v7e-m+fp/hard/libcr_c.a(errno.o)
                0x0000000020000044                errno
 .bss.__Ciob    0x0000000020000048       0xb4 /usr/local/mcuxpressoide-11.4.1_6260/ide/plugins/com.nxp.mcuxpresso.tools.linux_11.4.0.202103011116/tools/bin/../lib/gcc/arm-none-eabi/10.2.1/../../../../arm-none-eabi/lib/thumb/v7e-m+fp/hard/libcr_semihost_nf.a(__ciob.o)
                0x0000000020000048                __Ciob
 *(SORT_BY_ALIGNMENT(COMMON))
                0x0000000020000100                . = ALIGN (0x8)
 *fill*         0x00000000200000fc        0x4 
                0x0000000020000100                _ebss = .
                [!provide]                        PROVIDE (__end_bss_RAM = .)
                [!provide]                        PROVIDE (__end_bss_SRAM_UPPER = .)
                [!provide]                        PROVIDE (end = .)

.noinit_RAM2    0x000000001fff0000        0x0
                [!provide]                        PROVIDE (__start_noinit_RAM2 = .)
                [!provide]                        PROVIDE (__start_noinit_SRAM_LOWER = .)
 *(SORT_BY_ALIGNMENT(.noinit.$RAM2))
 *(SORT_BY_ALIGNMENT(.noinit.$SRAM_LOWER))
 *(SORT_BY_ALIGNMENT(.noinit.$RAM2.*))
 *(SORT_BY_ALIGNMENT(.noinit.$SRAM_LOWER.*))
                0x000000001fff0000                . = ALIGN (0x8)
                [!provide]                        PROVIDE (__end_noinit_RAM2 = .)
                [!provide]                        PROVIDE (__end_noinit_SRAM_LOWER = .)

.noinit_RAM3    0x0000000014000000        0x0
                [!provide]                        PROVIDE (__start_noinit_RAM3 = .)
                [!provide]                        PROVIDE (__start_noinit_FLEX_RAM = .)
 *(SORT_BY_ALIGNMENT(.noinit.$RAM3))
 *(SORT_BY_ALIGNMENT(.noinit.$FLEX_RAM))
 *(SORT_BY_ALIGNMENT(.noinit.$RAM3.*))
 *(SORT_BY_ALIGNMENT(.noinit.$FLEX_RAM.*))
                0x0000000014000000                . = ALIGN (0x8)
                [!provide]                        PROVIDE (__end_noinit_RAM3 = .)
                [!provide]                        PROVIDE (__end_noinit_FLEX_RAM = .)

.noinit         0x0000000020000100        0x0
                0x0000000020000100                _noinit = .
                [!provide]                        PROVIDE (__start_noinit_RAM = .)
                [!provide]                        PROVIDE (__start_noinit_SRAM_UPPER = .)
 *(SORT_BY_ALIGNMENT(.noinit*))
                0x0000000020000100                . = ALIGN (0x8)
                0x0000000020000100                _end_noinit = .
                [!provide]                        PROVIDE (__end_noinit_RAM = .)
                [!provide]                        PROVIDE (__end_noinit_SRAM_UPPER = .)
                0x0000000000001000                _HeapSize = 0x1000

.heap           0x0000000020000100     0x1000
                0x0000000020000100                _pvHeapStart = .
                0x0000000020001100                . = (. + _HeapSize)
 *fill*         0x0000000020000100     0x1000 
                0x0000000020001100                . = ALIGN (0x8)
                0x0000000020001100                _pvHeapLimit = .
                0x0000000000001000                _StackSize = 0x1000

.heap2stackfill
                0x0000000020001100     0x1000
                0x0000000020002100                . = (. + _StackSize)
 *fill*         0x0000000020001100     0x1000 

.stack          0x000000002002f000        0x0
                0x000000002002f000                _vStackBase = .
                0x000000002002f000                . = ALIGN (0x8)
                0x0000000020030000                _vStackTop = (. + _StackSize)
                0x0000000000000000                _image_start = LOADADDR (.text)
                0x0000000000002b60                _image_end = (LOADADDR (.data) + SIZEOF (.data))
                0x0000000000002b60                _image_size = (_image_end - _image_start)
OUTPUT(experiment_3.axf elf32-littlearm)
LOAD linker stubs

.debug_info     0x0000000000000000     0x936f
 .debug_info    0x0000000000000000       0xaa ./utilities/fsl_assert.o
 .debug_info    0x00000000000000aa      0xa44 ./startup/startup_mk66f18.o
 .debug_info    0x0000000000000aee      0x145 ./source/gpio.o
 .debug_info    0x0000000000000c33      0x1a1 ./source/gpio_led_output.o
 .debug_info    0x0000000000000dd4       0x3c ./source/semihost_hardfault.o
 .debug_info    0x0000000000000e10     0x2938 ./drivers/fsl_clock.o
 .debug_info    0x0000000000003748     0x1e2f ./drivers/fsl_lpuart.o
 .debug_info    0x0000000000005577     0x2086 ./drivers/fsl_uart.o
 .debug_info    0x00000000000075fd      0xa4e ./device/system_MK66F18.o
 .debug_info    0x000000000000804b      0x18a ./board/board.o
 .debug_info    0x00000000000081d5      0xcec ./board/clock_config.o
 .debug_info    0x0000000000008ec1      0x4ae ./board/pin_mux.o

.debug_abbrev   0x0000000000000000     0x14d4
 .debug_abbrev  0x0000000000000000       0x66 ./utilities/fsl_assert.o
 .debug_abbrev  0x0000000000000066      0x185 ./startup/startup_mk66f18.o
 .debug_abbrev  0x00000000000001eb       0xb2 ./source/gpio.o
 .debug_abbrev  0x000000000000029d       0xec ./source/gpio_led_output.o
 .debug_abbrev  0x0000000000000389       0x31 ./source/semihost_hardfault.o
 .debug_abbrev  0x00000000000003ba      0x362 ./drivers/fsl_clock.o
 .debug_abbrev  0x000000000000071c      0x410 ./drivers/fsl_lpuart.o
 .debug_abbrev  0x0000000000000b2c      0x42e ./drivers/fsl_uart.o
 .debug_abbrev  0x0000000000000f5a      0x148 ./device/system_MK66F18.o
 .debug_abbrev  0x00000000000010a2       0xc5 ./board/board.o
 .debug_abbrev  0x0000000000001167      0x214 ./board/clock_config.o
 .debug_abbrev  0x000000000000137b      0x159 ./board/pin_mux.o

.debug_aranges  0x0000000000000000      0xa60
 .debug_aranges
                0x0000000000000000       0x20 ./utilities/fsl_assert.o
 .debug_aranges
                0x0000000000000020      0x3a0 ./startup/startup_mk66f18.o
 .debug_aranges
                0x00000000000003c0       0x30 ./source/gpio.o
 .debug_aranges
                0x00000000000003f0       0x28 ./source/gpio_led_output.o
 .debug_aranges
                0x0000000000000418       0x20 ./source/semihost_hardfault.o
 .debug_aranges
                0x0000000000000438      0x258 ./drivers/fsl_clock.o
 .debug_aranges
                0x0000000000000690      0x138 ./drivers/fsl_lpuart.o
 .debug_aranges
                0x00000000000007c8      0x1a8 ./drivers/fsl_uart.o
 .debug_aranges
                0x0000000000000970       0x30 ./device/system_MK66F18.o
 .debug_aranges
                0x00000000000009a0       0x28 ./board/board.o
 .debug_aranges
                0x00000000000009c8       0x60 ./board/clock_config.o
 .debug_aranges
                0x0000000000000a28       0x38 ./board/pin_mux.o

.debug_ranges   0x0000000000000000      0x9a0
 .debug_ranges  0x0000000000000000       0x10 ./utilities/fsl_assert.o
 .debug_ranges  0x0000000000000010      0x390 ./startup/startup_mk66f18.o
 .debug_ranges  0x00000000000003a0       0x20 ./source/gpio.o
 .debug_ranges  0x00000000000003c0       0x18 ./source/gpio_led_output.o
 .debug_ranges  0x00000000000003d8       0x10 ./source/semihost_hardfault.o
 .debug_ranges  0x00000000000003e8      0x248 ./drivers/fsl_clock.o
 .debug_ranges  0x0000000000000630      0x128 ./drivers/fsl_lpuart.o
 .debug_ranges  0x0000000000000758      0x198 ./drivers/fsl_uart.o
 .debug_ranges  0x00000000000008f0       0x20 ./device/system_MK66F18.o
 .debug_ranges  0x0000000000000910       0x18 ./board/board.o
 .debug_ranges  0x0000000000000928       0x50 ./board/clock_config.o
 .debug_ranges  0x0000000000000978       0x28 ./board/pin_mux.o

.debug_macro    0x0000000000000000    0x1ac58
 .debug_macro   0x0000000000000000      0x12d ./utilities/fsl_assert.o
 .debug_macro   0x000000000000012d      0xab4 ./utilities/fsl_assert.o
 .debug_macro   0x0000000000000be1       0x10 ./utilities/fsl_assert.o
 .debug_macro   0x0000000000000bf1       0x1c ./utilities/fsl_assert.o
 .debug_macro   0x0000000000000c0d       0x22 ./utilities/fsl_assert.o
 .debug_macro   0x0000000000000c2f      0x12e ./utilities/fsl_assert.o
 .debug_macro   0x0000000000000d5d      0x5b3 ./utilities/fsl_assert.o
 .debug_macro   0x0000000000001310       0x22 ./utilities/fsl_assert.o
 .debug_macro   0x0000000000001332       0x10 ./utilities/fsl_assert.o
 .debug_macro   0x0000000000001342       0x56 ./utilities/fsl_assert.o
 .debug_macro   0x0000000000001398       0x1c ./utilities/fsl_assert.o
 .debug_macro   0x00000000000013b4       0x22 ./utilities/fsl_assert.o
 .debug_macro   0x00000000000013d6       0xfb ./utilities/fsl_assert.o
 .debug_macro   0x00000000000014d1      0xeeb ./utilities/fsl_assert.o
 .debug_macro   0x00000000000023bc       0x40 ./utilities/fsl_assert.o
 .debug_macro   0x00000000000023fc    0x1626f ./utilities/fsl_assert.o
 .debug_macro   0x000000000001866b     0x149b ./utilities/fsl_assert.o
 .debug_macro   0x0000000000019b06       0x7a ./utilities/fsl_assert.o
 .debug_macro   0x0000000000019b80       0xa8 ./utilities/fsl_assert.o
 .debug_macro   0x0000000000019c28      0x190 ./utilities/fsl_assert.o
 .debug_macro   0x0000000000019db8       0x1c ./utilities/fsl_assert.o
 .debug_macro   0x0000000000019dd4       0xd2 ./utilities/fsl_assert.o
 .debug_macro   0x0000000000019ea6       0x2e ./utilities/fsl_assert.o
 .debug_macro   0x0000000000019ed4       0x29 ./startup/startup_mk66f18.o
 .debug_macro   0x0000000000019efd       0x1a ./source/gpio.o
 .debug_macro   0x0000000000019f17       0x3a ./source/gpio.o
 .debug_macro   0x0000000000019f51      0x197 ./source/gpio_led_output.o
 .debug_macro   0x000000000001a0e8       0x10 ./source/gpio_led_output.o
 .debug_macro   0x000000000001a0f8       0x1c ./source/gpio_led_output.o
 .debug_macro   0x000000000001a114       0x16 ./source/gpio_led_output.o
 .debug_macro   0x000000000001a12a       0x16 ./source/gpio_led_output.o
 .debug_macro   0x000000000001a140      0x24f ./source/gpio_led_output.o
 .debug_macro   0x000000000001a38f       0x11 ./source/semihost_hardfault.o
 .debug_macro   0x000000000001a3a0      0x1e4 ./drivers/fsl_clock.o
 .debug_macro   0x000000000001a584      0x121 ./drivers/fsl_lpuart.o
 .debug_macro   0x000000000001a6a5       0x10 ./drivers/fsl_lpuart.o
 .debug_macro   0x000000000001a6b5      0x127 ./drivers/fsl_uart.o
 .debug_macro   0x000000000001a7dc       0x10 ./drivers/fsl_uart.o
 .debug_macro   0x000000000001a7ec       0x98 ./device/system_MK66F18.o
 .debug_macro   0x000000000001a884      0x163 ./board/board.o
 .debug_macro   0x000000000001a9e7      0x153 ./board/clock_config.o
 .debug_macro   0x000000000001ab3a      0x11e ./board/pin_mux.o

.debug_line     0x0000000000000000     0x6122
 .debug_line    0x0000000000000000      0x38c ./utilities/fsl_assert.o
 .debug_line    0x000000000000038c      0xa61 ./startup/startup_mk66f18.o
 .debug_line    0x0000000000000ded       0x96 ./source/gpio.o
 .debug_line    0x0000000000000e83      0x4f7 ./source/gpio_led_output.o
 .debug_line    0x000000000000137a       0x59 ./source/semihost_hardfault.o
 .debug_line    0x00000000000013d3     0x1835 ./drivers/fsl_clock.o
 .debug_line    0x0000000000002c08      0xfd9 ./drivers/fsl_lpuart.o
 .debug_line    0x0000000000003be1     0x1466 ./drivers/fsl_uart.o
 .debug_line    0x0000000000005047      0x430 ./device/system_MK66F18.o
 .debug_line    0x0000000000005477      0x420 ./board/board.o
 .debug_line    0x0000000000005897      0x4a5 ./board/clock_config.o
 .debug_line    0x0000000000005d3c      0x3e6 ./board/pin_mux.o

.debug_str      0x0000000000000000    0xbc00c
 .debug_str     0x0000000000000000    0xb4e3d ./utilities/fsl_assert.o
                                      0xb4f25 (size before relaxing)
 .debug_str     0x00000000000b4e3d      0x959 ./startup/startup_mk66f18.o
                                       0x37bb (size before relaxing)
 .debug_str     0x00000000000b5796      0x189 ./source/gpio.o
                                       0x2f3d (size before relaxing)
 .debug_str     0x00000000000b591f     0x1133 ./source/gpio_led_output.o
                                      0xb615d (size before relaxing)
 .debug_str     0x00000000000b6a52       0x1f ./source/semihost_hardfault.o
                                       0x2dd7 (size before relaxing)
 .debug_str     0x00000000000b6a71     0x2e23 ./drivers/fsl_clock.o
                                      0xb7a01 (size before relaxing)
 .debug_str     0x00000000000b9894     0x1629 ./drivers/fsl_lpuart.o
                                      0xb6ee2 (size before relaxing)
 .debug_str     0x00000000000baebd      0x9d7 ./drivers/fsl_uart.o
                                      0xb6e53 (size before relaxing)
 .debug_str     0x00000000000bb894      0x127 ./device/system_MK66F18.o
                                      0xb350a (size before relaxing)
 .debug_str     0x00000000000bb9bb       0x98 ./board/board.o
                                      0xb5ff1 (size before relaxing)
 .debug_str     0x00000000000bba53      0x442 ./board/clock_config.o
                                      0xb5dba (size before relaxing)
 .debug_str     0x00000000000bbe95      0x177 ./board/pin_mux.o
                                      0xb50a0 (size before relaxing)

.comment        0x0000000000000000       0x4d
 .comment       0x0000000000000000       0x4d ./utilities/fsl_assert.o
                                         0x4e (size before relaxing)
 .comment       0x000000000000004d       0x4e ./startup/startup_mk66f18.o
 .comment       0x000000000000004d       0x4e ./source/gpio.o
 .comment       0x000000000000004d       0x4e ./source/gpio_led_output.o
 .comment       0x000000000000004d       0x4e ./source/semihost_hardfault.o
 .comment       0x000000000000004d       0x4e ./drivers/fsl_clock.o
 .comment       0x000000000000004d       0x4e ./drivers/fsl_lpuart.o
 .comment       0x000000000000004d       0x4e ./drivers/fsl_uart.o
 .comment       0x000000000000004d       0x4e ./device/system_MK66F18.o
 .comment       0x000000000000004d       0x4e ./board/board.o
 .comment       0x000000000000004d       0x4e ./board/clock_config.o
 .comment       0x000000000000004d       0x4e ./board/pin_mux.o
 .comment       0x000000000000004d       0x4e /usr/local/mcuxpressoide-11.4.1_6260/ide/plugins/com.nxp.mcuxpresso.tools.linux_11.4.0.202103011116/tools/bin/../lib/gcc/arm-none-eabi/10.2.1/../../../../arm-none-eabi/lib/thumb/v7e-m+fp/hard/libcr_semihost_nf.a(_cr__main.o)
 .comment       0x000000000000004d       0x4e /usr/local/mcuxpressoide-11.4.1_6260/ide/plugins/com.nxp.mcuxpresso.tools.linux_11.4.0.202103011116/tools/bin/../lib/gcc/arm-none-eabi/10.2.1/../../../../arm-none-eabi/lib/thumb/v7e-m+fp/hard/libcr_c.a(memset.o)
 .comment       0x000000000000004d       0x4e /usr/local/mcuxpressoide-11.4.1_6260/ide/plugins/com.nxp.mcuxpresso.tools.linux_11.4.0.202103011116/tools/bin/../lib/gcc/arm-none-eabi/10.2.1/../../../../arm-none-eabi/lib/thumb/v7e-m+fp/hard/libcr_c.a(alloc.o)
 .comment       0x000000000000004d       0x4e /usr/local/mcuxpressoide-11.4.1_6260/ide/plugins/com.nxp.mcuxpresso.tools.linux_11.4.0.202103011116/tools/bin/../lib/gcc/arm-none-eabi/10.2.1/../../../../arm-none-eabi/lib/thumb/v7e-m+fp/hard/libcr_c.a(initio.o)
 .comment       0x000000000000004d       0x4e /usr/local/mcuxpressoide-11.4.1_6260/ide/plugins/com.nxp.mcuxpresso.tools.linux_11.4.0.202103011116/tools/bin/../lib/gcc/arm-none-eabi/10.2.1/../../../../arm-none-eabi/lib/thumb/v7e-m+fp/hard/libcr_c.a(printf.o)
 .comment       0x000000000000004d       0x4e /usr/local/mcuxpressoide-11.4.1_6260/ide/plugins/com.nxp.mcuxpresso.tools.linux_11.4.0.202103011116/tools/bin/../lib/gcc/arm-none-eabi/10.2.1/../../../../arm-none-eabi/lib/thumb/v7e-m+fp/hard/libcr_c.a(setvbuf.o)
 .comment       0x000000000000004d       0x4e /usr/local/mcuxpressoide-11.4.1_6260/ide/plugins/com.nxp.mcuxpresso.tools.linux_11.4.0.202103011116/tools/bin/../lib/gcc/arm-none-eabi/10.2.1/../../../../arm-none-eabi/lib/thumb/v7e-m+fp/hard/libcr_c.a(strlen.o)
 .comment       0x000000000000004d       0x4e /usr/local/mcuxpressoide-11.4.1_6260/ide/plugins/com.nxp.mcuxpresso.tools.linux_11.4.0.202103011116/tools/bin/../lib/gcc/arm-none-eabi/10.2.1/../../../../arm-none-eabi/lib/thumb/v7e-m+fp/hard/libcr_c.a(__init_alloc.o)
 .comment       0x000000000000004d       0x4e /usr/local/mcuxpressoide-11.4.1_6260/ide/plugins/com.nxp.mcuxpresso.tools.linux_11.4.0.202103011116/tools/bin/../lib/gcc/arm-none-eabi/10.2.1/../../../../arm-none-eabi/lib/thumb/v7e-m+fp/hard/libcr_c.a(_cr_sbrk.o)
 .comment       0x000000000000004d       0x4e /usr/local/mcuxpressoide-11.4.1_6260/ide/plugins/com.nxp.mcuxpresso.tools.linux_11.4.0.202103011116/tools/bin/../lib/gcc/arm-none-eabi/10.2.1/../../../../arm-none-eabi/lib/thumb/v7e-m+fp/hard/libcr_c.a(_deferredlazyseek.o)
 .comment       0x000000000000004d       0x4e /usr/local/mcuxpressoide-11.4.1_6260/ide/plugins/com.nxp.mcuxpresso.tools.linux_11.4.0.202103011116/tools/bin/../lib/gcc/arm-none-eabi/10.2.1/../../../../arm-none-eabi/lib/thumb/v7e-m+fp/hard/libcr_c.a(_fdopen.o)
 .comment       0x000000000000004d       0x4e /usr/local/mcuxpressoide-11.4.1_6260/ide/plugins/com.nxp.mcuxpresso.tools.linux_11.4.0.202103011116/tools/bin/../lib/gcc/arm-none-eabi/10.2.1/../../../../arm-none-eabi/lib/thumb/v7e-m+fp/hard/libcr_c.a(_fflush.o)
 .comment       0x000000000000004d       0x4e /usr/local/mcuxpressoide-11.4.1_6260/ide/plugins/com.nxp.mcuxpresso.tools.linux_11.4.0.202103011116/tools/bin/../lib/gcc/arm-none-eabi/10.2.1/../../../../arm-none-eabi/lib/thumb/v7e-m+fp/hard/libcr_c.a(_writebuf.o)
 .comment       0x000000000000004d       0x4e /usr/local/mcuxpressoide-11.4.1_6260/ide/plugins/com.nxp.mcuxpresso.tools.linux_11.4.0.202103011116/tools/bin/../lib/gcc/arm-none-eabi/10.2.1/../../../../arm-none-eabi/lib/thumb/v7e-m+fp/hard/libcr_c.a(errno.o)
 .comment       0x000000000000004d       0x4e /usr/local/mcuxpressoide-11.4.1_6260/ide/plugins/com.nxp.mcuxpresso.tools.linux_11.4.0.202103011116/tools/bin/../lib/gcc/arm-none-eabi/10.2.1/../../../../arm-none-eabi/lib/thumb/v7e-m+fp/hard/libcr_c.a(fclose.o)
 .comment       0x000000000000004d       0x4e /usr/local/mcuxpressoide-11.4.1_6260/ide/plugins/com.nxp.mcuxpresso.tools.linux_11.4.0.202103011116/tools/bin/../lib/gcc/arm-none-eabi/10.2.1/../../../../arm-none-eabi/lib/thumb/v7e-m+fp/hard/libcr_c.a(fflush.o)
 .comment       0x000000000000004d       0x4e /usr/local/mcuxpressoide-11.4.1_6260/ide/plugins/com.nxp.mcuxpresso.tools.linux_11.4.0.202103011116/tools/bin/../lib/gcc/arm-none-eabi/10.2.1/../../../../arm-none-eabi/lib/thumb/v7e-m+fp/hard/libcr_c.a(fseek.o)
 .comment       0x000000000000004d       0x4e /usr/local/mcuxpressoide-11.4.1_6260/ide/plugins/com.nxp.mcuxpresso.tools.linux_11.4.0.202103011116/tools/bin/../lib/gcc/arm-none-eabi/10.2.1/../../../../arm-none-eabi/lib/thumb/v7e-m+fp/hard/libcr_c.a(ftell.o)
 .comment       0x000000000000004d       0x4e /usr/local/mcuxpressoide-11.4.1_6260/ide/plugins/com.nxp.mcuxpresso.tools.linux_11.4.0.202103011116/tools/bin/../lib/gcc/arm-none-eabi/10.2.1/../../../../arm-none-eabi/lib/thumb/v7e-m+fp/hard/libcr_c.a(remove.o)
 .comment       0x000000000000004d       0x4e /usr/local/mcuxpressoide-11.4.1_6260/ide/plugins/com.nxp.mcuxpresso.tools.linux_11.4.0.202103011116/tools/bin/../lib/gcc/arm-none-eabi/10.2.1/../../../../arm-none-eabi/lib/thumb/v7e-m+fp/hard/libcr_c.a(_cr_check_heap.o)
 .comment       0x000000000000004d       0x4e /usr/local/mcuxpressoide-11.4.1_6260/ide/plugins/com.nxp.mcuxpresso.tools.linux_11.4.0.202103011116/tools/bin/../lib/gcc/arm-none-eabi/10.2.1/../../../../arm-none-eabi/lib/thumb/v7e-m+fp/hard/libcr_c.a(_do_fflush.o)
 .comment       0x000000000000004d       0x4e /usr/local/mcuxpressoide-11.4.1_6260/ide/plugins/com.nxp.mcuxpresso.tools.linux_11.4.0.202103011116/tools/bin/../lib/gcc/arm-none-eabi/10.2.1/../../../../arm-none-eabi/lib/thumb/v7e-m+fp/hard/libcr_semihost_nf.a(__ciob.o)

.ARM.attributes
                0x0000000000000000       0x32
 .ARM.attributes
                0x0000000000000000       0x34 ./utilities/fsl_assert.o
 .ARM.attributes
                0x0000000000000034       0x34 ./startup/startup_mk66f18.o
 .ARM.attributes
                0x0000000000000068       0x34 ./source/gpio.o
 .ARM.attributes
                0x000000000000009c       0x34 ./source/gpio_led_output.o
 .ARM.attributes
                0x00000000000000d0       0x34 ./source/semihost_hardfault.o
 .ARM.attributes
                0x0000000000000104       0x34 ./drivers/fsl_clock.o
 .ARM.attributes
                0x0000000000000138       0x34 ./drivers/fsl_lpuart.o
 .ARM.attributes
                0x000000000000016c       0x34 ./drivers/fsl_uart.o
 .ARM.attributes
                0x00000000000001a0       0x34 ./device/system_MK66F18.o
 .ARM.attributes
                0x00000000000001d4       0x34 ./board/board.o
 .ARM.attributes
                0x0000000000000208       0x34 ./board/clock_config.o
 .ARM.attributes
                0x000000000000023c       0x34 ./board/pin_mux.o
 .ARM.attributes
                0x0000000000000270       0x34 /usr/local/mcuxpressoide-11.4.1_6260/ide/plugins/com.nxp.mcuxpresso.tools.linux_11.4.0.202103011116/tools/bin/../lib/gcc/arm-none-eabi/10.2.1/../../../../arm-none-eabi/lib/thumb/v7e-m+fp/hard/libcr_semihost_nf.a(_cr__main.o)
 .ARM.attributes
                0x00000000000002a4       0x34 /usr/local/mcuxpressoide-11.4.1_6260/ide/plugins/com.nxp.mcuxpresso.tools.linux_11.4.0.202103011116/tools/bin/../lib/gcc/arm-none-eabi/10.2.1/../../../../arm-none-eabi/lib/thumb/v7e-m+fp/hard/libcr_c.a(memset.o)
 .ARM.attributes
                0x00000000000002d8       0x34 /usr/local/mcuxpressoide-11.4.1_6260/ide/plugins/com.nxp.mcuxpresso.tools.linux_11.4.0.202103011116/tools/bin/../lib/gcc/arm-none-eabi/10.2.1/../../../../arm-none-eabi/lib/thumb/v7e-m+fp/hard/libcr_c.a(alloc.o)
 .ARM.attributes
                0x000000000000030c       0x34 /usr/local/mcuxpressoide-11.4.1_6260/ide/plugins/com.nxp.mcuxpresso.tools.linux_11.4.0.202103011116/tools/bin/../lib/gcc/arm-none-eabi/10.2.1/../../../../arm-none-eabi/lib/thumb/v7e-m+fp/hard/libcr_c.a(initio.o)
 .ARM.attributes
                0x0000000000000340       0x34 /usr/local/mcuxpressoide-11.4.1_6260/ide/plugins/com.nxp.mcuxpresso.tools.linux_11.4.0.202103011116/tools/bin/../lib/gcc/arm-none-eabi/10.2.1/../../../../arm-none-eabi/lib/thumb/v7e-m+fp/hard/libcr_c.a(printf.o)
 .ARM.attributes
                0x0000000000000374       0x34 /usr/local/mcuxpressoide-11.4.1_6260/ide/plugins/com.nxp.mcuxpresso.tools.linux_11.4.0.202103011116/tools/bin/../lib/gcc/arm-none-eabi/10.2.1/../../../../arm-none-eabi/lib/thumb/v7e-m+fp/hard/libcr_c.a(setvbuf.o)
 .ARM.attributes
                0x00000000000003a8       0x34 /usr/local/mcuxpressoide-11.4.1_6260/ide/plugins/com.nxp.mcuxpresso.tools.linux_11.4.0.202103011116/tools/bin/../lib/gcc/arm-none-eabi/10.2.1/../../../../arm-none-eabi/lib/thumb/v7e-m+fp/hard/libcr_c.a(strlen.o)
 .ARM.attributes
                0x00000000000003dc       0x34 /usr/local/mcuxpressoide-11.4.1_6260/ide/plugins/com.nxp.mcuxpresso.tools.linux_11.4.0.202103011116/tools/bin/../lib/gcc/arm-none-eabi/10.2.1/../../../../arm-none-eabi/lib/thumb/v7e-m+fp/hard/libcr_c.a(__init_alloc.o)
 .ARM.attributes
                0x0000000000000410       0x34 /usr/local/mcuxpressoide-11.4.1_6260/ide/plugins/com.nxp.mcuxpresso.tools.linux_11.4.0.202103011116/tools/bin/../lib/gcc/arm-none-eabi/10.2.1/../../../../arm-none-eabi/lib/thumb/v7e-m+fp/hard/libcr_c.a(_cr_sbrk.o)
 .ARM.attributes
                0x0000000000000444       0x34 /usr/local/mcuxpressoide-11.4.1_6260/ide/plugins/com.nxp.mcuxpresso.tools.linux_11.4.0.202103011116/tools/bin/../lib/gcc/arm-none-eabi/10.2.1/../../../../arm-none-eabi/lib/thumb/v7e-m+fp/hard/libcr_c.a(_deferredlazyseek.o)
 .ARM.attributes
                0x0000000000000478       0x34 /usr/local/mcuxpressoide-11.4.1_6260/ide/plugins/com.nxp.mcuxpresso.tools.linux_11.4.0.202103011116/tools/bin/../lib/gcc/arm-none-eabi/10.2.1/../../../../arm-none-eabi/lib/thumb/v7e-m+fp/hard/libcr_c.a(_fdopen.o)
 .ARM.attributes
                0x00000000000004ac       0x34 /usr/local/mcuxpressoide-11.4.1_6260/ide/plugins/com.nxp.mcuxpresso.tools.linux_11.4.0.202103011116/tools/bin/../lib/gcc/arm-none-eabi/10.2.1/../../../../arm-none-eabi/lib/thumb/v7e-m+fp/hard/libcr_c.a(_fflush.o)
 .ARM.attributes
                0x00000000000004e0       0x34 /usr/local/mcuxpressoide-11.4.1_6260/ide/plugins/com.nxp.mcuxpresso.tools.linux_11.4.0.202103011116/tools/bin/../lib/gcc/arm-none-eabi/10.2.1/../../../../arm-none-eabi/lib/thumb/v7e-m+fp/hard/libcr_c.a(_writebuf.o)
 .ARM.attributes
                0x0000000000000514       0x39 /usr/local/mcuxpressoide-11.4.1_6260/ide/plugins/com.nxp.mcuxpresso.tools.linux_11.4.0.202103011116/tools/bin/../lib/gcc/arm-none-eabi/10.2.1/../../../../arm-none-eabi/lib/thumb/v7e-m+fp/hard/libcr_c.a(errno.o)
 .ARM.attributes
                0x000000000000054d       0x34 /usr/local/mcuxpressoide-11.4.1_6260/ide/plugins/com.nxp.mcuxpresso.tools.linux_11.4.0.202103011116/tools/bin/../lib/gcc/arm-none-eabi/10.2.1/../../../../arm-none-eabi/lib/thumb/v7e-m+fp/hard/libcr_c.a(fclose.o)
 .ARM.attributes
                0x0000000000000581       0x34 /usr/local/mcuxpressoide-11.4.1_6260/ide/plugins/com.nxp.mcuxpresso.tools.linux_11.4.0.202103011116/tools/bin/../lib/gcc/arm-none-eabi/10.2.1/../../../../arm-none-eabi/lib/thumb/v7e-m+fp/hard/libcr_c.a(fflush.o)
 .ARM.attributes
                0x00000000000005b5       0x34 /usr/local/mcuxpressoide-11.4.1_6260/ide/plugins/com.nxp.mcuxpresso.tools.linux_11.4.0.202103011116/tools/bin/../lib/gcc/arm-none-eabi/10.2.1/../../../../arm-none-eabi/lib/thumb/v7e-m+fp/hard/libcr_c.a(fseek.o)
 .ARM.attributes
                0x00000000000005e9       0x34 /usr/local/mcuxpressoide-11.4.1_6260/ide/plugins/com.nxp.mcuxpresso.tools.linux_11.4.0.202103011116/tools/bin/../lib/gcc/arm-none-eabi/10.2.1/../../../../arm-none-eabi/lib/thumb/v7e-m+fp/hard/libcr_c.a(ftell.o)
 .ARM.attributes
                0x000000000000061d       0x34 /usr/local/mcuxpressoide-11.4.1_6260/ide/plugins/com.nxp.mcuxpresso.tools.linux_11.4.0.202103011116/tools/bin/../lib/gcc/arm-none-eabi/10.2.1/../../../../arm-none-eabi/lib/thumb/v7e-m+fp/hard/libcr_c.a(remove.o)
 .ARM.attributes
                0x0000000000000651       0x34 /usr/local/mcuxpressoide-11.4.1_6260/ide/plugins/com.nxp.mcuxpresso.tools.linux_11.4.0.202103011116/tools/bin/../lib/gcc/arm-none-eabi/10.2.1/../../../../arm-none-eabi/lib/thumb/v7e-m+fp/hard/libcr_c.a(_cr_check_heap.o)
 .ARM.attributes
                0x0000000000000685       0x34 /usr/local/mcuxpressoide-11.4.1_6260/ide/plugins/com.nxp.mcuxpresso.tools.linux_11.4.0.202103011116/tools/bin/../lib/gcc/arm-none-eabi/10.2.1/../../../../arm-none-eabi/lib/thumb/v7e-m+fp/hard/libcr_c.a(_do_fflush.o)
 .ARM.attributes
                0x00000000000006b9       0x20 /usr/local/mcuxpressoide-11.4.1_6260/ide/plugins/com.nxp.mcuxpresso.tools.linux_11.4.0.202103011116/tools/bin/../lib/gcc/arm-none-eabi/10.2.1/thumb/v7e-m+fp/hard/libcr_eabihelpers.a(memcpy.o)
 .ARM.attributes
                0x00000000000006d9       0x39 /usr/local/mcuxpressoide-11.4.1_6260/ide/plugins/com.nxp.mcuxpresso.tools.linux_11.4.0.202103011116/tools/bin/../lib/gcc/arm-none-eabi/10.2.1/../../../../arm-none-eabi/lib/thumb/v7e-m+fp/hard/libcr_semihost_nf.a(__ciob.o)
 .ARM.attributes
                0x0000000000000712       0x20 /usr/local/mcuxpressoide-11.4.1_6260/ide/plugins/com.nxp.mcuxpresso.tools.linux_11.4.0.202103011116/tools/bin/../lib/gcc/arm-none-eabi/10.2.1/../../../../arm-none-eabi/lib/thumb/v7e-m+fp/hard/libcr_semihost_nf.a(__sys_appexit.o)
 .ARM.attributes
                0x0000000000000732       0x20 /usr/local/mcuxpressoide-11.4.1_6260/ide/plugins/com.nxp.mcuxpresso.tools.linux_11.4.0.202103011116/tools/bin/../lib/gcc/arm-none-eabi/10.2.1/../../../../arm-none-eabi/lib/thumb/v7e-m+fp/hard/libcr_semihost_nf.a(__sys_close.o)
 .ARM.attributes
                0x0000000000000752       0x20 /usr/local/mcuxpressoide-11.4.1_6260/ide/plugins/com.nxp.mcuxpresso.tools.linux_11.4.0.202103011116/tools/bin/../lib/gcc/arm-none-eabi/10.2.1/../../../../arm-none-eabi/lib/thumb/v7e-m+fp/hard/libcr_semihost_nf.a(__sys_flen.o)
 .ARM.attributes
                0x0000000000000772       0x20 /usr/local/mcuxpressoide-11.4.1_6260/ide/plugins/com.nxp.mcuxpresso.tools.linux_11.4.0.202103011116/tools/bin/../lib/gcc/arm-none-eabi/10.2.1/../../../../arm-none-eabi/lib/thumb/v7e-m+fp/hard/libcr_semihost_nf.a(__sys_istty.o)
 .ARM.attributes
                0x0000000000000792       0x20 /usr/local/mcuxpressoide-11.4.1_6260/ide/plugins/com.nxp.mcuxpresso.tools.linux_11.4.0.202103011116/tools/bin/../lib/gcc/arm-none-eabi/10.2.1/../../../../arm-none-eabi/lib/thumb/v7e-m+fp/hard/libcr_semihost_nf.a(__sys_remove.o)
 .ARM.attributes
                0x00000000000007b2       0x20 /usr/local/mcuxpressoide-11.4.1_6260/ide/plugins/com.nxp.mcuxpresso.tools.linux_11.4.0.202103011116/tools/bin/../lib/gcc/arm-none-eabi/10.2.1/../../../../arm-none-eabi/lib/thumb/v7e-m+fp/hard/libcr_semihost_nf.a(__sys_seek.o)
 .ARM.attributes
                0x00000000000007d2       0x20 /usr/local/mcuxpressoide-11.4.1_6260/ide/plugins/com.nxp.mcuxpresso.tools.linux_11.4.0.202103011116/tools/bin/../lib/gcc/arm-none-eabi/10.2.1/../../../../arm-none-eabi/lib/thumb/v7e-m+fp/hard/libcr_semihost_nf.a(__sys_tmpnam.o)
 .ARM.attributes
                0x00000000000007f2       0x20 /usr/local/mcuxpressoide-11.4.1_6260/ide/plugins/com.nxp.mcuxpresso.tools.linux_11.4.0.202103011116/tools/bin/../lib/gcc/arm-none-eabi/10.2.1/../../../../arm-none-eabi/lib/thumb/v7e-m+fp/hard/libcr_semihost_nf.a(__sys_write.o)

.debug_frame    0x0000000000000000     0x24bc
 .debug_frame   0x0000000000000000       0x30 ./utilities/fsl_assert.o
 .debug_frame   0x0000000000000030      0xa4c ./startup/startup_mk66f18.o
 .debug_frame   0x0000000000000a7c       0x88 ./source/gpio.o
 .debug_frame   0x0000000000000b04       0x58 ./source/gpio_led_output.o
 .debug_frame   0x0000000000000b5c       0x20 ./source/semihost_hardfault.o
 .debug_frame   0x0000000000000b7c      0xa38 ./drivers/fsl_clock.o
 .debug_frame   0x00000000000015b4      0x54c ./drivers/fsl_lpuart.o
 .debug_frame   0x0000000000001b00      0x714 ./drivers/fsl_uart.o
 .debug_frame   0x0000000000002214       0x74 ./device/system_MK66F18.o
 .debug_frame   0x0000000000002288       0x5c ./board/board.o
 .debug_frame   0x00000000000022e4      0x140 ./board/clock_config.o
 .debug_frame   0x0000000000002424       0x98 ./board/pin_mux.o

Cross Reference Table

Symbol                                            File
ADC0_DriverIRQHandler                             ./startup/startup_mk66f18.o
ADC0_IRQHandler                                   ./startup/startup_mk66f18.o
ADC1_DriverIRQHandler                             ./startup/startup_mk66f18.o
ADC1_IRQHandler                                   ./startup/startup_mk66f18.o
BOARD_BootClockHSRUN                              ./board/clock_config.o
BOARD_BootClockRUN                                ./board/clock_config.o
BOARD_BootClockVLPR                               ./board/clock_config.o
BOARD_InitBootClocks                              ./board/clock_config.o
                                                  ./source/gpio_led_output.o
BOARD_InitBootPins                                ./board/pin_mux.o
                                                  ./source/gpio_led_output.o
BOARD_InitDebugConsole                            ./board/board.o
                                                  ./source/gpio_led_output.o
BOARD_InitPins                                    ./board/pin_mux.o
BusFault_Handler                                  ./startup/startup_mk66f18.o
CAN0_Bus_Off_IRQHandler                           ./startup/startup_mk66f18.o
CAN0_DriverIRQHandler                             ./startup/startup_mk66f18.o
CAN0_Error_IRQHandler                             ./startup/startup_mk66f18.o
CAN0_ORed_Message_buffer_IRQHandler               ./startup/startup_mk66f18.o
CAN0_Rx_Warning_IRQHandler                        ./startup/startup_mk66f18.o
CAN0_Tx_Warning_IRQHandler                        ./startup/startup_mk66f18.o
CAN0_Wake_Up_IRQHandler                           ./startup/startup_mk66f18.o
CAN1_Bus_Off_IRQHandler                           ./startup/startup_mk66f18.o
CAN1_DriverIRQHandler                             ./startup/startup_mk66f18.o
CAN1_Error_IRQHandler                             ./startup/startup_mk66f18.o
CAN1_ORed_Message_buffer_IRQHandler               ./startup/startup_mk66f18.o
CAN1_Rx_Warning_IRQHandler                        ./startup/startup_mk66f18.o
CAN1_Tx_Warning_IRQHandler                        ./startup/startup_mk66f18.o
CAN1_Wake_Up_IRQHandler                           ./startup/startup_mk66f18.o
CLOCK_BootToBlpeMode                              ./drivers/fsl_clock.o
CLOCK_BootToBlpiMode                              ./drivers/fsl_clock.o
                                                  ./board/clock_config.o
CLOCK_BootToFeeMode                               ./drivers/fsl_clock.o
CLOCK_BootToFeiMode                               ./drivers/fsl_clock.o
CLOCK_BootToPeeMode                               ./drivers/fsl_clock.o
                                                  ./board/clock_config.o
CLOCK_CalcPllDiv                                  ./drivers/fsl_clock.o
CLOCK_ClearStatusFlags                            ./drivers/fsl_clock.o
CLOCK_DeinitOsc0                                  ./drivers/fsl_clock.o
CLOCK_DisableUsbhs0Clock                          ./drivers/fsl_clock.o
CLOCK_DisableUsbhs0PfdClock                       ./drivers/fsl_clock.o
CLOCK_DisableUsbhs0PhyPllClock                    ./drivers/fsl_clock.o
CLOCK_EnablePll0                                  ./drivers/fsl_clock.o
CLOCK_EnableUsbfs0Clock                           ./drivers/fsl_clock.o
CLOCK_EnableUsbhs0Clock                           ./drivers/fsl_clock.o
CLOCK_EnableUsbhs0PfdClock                        ./drivers/fsl_clock.o
CLOCK_EnableUsbhs0PhyPllClock                     ./drivers/fsl_clock.o
CLOCK_ExternalModeToFbeModeQuick                  ./drivers/fsl_clock.o
CLOCK_GetBusClkFreq                               ./drivers/fsl_clock.o
CLOCK_GetCoreSysClkFreq                           ./drivers/fsl_clock.o
                                                  ./board/board.o
CLOCK_GetEr32kClkFreq                             ./drivers/fsl_clock.o
CLOCK_GetExtPllFreq                               ./drivers/fsl_clock.o