Archive member included to satisfy reference by file (symbol)

/usr/local/mcuxpressoide-11.4.1_6260/ide/plugins/com.nxp.mcuxpresso.tools.linux_11.4.0.202103011116/tools/bin/../lib/gcc/arm-none-eabi/10.2.1/../../../../arm-none-eabi/lib/thumb/v7e-m+fp/hard/libcr_nohost_nf.a(__ciob.o)
                              ./source/experiment_1.o (__Ciob)
/usr/local/mcuxpressoide-11.4.1_6260/ide/plugins/com.nxp.mcuxpresso.tools.linux_11.4.0.202103011116/tools/bin/../lib/gcc/arm-none-eabi/10.2.1/../../../../arm-none-eabi/lib/thumb/v7e-m+fp/hard/libcr_nohost_nf.a(_cr__main.o)
                              ./startup/startup_mk66f18.o (__main)
/usr/local/mcuxpressoide-11.4.1_6260/ide/plugins/com.nxp.mcuxpresso.tools.linux_11.4.0.202103011116/tools/bin/../lib/gcc/arm-none-eabi/10.2.1/../../../../arm-none-eabi/lib/thumb/v7e-m+fp/hard/libcr_c.a(memcpy.o)
                              ./drivers/fsl_ftfx_cache.o (memcpy)
/usr/local/mcuxpressoide-11.4.1_6260/ide/plugins/com.nxp.mcuxpresso.tools.linux_11.4.0.202103011116/tools/bin/../lib/gcc/arm-none-eabi/10.2.1/../../../../arm-none-eabi/lib/thumb/v7e-m+fp/hard/libcr_c.a(memset.o)
                              ./drivers/fsl_ftfx_cache.o (memset)
/usr/local/mcuxpressoide-11.4.1_6260/ide/plugins/com.nxp.mcuxpresso.tools.linux_11.4.0.202103011116/tools/bin/../lib/gcc/arm-none-eabi/10.2.1/../../../../arm-none-eabi/lib/thumb/v7e-m+fp/hard/libcr_c.a(__fillbuf.o)
                              ./source/experiment_1.o (__filbuf)
/usr/local/mcuxpressoide-11.4.1_6260/ide/plugins/com.nxp.mcuxpresso.tools.linux_11.4.0.202103011116/tools/bin/../lib/gcc/arm-none-eabi/10.2.1/../../../../arm-none-eabi/lib/thumb/v7e-m+fp/hard/libcr_c.a(_deferredlazyseek.o)
                              /usr/local/mcuxpressoide-11.4.1_6260/ide/plugins/com.nxp.mcuxpresso.tools.linux_11.4.0.202103011116/tools/bin/../lib/gcc/arm-none-eabi/10.2.1/../../../../arm-none-eabi/lib/thumb/v7e-m+fp/hard/libcr_c.a(__fillbuf.o) (_deferredlazyseek)
/usr/local/mcuxpressoide-11.4.1_6260/ide/plugins/com.nxp.mcuxpresso.tools.linux_11.4.0.202103011116/tools/bin/../lib/gcc/arm-none-eabi/10.2.1/../../../../arm-none-eabi/lib/thumb/v7e-m+fp/hard/libcr_c.a(_fflush.o)
                              /usr/local/mcuxpressoide-11.4.1_6260/ide/plugins/com.nxp.mcuxpresso.tools.linux_11.4.0.202103011116/tools/bin/../lib/gcc/arm-none-eabi/10.2.1/../../../../arm-none-eabi/lib/thumb/v7e-m+fp/hard/libcr_c.a(__fillbuf.o) (_fflush)
/usr/local/mcuxpressoide-11.4.1_6260/ide/plugins/com.nxp.mcuxpresso.tools.linux_11.4.0.202103011116/tools/bin/../lib/gcc/arm-none-eabi/10.2.1/../../../../arm-none-eabi/lib/thumb/v7e-m+fp/hard/libcr_c.a(_writebuf.o)
                              /usr/local/mcuxpressoide-11.4.1_6260/ide/plugins/com.nxp.mcuxpresso.tools.linux_11.4.0.202103011116/tools/bin/../lib/gcc/arm-none-eabi/10.2.1/../../../../arm-none-eabi/lib/thumb/v7e-m+fp/hard/libcr_c.a(_deferredlazyseek.o) (_Cwritebuf)
/usr/local/mcuxpressoide-11.4.1_6260/ide/plugins/com.nxp.mcuxpresso.tools.linux_11.4.0.202103011116/tools/bin/../lib/gcc/arm-none-eabi/10.2.1/../../../../arm-none-eabi/lib/thumb/v7e-m+fp/hard/libcr_c.a(alloc.o)
                              ./drivers/fsl_common.o (malloc)
/usr/local/mcuxpressoide-11.4.1_6260/ide/plugins/com.nxp.mcuxpresso.tools.linux_11.4.0.202103011116/tools/bin/../lib/gcc/arm-none-eabi/10.2.1/../../../../arm-none-eabi/lib/thumb/v7e-m+fp/hard/libcr_c.a(fseek.o)
                              /usr/local/mcuxpressoide-11.4.1_6260/ide/plugins/com.nxp.mcuxpresso.tools.linux_11.4.0.202103011116/tools/bin/../lib/gcc/arm-none-eabi/10.2.1/../../../../arm-none-eabi/lib/thumb/v7e-m+fp/hard/libcr_c.a(_deferredlazyseek.o) (fseek)
/usr/local/mcuxpressoide-11.4.1_6260/ide/plugins/com.nxp.mcuxpresso.tools.linux_11.4.0.202103011116/tools/bin/../lib/gcc/arm-none-eabi/10.2.1/../../../../arm-none-eabi/lib/thumb/v7e-m+fp/hard/libcr_c.a(ftell.o)
                              /usr/local/mcuxpressoide-11.4.1_6260/ide/plugins/com.nxp.mcuxpresso.tools.linux_11.4.0.202103011116/tools/bin/../lib/gcc/arm-none-eabi/10.2.1/../../../../arm-none-eabi/lib/thumb/v7e-m+fp/hard/libcr_c.a(fseek.o) (ftell)
/usr/local/mcuxpressoide-11.4.1_6260/ide/plugins/com.nxp.mcuxpresso.tools.linux_11.4.0.202103011116/tools/bin/../lib/gcc/arm-none-eabi/10.2.1/../../../../arm-none-eabi/lib/thumb/v7e-m+fp/hard/libcr_c.a(initio.o)
                              /usr/local/mcuxpressoide-11.4.1_6260/ide/plugins/com.nxp.mcuxpresso.tools.linux_11.4.0.202103011116/tools/bin/../lib/gcc/arm-none-eabi/10.2.1/../../../../arm-none-eabi/lib/thumb/v7e-m+fp/hard/libcr_nohost_nf.a(_cr__main.o) (_initio)
/usr/local/mcuxpressoide-11.4.1_6260/ide/plugins/com.nxp.mcuxpresso.tools.linux_11.4.0.202103011116/tools/bin/../lib/gcc/arm-none-eabi/10.2.1/../../../../arm-none-eabi/lib/thumb/v7e-m+fp/hard/libcr_c.a(printf.o)
                              ./utilities/fsl_assert.o (_printf)
[...]
Memory Configuration

Name             Origin             Length             Attributes
PROGRAM_FLASH    0x0000000000000000 0x0000000000200000 xr
SRAM_UPPER       0x0000000020000000 0x0000000000030000 xrw
SRAM_LOWER       0x000000001fff0000 0x0000000000010000 xrw
FLEX_RAM         0x0000000014000000 0x0000000000001000 xrw
*default*        0x0000000000000000 0xffffffffffffffff

Linker script and memory map

LOAD ./utilities/fsl_assert.o
LOAD ./utilities/fsl_debug_console.o
LOAD ./startup/startup_mk66f18.o
LOAD ./source/experiment_1.o
LOAD ./source/experiment_2.o
LOAD ./source/semihost_hardfault.o
LOAD ./drivers/fsl_clock.o
LOAD ./drivers/fsl_common.o
LOAD ./drivers/fsl_common_arm.o
LOAD ./drivers/fsl_ftfx_cache.o
LOAD ./drivers/fsl_ftfx_controller.o
LOAD ./drivers/fsl_ftfx_flash.o
LOAD ./drivers/fsl_ftfx_flexnvm.o
LOAD ./drivers/fsl_gpio.o
LOAD ./drivers/fsl_lpuart.o
LOAD ./drivers/fsl_smc.o
LOAD ./drivers/fsl_uart.o
LOAD ./device/system_MK66F18.o
LOAD ./component/uart/fsl_adapter_uart.o
LOAD ./component/lists/fsl_component_generic_list.o
LOAD ./board/board.o
LOAD ./board/clock_config.o
LOAD ./board/pin_mux.o
START GROUP
LOAD /usr/local/mcuxpressoide-11.4.1_6260/ide/plugins/com.nxp.mcuxpresso.tools.linux_11.4.0.202103011116/tools/bin/../lib/gcc/arm-none-eabi/10.2.1/../../../../arm-none-eabi/lib/thumb/v7e-m+fp/hard/libcr_nohost_nf.a
LOAD /usr/local/mcuxpressoide-11.4.1_6260/ide/plugins/com.nxp.mcuxpresso.tools.linux_11.4.0.202103011116/tools/bin/../lib/gcc/arm-none-eabi/10.2.1/../../../../arm-none-eabi/lib/thumb/v7e-m+fp/hard/libcr_c.a
LOAD /usr/local/mcuxpressoide-11.4.1_6260/ide/plugins/com.nxp.mcuxpresso.tools.linux_11.4.0.202103011116/tools/bin/../lib/gcc/arm-none-eabi/10.2.1/thumb/v7e-m+fp/hard/libcr_eabihelpers.a
LOAD /usr/local/mcuxpressoide-11.4.1_6260/ide/plugins/com.nxp.mcuxpresso.tools.linux_11.4.0.202103011116/tools/bin/../lib/gcc/arm-none-eabi/10.2.1/thumb/v7e-m+fp/hard/libgcc.a
END GROUP
                0x0000000000000000                __base_PROGRAM_FLASH = 0x0
                0x0000000000000000                __base_Flash = 0x0
                0x0000000000200000                __top_PROGRAM_FLASH = 0x200000
                0x0000000000200000                __top_Flash = 0x200000
                0x0000000020000000                __base_SRAM_UPPER = 0x20000000
                0x0000000020000000                __base_RAM = 0x20000000
                0x0000000020030000                __top_SRAM_UPPER = 0x20030000
                0x0000000020030000                __top_RAM = 0x20030000
                0x000000001fff0000                __base_SRAM_LOWER = 0x1fff0000
                0x000000001fff0000                __base_RAM2 = 0x1fff0000
                0x0000000020000000                __top_SRAM_LOWER = 0x20000000
                0x0000000020000000                __top_RAM2 = 0x20000000
                0x0000000014000000                __base_FLEX_RAM = 0x14000000
                0x0000000014000000                __base_RAM3 = 0x14000000
                0x0000000014001000                __top_FLEX_RAM = 0x14001000
                0x0000000014001000                __top_RAM3 = 0x14001000

.text           0x0000000000000000     0x2be0
 FILL mask 0xff
                0x0000000000000000                __vectors_start__ = ABSOLUTE (.)
 *(SORT_BY_ALIGNMENT(.isr_vector))
 .isr_vector    0x0000000000000000      0x1d0 ./startup/startup_mk66f18.o
                0x0000000000000000                __Vectors
                0x0000000000000000                g_pfnVectors
                0x00000000000001d0                . = ALIGN (0x4)
                0x00000000000001d0                __section_table_start = .
                0x00000000000001d0                __data_section_table = .
                0x00000000000001d0        0x4 LONG 0x2be0 LOADADDR (.data)
                0x00000000000001d4        0x4 LONG 0x20000000 ADDR (.data)
                0x00000000000001d8        0x4 LONG 0x10 SIZEOF (.data)
                0x00000000000001dc        0x4 LONG 0x2be0 LOADADDR (.data_RAM2)
                0x00000000000001e0        0x4 LONG 0x1fff0000 ADDR (.data_RAM2)
                0x00000000000001e4        0x4 LONG 0x0 SIZEOF (.data_RAM2)
                0x00000000000001e8        0x4 LONG 0x2be0 LOADADDR (.data_RAM3)
                0x00000000000001ec        0x4 LONG 0x14000000 ADDR (.data_RAM3)
                0x00000000000001f0        0x4 LONG 0x0 SIZEOF (.data_RAM3)
                0x00000000000001f4                __data_section_table_end = .
                0x00000000000001f4                __bss_section_table = .
                0x00000000000001f4        0x4 LONG 0x20000010 ADDR (.bss)
                0x00000000000001f8        0x4 LONG 0xf0 SIZEOF (.bss)
                0x00000000000001fc        0x4 LONG 0x1fff0000 ADDR (.bss_RAM2)
                0x0000000000000200        0x4 LONG 0x0 SIZEOF (.bss_RAM2)
                0x0000000000000204        0x4 LONG 0x14000000 ADDR (.bss_RAM3)
                0x0000000000000208        0x4 LONG 0x0 SIZEOF (.bss_RAM3)
                0x000000000000020c                __bss_section_table_end = .
                0x000000000000020c                __section_table_end = .
 *(SORT_BY_ALIGNMENT(.after_vectors*))
 .after_vectors.reset
                0x000000000000020c       0x4c ./startup/startup_mk66f18.o
                0x000000000000020c                ResetISR
 .after_vectors.init_data
                0x0000000000000258       0x1e ./startup/startup_mk66f18.o
                0x0000000000000258                data_init
 .after_vectors.init_bss
                0x0000000000000276       0x12 ./startup/startup_mk66f18.o
                0x0000000000000276                bss_init
 .after_vectors
                0x0000000000000288       0x14 ./startup/startup_mk66f18.o
                0x0000000000000288                NMI_Handler
                0x000000000000028c                MemManage_Handler
                0x000000000000028e                BusFault_Handler
                0x0000000000000290                UsageFault_Handler
                0x0000000000000292                SVC_Handler
                0x0000000000000294                DebugMon_Handler
                0x0000000000000296                PendSV_Handler
                0x0000000000000298                SysTick_Handler
                0x000000000000029a                DMA13_DMA29_DriverIRQHandler
                0x000000000000029a                PORTB_DriverIRQHandler
                0x000000000000029a                SPI1_DriverIRQHandler
                0x000000000000029a                LPTMR0_DriverIRQHandler
                0x000000000000029a                DMA_Error_DriverIRQHandler
                0x000000000000029a                FTM1_DriverIRQHandler
                0x000000000000029a                FTM2_DriverIRQHandler
                0x000000000000029a                PIT2_DriverIRQHandler
                0x000000000000029a                TPM2_DriverIRQHandler
                0x000000000000029a                SDHC_DriverIRQHandler
                0x000000000000029a                DMA7_DMA23_DriverIRQHandler
                0x000000000000029a                I2C3_DriverIRQHandler
                0x000000000000029a                I2S0_Tx_DriverIRQHandler
                0x000000000000029a                TSI0_DriverIRQHandler
                0x000000000000029a                RTC_Seconds_DriverIRQHandler
                0x000000000000029a                CMP3_DriverIRQHandler
                0x000000000000029a                LLWU_DriverIRQHandler
                0x000000000000029a                MCM_DriverIRQHandler
                0x000000000000029a                DMA14_DMA30_DriverIRQHandler
                0x000000000000029a                MCG_DriverIRQHandler
                0x000000000000029a                ENET_1588_Timer_DriverIRQHandler
                0x000000000000029a                I2C2_DriverIRQHandler
                0x000000000000029a                DAC1_DriverIRQHandler
                0x000000000000029a                CMP1_DriverIRQHandler
                0x000000000000029a                USBHSDCD_DriverIRQHandler
                0x000000000000029a                DMA0_DMA16_DriverIRQHandler
                0x000000000000029a                FTM0_DriverIRQHandler
                0x000000000000029a                IntDefaultHandler
                0x000000000000029a                USB0_DriverIRQHandler
                0x000000000000029a                PORTC_DriverIRQHandler
                0x000000000000029a                DMA2_DMA18_DriverIRQHandler
                0x000000000000029a                DAC0_DriverIRQHandler
                0x000000000000029a                CMP2_DriverIRQHandler
                0x000000000000029a                UART2_ERR_DriverIRQHandler
                0x000000000000029a                SPI2_DriverIRQHandler
                0x000000000000029a                LVD_LVW_DriverIRQHandler
                0x000000000000029a                Reserved84_DriverIRQHandler
                0x000000000000029a                PIT0_DriverIRQHandler
                0x000000000000029a                RNG_DriverIRQHandler
                0x000000000000029a                USBDCD_DriverIRQHandler
                0x000000000000029a                UART3_ERR_DriverIRQHandler
                0x000000000000029a                DMA12_DMA28_DriverIRQHandler
                0x000000000000029a                DMA10_DMA26_DriverIRQHandler
                0x000000000000029a                UART0_ERR_DriverIRQHandler
                0x000000000000029a                CMT_DriverIRQHandler
                0x000000000000029a                Reserved71_DriverIRQHandler
                0x000000000000029a                ADC1_DriverIRQHandler
                0x000000000000029a                PORTA_DriverIRQHandler
                0x000000000000029a                DMA1_DMA17_DriverIRQHandler
                0x000000000000029a                PIT3_DriverIRQHandler
                0x000000000000029a                PIT1_DriverIRQHandler
                0x000000000000029a                TPM1_DriverIRQHandler
                0x000000000000029a                WDOG_EWM_DriverIRQHandler
                0x000000000000029a                PDB0_DriverIRQHandler
                0x000000000000029a                DMA8_DMA24_DriverIRQHandler
                0x000000000000029a                DMA6_DMA22_DriverIRQHandler
                0x000000000000029a                RTC_DriverIRQHandler
                0x000000000000029a                I2S0_Rx_DriverIRQHandler
                0x000000000000029a                Read_Collision_DriverIRQHandler
                0x000000000000029a                SWI_DriverIRQHandler
                0x000000000000029a                UART4_ERR_DriverIRQHandler
                0x000000000000029a                DMA11_DMA27_DriverIRQHandler
                0x000000000000029a                DMA4_DMA20_DriverIRQHandler
                0x000000000000029a                DMA9_DMA25_DriverIRQHandler
                0x000000000000029a                I2C1_DriverIRQHandler
                0x000000000000029a                ENET_Receive_DriverIRQHandler
                0x000000000000029a                DMA3_DMA19_DriverIRQHandler
                0x000000000000029a                ENET_Error_DriverIRQHandler
                0x000000000000029a                Reserved85_DriverIRQHandler
                0x000000000000029a                SPI0_DriverIRQHandler
                0x000000000000029a                ADC0_DriverIRQHandler
                0x000000000000029a                USBHS_DriverIRQHandler
                0x000000000000029a                CMP0_DriverIRQHandler
                0x000000000000029a                CAN0_DriverIRQHandler
                0x000000000000029a                FTM3_DriverIRQHandler
                0x000000000000029a                DMA5_DMA21_DriverIRQHandler
                0x000000000000029a                DMA15_DMA31_DriverIRQHandler
                0x000000000000029a                UART1_ERR_DriverIRQHandler
                0x000000000000029a                ENET_Transmit_DriverIRQHandler
                0x000000000000029a                PORTD_DriverIRQHandler
                0x000000000000029a                Reserved46_DriverIRQHandler
                0x000000000000029a                PORTE_DriverIRQHandler
                0x000000000000029a                FTFE_DriverIRQHandler
                0x000000000000029a                I2C0_DriverIRQHandler
                0x000000000000029a                CAN1_DriverIRQHandler
                0x0000000000000400                . = 0x400
 *fill*         0x000000000000029c      0x164 ff
                0x0000000000000400                PROVIDE (__FLASH_CONFIG_START__ = .)
 *(SORT_BY_ALIGNMENT(.FlashConfig))
 .FlashConfig   0x0000000000000400       0x10 ./startup/startup_mk66f18.o
                0x0000000000000400                Flash_Config
                0x0000000000000410                PROVIDE (__FLASH_CONFIG_END__ = .)
                0x0000000000000001                ASSERT (! ((__FLASH_CONFIG_START__ == __FLASH_CONFIG_END__)), Linker Flash Config Support Enabled, but no .FlashConfig section provided within application)
 *(SORT_BY_ALIGNMENT(.text*))
 .text.__assertion_failed
                0x0000000000000410       0x18 ./utilities/fsl_assert.o
                0x0000000000000410                __assertion_failed
 .text.main     0x0000000000000428       0x80 ./source/experiment_1.o
                0x0000000000000428                main
 .text.CLOCK_SetEr32kClock
                0x00000000000004a8       0x30 ./drivers/fsl_clock.o
 .text.CLOCK_SetPllFllSelClock
                0x00000000000004d8       0x54 ./drivers/fsl_clock.o
 .text.CLOCK_GetMcgExtClkFreq
                0x000000000000052c       0x7c ./drivers/fsl_clock.o
 .text.CLOCK_GetFllExtRefClkFreq
                0x00000000000005a8       0xb0 ./drivers/fsl_clock.o
 .text.CLOCK_GetInternalRefClkSelectFreq
                0x0000000000000658       0x4c ./drivers/fsl_clock.o
 .text.CLOCK_GetFllRefClkFreq
                0x00000000000006a4       0x34 ./drivers/fsl_clock.o
 .text.CLOCK_GetOscRangeFromFreq
                0x00000000000006d8       0x3c ./drivers/fsl_clock.o
 .text.CLOCK_GetCoreSysClkFreq
                0x0000000000000714       0x28 ./drivers/fsl_clock.o
                0x0000000000000714                CLOCK_GetCoreSysClkFreq
 .text.CLOCK_SetSimConfig
                0x000000000000073c       0x40 ./drivers/fsl_clock.o
                0x000000000000073c                CLOCK_SetSimConfig
 .text.CLOCK_GetOutClkFreq
                0x000000000000077c       0x90 ./drivers/fsl_clock.o
                0x000000000000077c                CLOCK_GetOutClkFreq
 .text.CLOCK_GetFllFreq
                0x000000000000080c       0x84 ./drivers/fsl_clock.o
                0x000000000000080c                CLOCK_GetFllFreq
 .text.CLOCK_GetPll0Freq
                0x0000000000000890       0x7c ./drivers/fsl_clock.o
                0x0000000000000890                CLOCK_GetPll0Freq
 .text.CLOCK_GetExtPllFreq
                0x000000000000090c       0x18 ./drivers/fsl_clock.o
                0x000000000000090c                CLOCK_GetExtPllFreq
 .text.CLOCK_SetExternalRefClkConfig
                0x0000000000000924       0x6c ./drivers/fsl_clock.o
                0x0000000000000924                CLOCK_SetExternalRefClkConfig
 .text.CLOCK_SetInternalRefClkConfig
                0x0000000000000990      0x104 ./drivers/fsl_clock.o
                0x0000000000000990                CLOCK_SetInternalRefClkConfig
 .text.CLOCK_EnablePll0
                0x0000000000000a94       0x88 ./drivers/fsl_clock.o
                0x0000000000000a94                CLOCK_EnablePll0
 .text.CLOCK_InitOsc0
                0x0000000000000b1c       0x8c ./drivers/fsl_clock.o
                0x0000000000000b1c                CLOCK_InitOsc0
 .text.CLOCK_SetPbeMode
                0x0000000000000ba8       0xe8 ./drivers/fsl_clock.o
                0x0000000000000ba8                CLOCK_SetPbeMode
 .text.CLOCK_BootToPeeMode
                0x0000000000000c90       0x68 ./drivers/fsl_clock.o
                0x0000000000000c90                CLOCK_BootToPeeMode
 .text.LPUART0_DriverIRQHandler
                0x0000000000000cf8       0x28 ./drivers/fsl_lpuart.o
                0x0000000000000cf8                LPUART0_DriverIRQHandler
 .text.UART0_DriverIRQHandler
                0x0000000000000d20       0x28 ./drivers/fsl_uart.o
                0x0000000000000d20                UART0_DriverIRQHandler
 .text.UART1_DriverIRQHandler
                0x0000000000000d48       0x28 ./drivers/fsl_uart.o
                0x0000000000000d48                UART1_DriverIRQHandler
 .text.UART2_DriverIRQHandler
                0x0000000000000d70       0x28 ./drivers/fsl_uart.o
                0x0000000000000d70                UART2_DriverIRQHandler
 .text.UART3_DriverIRQHandler
                0x0000000000000d98       0x28 ./drivers/fsl_uart.o
                0x0000000000000d98                UART3_DriverIRQHandler
 .text.UART4_DriverIRQHandler
                0x0000000000000dc0       0x28 ./drivers/fsl_uart.o
                0x0000000000000dc0                UART4_DriverIRQHandler
 .text.SystemInit
                0x0000000000000de8       0x3c ./device/system_MK66F18.o
                0x0000000000000de8                SystemInit
 .text.CLOCK_SetSimSafeDivs
                0x0000000000000e24       0x24 ./board/clock_config.o
 .text.CLOCK_SetXtal0Freq
                0x0000000000000e48       0x20 ./board/clock_config.o
 .text.CLOCK_CONFIG_SetFllExtRefDiv
                0x0000000000000e68       0x3c ./board/clock_config.o
 .text.BOARD_BootClockRUN
                0x0000000000000ea4       0x60 ./board/clock_config.o
                0x0000000000000ea4                BOARD_BootClockRUN
 .text.BOARD_InitPins
                0x0000000000000f04       0x6c ./board/pin_mux.o
                0x0000000000000f04                BOARD_InitPins
 .text.__filbuf
                0x0000000000000f70      0x178 /usr/local/mcuxpressoide-11.4.1_6260/ide/plugins/com.nxp.mcuxpresso.tools.linux_11.4.0.202103011116/tools/bin/../lib/gcc/arm-none-eabi/10.2.1/../../../../arm-none-eabi/lib/thumb/v7e-m+fp/hard/libcr_c.a(__fillbuf.o)
                0x0000000000000f70                __filbuf
 .text._Cwritebuf
                0x00000000000010e8       0x6c /usr/local/mcuxpressoide-11.4.1_6260/ide/plugins/com.nxp.mcuxpresso.tools.linux_11.4.0.202103011116/tools/bin/../lib/gcc/arm-none-eabi/10.2.1/../../../../arm-none-eabi/lib/thumb/v7e-m+fp/hard/libcr_c.a(_writebuf.o)
                0x00000000000010e8                _Cwritebuf
 .text.malloc   0x0000000000001154       0xc8 /usr/local/mcuxpressoide-11.4.1_6260/ide/plugins/com.nxp.mcuxpresso.tools.linux_11.4.0.202103011116/tools/bin/../lib/gcc/arm-none-eabi/10.2.1/../../../../arm-none-eabi/lib/thumb/v7e-m+fp/hard/libcr_c.a(alloc.o)
                0x0000000000001154                malloc
 .text._Csys_alloc
                0x000000000000121c       0x20 /usr/local/mcuxpressoide-11.4.1_6260/ide/plugins/com.nxp.mcuxpresso.tools.linux_11.4.0.202103011116/tools/bin/../lib/gcc/arm-none-eabi/10.2.1/../../../../arm-none-eabi/lib/thumb/v7e-m+fp/hard/libcr_c.a(alloc.o)
                0x000000000000121c                _Csys_alloc
 .text.fseek    0x000000000000123c      0x100 /usr/local/mcuxpressoide-11.4.1_6260/ide/plugins/com.nxp.mcuxpresso.tools.linux_11.4.0.202103011116/tools/bin/../lib/gcc/arm-none-eabi/10.2.1/../../../../arm-none-eabi/lib/thumb/v7e-m+fp/hard/libcr_c.a(fseek.o)
                0x000000000000123c                fseek
 .text.ftell    0x000000000000133c       0x44 /usr/local/mcuxpressoide-11.4.1_6260/ide/plugins/com.nxp.mcuxpresso.tools.linux_11.4.0.202103011116/tools/bin/../lib/gcc/arm-none-eabi/10.2.1/../../../../arm-none-eabi/lib/thumb/v7e-m+fp/hard/libcr_c.a(ftell.o)
                0x000000000000133c                ftell
 .text._initio  0x0000000000001380       0x78 /usr/local/mcuxpressoide-11.4.1_6260/ide/plugins/com.nxp.mcuxpresso.tools.linux_11.4.0.202103011116/tools/bin/../lib/gcc/arm-none-eabi/10.2.1/../../../../arm-none-eabi/lib/thumb/v7e-m+fp/hard/libcr_c.a(initio.o)
                0x0000000000001380                _initio
 .text.__vfprintf
                0x00000000000013f8      0xbf4 /usr/local/mcuxpressoide-11.4.1_6260/ide/plugins/com.nxp.mcuxpresso.tools.linux_11.4.0.202103011116/tools/bin/../lib/gcc/arm-none-eabi/10.2.1/../../../../arm-none-eabi/lib/thumb/v7e-m+fp/hard/libcr_c.a(printf.o)
                0x00000000000013f8                __vfprintf
 .text._vsnprintf
                0x0000000000001fec       0x68 /usr/local/mcuxpressoide-11.4.1_6260/ide/plugins/com.nxp.mcuxpresso.tools.linux_11.4.0.202103011116/tools/bin/../lib/gcc/arm-none-eabi/10.2.1/../../../../arm-none-eabi/lib/thumb/v7e-m+fp/hard/libcr_c.a(printf.o)
                0x0000000000001fec                _vsnprintf
 .text._printf  0x0000000000002054       0x54 /usr/local/mcuxpressoide-11.4.1_6260/ide/plugins/com.nxp.mcuxpresso.tools.linux_11.4.0.202103011116/tools/bin/../lib/gcc/arm-none-eabi/10.2.1/../../../../arm-none-eabi/lib/thumb/v7e-m+fp/hard/libcr_c.a(printf.o)
                0x0000000000002054                _printf
 .text._sbrk    0x00000000000020a8       0x3c /usr/local/mcuxpressoide-11.4.1_6260/ide/plugins/com.nxp.mcuxpresso.tools.linux_11.4.0.202103011116/tools/bin/../lib/gcc/arm-none-eabi/10.2.1/../../../../arm-none-eabi/lib/thumb/v7e-m+fp/hard/libcr_c.a(_cr_sbrk.o)
                0x00000000000020a8                _sbrk
 .text.fflush   0x00000000000020e4       0x3c /usr/local/mcuxpressoide-11.4.1_6260/ide/plugins/com.nxp.mcuxpresso.tools.linux_11.4.0.202103011116/tools/bin/../lib/gcc/arm-none-eabi/10.2.1/../../../../arm-none-eabi/lib/thumb/v7e-m+fp/hard/libcr_c.a(fflush.o)
                0x00000000000020e4                fflush
 .text.__check_heap_overflow
                0x0000000000002120       0x18 /usr/local/mcuxpressoide-11.4.1_6260/ide/plugins/com.nxp.mcuxpresso.tools.linux_11.4.0.202103011116/tools/bin/../lib/gcc/arm-none-eabi/10.2.1/../../../../arm-none-eabi/lib/thumb/v7e-m+fp/hard/libcr_c.a(_cr_check_heap.o)
                0x0000000000002120                __check_heap_overflow
 .text.DMA0_DMA16_IRQHandler
                0x0000000000002138        0x8 ./startup/startup_mk66f18.o
                0x0000000000002138                DMA0_DMA16_IRQHandler
 .text.DMA1_DMA17_IRQHandler
                0x0000000000002140        0x8 ./startup/startup_mk66f18.o
                0x0000000000002140                DMA1_DMA17_IRQHandler
 .text.DMA2_DMA18_IRQHandler
                0x0000000000002148        0x8 ./startup/startup_mk66f18.o
                0x0000000000002148                DMA2_DMA18_IRQHandler
 .text.DMA3_DMA19_IRQHandler
                0x0000000000002150        0x8 ./startup/startup_mk66f18.o
                0x0000000000002150                DMA3_DMA19_IRQHandler
 .text.DMA4_DMA20_IRQHandler
                0x0000000000002158        0x8 ./startup/startup_mk66f18.o
                0x0000000000002158                DMA4_DMA20_IRQHandler
 .text.DMA5_DMA21_IRQHandler
                0x0000000000002160        0x8 ./startup/startup_mk66f18.o
                0x0000000000002160                DMA5_DMA21_IRQHandler
 .text.DMA6_DMA22_IRQHandler
                0x0000000000002168        0x8 ./startup/startup_mk66f18.o
                0x0000000000002168                DMA6_DMA22_IRQHandler
 .text.DMA7_DMA23_IRQHandler
                0x0000000000002170        0x8 ./startup/startup_mk66f18.o
                0x0000000000002170                DMA7_DMA23_IRQHandler
 .text.DMA8_DMA24_IRQHandler
                0x0000000000002178        0x8 ./startup/startup_mk66f18.o
                0x0000000000002178                DMA8_DMA24_IRQHandler
 .text.DMA9_DMA25_IRQHandler
                0x0000000000002180        0x8 ./startup/startup_mk66f18.o
                0x0000000000002180                DMA9_DMA25_IRQHandler
 .text.DMA10_DMA26_IRQHandler
                0x0000000000002188        0x8 ./startup/startup_mk66f18.o
                0x0000000000002188                DMA10_DMA26_IRQHandler
 .text.DMA11_DMA27_IRQHandler
                0x0000000000002190        0x8 ./startup/startup_mk66f18.o
                0x0000000000002190                DMA11_DMA27_IRQHandler
 .text.DMA12_DMA28_IRQHandler
                0x0000000000002198        0x8 ./startup/startup_mk66f18.o
                0x0000000000002198                DMA12_DMA28_IRQHandler
 .text.DMA13_DMA29_IRQHandler
                0x00000000000021a0        0x8 ./startup/startup_mk66f18.o
                0x00000000000021a0                DMA13_DMA29_IRQHandler
 .text.DMA14_DMA30_IRQHandler
                0x00000000000021a8        0x8 ./startup/startup_mk66f18.o
                0x00000000000021a8                DMA14_DMA30_IRQHandler
 .text.DMA15_DMA31_IRQHandler
                0x00000000000021b0        0x8 ./startup/startup_mk66f18.o
                0x00000000000021b0                DMA15_DMA31_IRQHandler
 .text.DMA_Error_IRQHandler
                0x00000000000021b8        0x8 ./startup/startup_mk66f18.o
                0x00000000000021b8                DMA_Error_IRQHandler
 .text.MCM_IRQHandler
                0x00000000000021c0        0x8 ./startup/startup_mk66f18.o
                0x00000000000021c0                MCM_IRQHandler
 .text.FTFE_IRQHandler
                0x00000000000021c8        0x8 ./startup/startup_mk66f18.o
                0x00000000000021c8                FTFE_IRQHandler
 .text.Read_Collision_IRQHandler
                0x00000000000021d0        0x8 ./startup/startup_mk66f18.o
                0x00000000000021d0                Read_Collision_IRQHandler
 .text.LVD_LVW_IRQHandler
                0x00000000000021d8        0x8 ./startup/startup_mk66f18.o
                0x00000000000021d8                LVD_LVW_IRQHandler
 .text.LLWU_IRQHandler
                0x00000000000021e0        0x8 ./startup/startup_mk66f18.o
                0x00000000000021e0                LLWU_IRQHandler
 .text.WDOG_EWM_IRQHandler
                0x00000000000021e8        0x8 ./startup/startup_mk66f18.o
                0x00000000000021e8                WDOG_EWM_IRQHandler
 .text.RNG_IRQHandler
                0x00000000000021f0        0x8 ./startup/startup_mk66f18.o
                0x00000000000021f0                RNG_IRQHandler
 .text.I2C0_IRQHandler
                0x00000000000021f8        0x8 ./startup/startup_mk66f18.o
                0x00000000000021f8                I2C0_IRQHandler
 .text.I2C1_IRQHandler
                0x0000000000002200        0x8 ./startup/startup_mk66f18.o
                0x0000000000002200                I2C1_IRQHandler
 .text.SPI0_IRQHandler
                0x0000000000002208        0x8 ./startup/startup_mk66f18.o
                0x0000000000002208                SPI0_IRQHandler
 .text.SPI1_IRQHandler
                0x0000000000002210        0x8 ./startup/startup_mk66f18.o
                0x0000000000002210                SPI1_IRQHandler
 .text.I2S0_Tx_IRQHandler
                0x0000000000002218        0x8 ./startup/startup_mk66f18.o
                0x0000000000002218                I2S0_Tx_IRQHandler
 .text.I2S0_Rx_IRQHandler
                0x0000000000002220        0x8 ./startup/startup_mk66f18.o
                0x0000000000002220                I2S0_Rx_IRQHandler
 .text.Reserved46_IRQHandler
                0x0000000000002228        0x8 ./startup/startup_mk66f18.o
                0x0000000000002228                Reserved46_IRQHandler
 .text.UART0_RX_TX_IRQHandler
                0x0000000000002230        0x8 ./startup/startup_mk66f18.o
                0x0000000000002230                UART0_RX_TX_IRQHandler
 .text.UART0_ERR_IRQHandler
                0x0000000000002238        0x8 ./startup/startup_mk66f18.o
                0x0000000000002238                UART0_ERR_IRQHandler
 .text.UART1_RX_TX_IRQHandler
                0x0000000000002240        0x8 ./startup/startup_mk66f18.o
                0x0000000000002240                UART1_RX_TX_IRQHandler
 .text.UART1_ERR_IRQHandler
                0x0000000000002248        0x8 ./startup/startup_mk66f18.o
                0x0000000000002248                UART1_ERR_IRQHandler
 .text.UART2_RX_TX_IRQHandler
                0x0000000000002250        0x8 ./startup/startup_mk66f18.o
                0x0000000000002250                UART2_RX_TX_IRQHandler
 .text.UART2_ERR_IRQHandler
                0x0000000000002258        0x8 ./startup/startup_mk66f18.o
                0x0000000000002258                UART2_ERR_IRQHandler
 .text.UART3_RX_TX_IRQHandler
                0x0000000000002260        0x8 ./startup/startup_mk66f18.o
                0x0000000000002260                UART3_RX_TX_IRQHandler
 .text.UART3_ERR_IRQHandler
                0x0000000000002268        0x8 ./startup/startup_mk66f18.o
                0x0000000000002268                UART3_ERR_IRQHandler
 .text.ADC0_IRQHandler
                0x0000000000002270        0x8 ./startup/startup_mk66f18.o
                0x0000000000002270                ADC0_IRQHandler
 .text.CMP0_IRQHandler
                0x0000000000002278        0x8 ./startup/startup_mk66f18.o
                0x0000000000002278                CMP0_IRQHandler
 .text.CMP1_IRQHandler
                0x0000000000002280        0x8 ./startup/startup_mk66f18.o
                0x0000000000002280                CMP1_IRQHandler
 .text.FTM0_IRQHandler
                0x0000000000002288        0x8 ./startup/startup_mk66f18.o
                0x0000000000002288                FTM0_IRQHandler
 .text.FTM1_IRQHandler
                0x0000000000002290        0x8 ./startup/startup_mk66f18.o
                0x0000000000002290                FTM1_IRQHandler
 .text.FTM2_IRQHandler
                0x0000000000002298        0x8 ./startup/startup_mk66f18.o
                0x0000000000002298                FTM2_IRQHandler
 .text.CMT_IRQHandler
                0x00000000000022a0        0x8 ./startup/startup_mk66f18.o
                0x00000000000022a0                CMT_IRQHandler
 .text.RTC_IRQHandler
                0x00000000000022a8        0x8 ./startup/startup_mk66f18.o
                0x00000000000022a8                RTC_IRQHandler
 .text.RTC_Seconds_IRQHandler
                0x00000000000022b0        0x8 ./startup/startup_mk66f18.o
                0x00000000000022b0                RTC_Seconds_IRQHandler
 .text.PIT0_IRQHandler
                0x00000000000022b8        0x8 ./startup/startup_mk66f18.o
                0x00000000000022b8                PIT0_IRQHandler
 .text.PIT1_IRQHandler
                0x00000000000022c0        0x8 ./startup/startup_mk66f18.o
                0x00000000000022c0                PIT1_IRQHandler
 .text.PIT2_IRQHandler
                0x00000000000022c8        0x8 ./startup/startup_mk66f18.o
                0x00000000000022c8                PIT2_IRQHandler
 .text.PIT3_IRQHandler
                0x00000000000022d0        0x8 ./startup/startup_mk66f18.o
                0x00000000000022d0                PIT3_IRQHandler
 .text.PDB0_IRQHandler
                0x00000000000022d8        0x8 ./startup/startup_mk66f18.o
                0x00000000000022d8                PDB0_IRQHandler
 .text.USB0_IRQHandler
                0x00000000000022e0        0x8 ./startup/startup_mk66f18.o
                0x00000000000022e0                USB0_IRQHandler
 .text.USBDCD_IRQHandler
                0x00000000000022e8        0x8 ./startup/startup_mk66f18.o
                0x00000000000022e8                USBDCD_IRQHandler
 .text.Reserved71_IRQHandler
                0x00000000000022f0        0x8 ./startup/startup_mk66f18.o
                0x00000000000022f0                Reserved71_IRQHandler
 .text.DAC0_IRQHandler
                0x00000000000022f8        0x8 ./startup/startup_mk66f18.o
                0x00000000000022f8                DAC0_IRQHandler
 .text.MCG_IRQHandler
                0x0000000000002300        0x8 ./startup/startup_mk66f18.o
                0x0000000000002300                MCG_IRQHandler
 .text.LPTMR0_IRQHandler
                0x0000000000002308        0x8 ./startup/startup_mk66f18.o
                0x0000000000002308                LPTMR0_IRQHandler
 .text.PORTA_IRQHandler
                0x0000000000002310        0x8 ./startup/startup_mk66f18.o
                0x0000000000002310                PORTA_IRQHandler
 .text.PORTB_IRQHandler
                0x0000000000002318        0x8 ./startup/startup_mk66f18.o
                0x0000000000002318                PORTB_IRQHandler
 .text.PORTC_IRQHandler
                0x0000000000002320        0x8 ./startup/startup_mk66f18.o
                0x0000000000002320                PORTC_IRQHandler
 .text.PORTD_IRQHandler
                0x0000000000002328        0x8 ./startup/startup_mk66f18.o
                0x0000000000002328                PORTD_IRQHandler
 .text.PORTE_IRQHandler
                0x0000000000002330        0x8 ./startup/startup_mk66f18.o
                0x0000000000002330                PORTE_IRQHandler
 .text.SWI_IRQHandler
                0x0000000000002338        0x8 ./startup/startup_mk66f18.o
                0x0000000000002338                SWI_IRQHandler
 .text.SPI2_IRQHandler
                0x0000000000002340        0x8 ./startup/startup_mk66f18.o
                0x0000000000002340                SPI2_IRQHandler
 .text.UART4_RX_TX_IRQHandler
                0x0000000000002348        0x8 ./startup/startup_mk66f18.o
                0x0000000000002348                UART4_RX_TX_IRQHandler
 .text.UART4_ERR_IRQHandler
                0x0000000000002350        0x8 ./startup/startup_mk66f18.o
                0x0000000000002350                UART4_ERR_IRQHandler
 .text.Reserved84_IRQHandler
                0x0000000000002358        0x8 ./startup/startup_mk66f18.o
                0x0000000000002358                Reserved84_IRQHandler
 .text.Reserved85_IRQHandler
                0x0000000000002360        0x8 ./startup/startup_mk66f18.o
                0x0000000000002360                Reserved85_IRQHandler
 .text.CMP2_IRQHandler
                0x0000000000002368        0x8 ./startup/startup_mk66f18.o
                0x0000000000002368                CMP2_IRQHandler
 .text.FTM3_IRQHandler
                0x0000000000002370        0x8 ./startup/startup_mk66f18.o
                0x0000000000002370                FTM3_IRQHandler
 .text.DAC1_IRQHandler
                0x0000000000002378        0x8 ./startup/startup_mk66f18.o
                0x0000000000002378                DAC1_IRQHandler
 .text.ADC1_IRQHandler
                0x0000000000002380        0x8 ./startup/startup_mk66f18.o
                0x0000000000002380                ADC1_IRQHandler
 .text.I2C2_IRQHandler
                0x0000000000002388        0x8 ./startup/startup_mk66f18.o
                0x0000000000002388                I2C2_IRQHandler
 .text.CAN0_ORed_Message_buffer_IRQHandler
                0x0000000000002390        0x8 ./startup/startup_mk66f18.o
                0x0000000000002390                CAN0_ORed_Message_buffer_IRQHandler
 .text.CAN0_Bus_Off_IRQHandler
                0x0000000000002398        0x8 ./startup/startup_mk66f18.o
                0x0000000000002398                CAN0_Bus_Off_IRQHandler
 .text.CAN0_Error_IRQHandler
                0x00000000000023a0        0x8 ./startup/startup_mk66f18.o
                0x00000000000023a0                CAN0_Error_IRQHandler
 .text.CAN0_Tx_Warning_IRQHandler
                0x00000000000023a8        0x8 ./startup/startup_mk66f18.o
                0x00000000000023a8                CAN0_Tx_Warning_IRQHandler
 .text.CAN0_Rx_Warning_IRQHandler
                0x00000000000023b0        0x8 ./startup/startup_mk66f18.o
                0x00000000000023b0                CAN0_Rx_Warning_IRQHandler
 .text.CAN0_Wake_Up_IRQHandler
                0x00000000000023b8        0x8 ./startup/startup_mk66f18.o
                0x00000000000023b8                CAN0_Wake_Up_IRQHandler
 .text.SDHC_IRQHandler
                0x00000000000023c0        0x8 ./startup/startup_mk66f18.o
                0x00000000000023c0                SDHC_IRQHandler
 .text.ENET_1588_Timer_IRQHandler
                0x00000000000023c8        0x8 ./startup/startup_mk66f18.o
                0x00000000000023c8                ENET_1588_Timer_IRQHandler
 .text.ENET_Transmit_IRQHandler
                0x00000000000023d0        0x8 ./startup/startup_mk66f18.o
                0x00000000000023d0                ENET_Transmit_IRQHandler
 .text.ENET_Receive_IRQHandler
                0x00000000000023d8        0x8 ./startup/startup_mk66f18.o
                0x00000000000023d8                ENET_Receive_IRQHandler
 .text.ENET_Error_IRQHandler
                0x00000000000023e0        0x8 ./startup/startup_mk66f18.o
                0x00000000000023e0                ENET_Error_IRQHandler
 .text.LPUART0_IRQHandler
                0x00000000000023e8        0x8 ./startup/startup_mk66f18.o
                0x00000000000023e8                LPUART0_IRQHandler
 .text.TSI0_IRQHandler
                0x00000000000023f0        0x8 ./startup/startup_mk66f18.o
                0x00000000000023f0                TSI0_IRQHandler
 .text.TPM1_IRQHandler
                0x00000000000023f8        0x8 ./startup/startup_mk66f18.o
                0x00000000000023f8                TPM1_IRQHandler
 .text.TPM2_IRQHandler
                0x0000000000002400        0x8 ./startup/startup_mk66f18.o
                0x0000000000002400                TPM2_IRQHandler
 .text.USBHSDCD_IRQHandler
                0x0000000000002408        0x8 ./startup/startup_mk66f18.o
                0x0000000000002408                USBHSDCD_IRQHandler
 .text.I2C3_IRQHandler
                0x0000000000002410        0x8 ./startup/startup_mk66f18.o
                0x0000000000002410                I2C3_IRQHandler
 .text.CMP3_IRQHandler
                0x0000000000002418        0x8 ./startup/startup_mk66f18.o
                0x0000000000002418                CMP3_IRQHandler
 .text.USBHS_IRQHandler
                0x0000000000002420        0x8 ./startup/startup_mk66f18.o
                0x0000000000002420                USBHS_IRQHandler
 .text.CAN1_ORed_Message_buffer_IRQHandler
                0x0000000000002428        0x8 ./startup/startup_mk66f18.o
                0x0000000000002428                CAN1_ORed_Message_buffer_IRQHandler
 .text.CAN1_Bus_Off_IRQHandler
                0x0000000000002430        0x8 ./startup/startup_mk66f18.o
                0x0000000000002430                CAN1_Bus_Off_IRQHandler
 .text.CAN1_Error_IRQHandler
                0x0000000000002438        0x8 ./startup/startup_mk66f18.o
                0x0000000000002438                CAN1_Error_IRQHandler
 .text.CAN1_Tx_Warning_IRQHandler
                0x0000000000002440        0x8 ./startup/startup_mk66f18.o
                0x0000000000002440                CAN1_Tx_Warning_IRQHandler
 .text.CAN1_Rx_Warning_IRQHandler
                0x0000000000002448        0x8 ./startup/startup_mk66f18.o
                0x0000000000002448                CAN1_Rx_Warning_IRQHandler
 .text.CAN1_Wake_Up_IRQHandler
                0x0000000000002450        0x8 ./startup/startup_mk66f18.o
                0x0000000000002450                CAN1_Wake_Up_IRQHandler
 .text.HardFault_Handler
                0x0000000000002458       0x2c ./source/semihost_hardfault.o
                0x0000000000002458                HardFault_Handler
 .text.OSC_SetExtRefClkConfig
                0x0000000000002484       0x40 ./drivers/fsl_clock.o
 .text.OSC_SetCapLoad
                0x00000000000024c4       0x34 ./drivers/fsl_clock.o
 .text.CLOCK_GetPll0RefFreq
                0x00000000000024f8        0xe ./drivers/fsl_clock.o
 .text.UART0_RX_TX_DriverIRQHandler
                0x0000000000002506       0x12 ./drivers/fsl_uart.o
                0x0000000000002506                UART0_RX_TX_DriverIRQHandler
 .text.UART1_RX_TX_DriverIRQHandler
                0x0000000000002518       0x12 ./drivers/fsl_uart.o
                0x0000000000002518                UART1_RX_TX_DriverIRQHandler
 .text.UART2_RX_TX_DriverIRQHandler
                0x000000000000252a       0x12 ./drivers/fsl_uart.o
                0x000000000000252a                UART2_RX_TX_DriverIRQHandler
 .text.UART3_RX_TX_DriverIRQHandler
                0x000000000000253c       0x12 ./drivers/fsl_uart.o
                0x000000000000253c                UART3_RX_TX_DriverIRQHandler
 .text.UART4_RX_TX_DriverIRQHandler
                0x000000000000254e       0x12 ./drivers/fsl_uart.o
                0x000000000000254e                UART4_RX_TX_DriverIRQHandler
 .text.SystemInitHook
                0x0000000000002560        0xe ./device/system_MK66F18.o
                0x0000000000002560                SystemInitHook
 .text.DbgConsole_Init
                0x000000000000256e       0x20 ./board/board.o
 .text.BOARD_InitDebugConsole
                0x000000000000258e       0x22 ./board/board.o
                0x000000000000258e                BOARD_InitDebugConsole
 .text.BOARD_InitBootClocks
                0x00000000000025b0        0xc ./board/clock_config.o
                0x00000000000025b0                BOARD_InitBootClocks
 .text.CLOCK_EnableClock
                0x00000000000025bc       0x34 ./board/pin_mux.o
 .text.PORT_SetPinMux
                0x00000000000025f0       0x3a ./board/pin_mux.o
 .text.BOARD_InitBootPins
                0x000000000000262a        0xc ./board/pin_mux.o
                0x000000000000262a                BOARD_InitBootPins
 .text.__main   0x0000000000002636        0xe /usr/local/mcuxpressoide-11.4.1_6260/ide/plugins/com.nxp.mcuxpresso.tools.linux_11.4.0.202103011116/tools/bin/../lib/gcc/arm-none-eabi/10.2.1/../../../../arm-none-eabi/lib/thumb/v7e-m+fp/hard/libcr_nohost_nf.a(_cr__main.o)
                0x0000000000002636                __main
 .text.memset   0x0000000000002644        0x4 /usr/local/mcuxpressoide-11.4.1_6260/ide/plugins/com.nxp.mcuxpresso.tools.linux_11.4.0.202103011116/tools/bin/../lib/gcc/arm-none-eabi/10.2.1/../../../../arm-none-eabi/lib/thumb/v7e-m+fp/hard/libcr_c.a(memset.o)
                0x0000000000002644                memset
 .text._Csys_read_
                0x0000000000002648       0x22 /usr/local/mcuxpressoide-11.4.1_6260/ide/plugins/com.nxp.mcuxpresso.tools.linux_11.4.0.202103011116/tools/bin/../lib/gcc/arm-none-eabi/10.2.1/../../../../arm-none-eabi/lib/thumb/v7e-m+fp/hard/libcr_c.a(__fillbuf.o)
                0x0000000000002648                _Csys_read_
 .text._deferredlazyseek
                0x000000000000266a       0x40 /usr/local/mcuxpressoide-11.4.1_6260/ide/plugins/com.nxp.mcuxpresso.tools.linux_11.4.0.202103011116/tools/bin/../lib/gcc/arm-none-eabi/10.2.1/../../../../arm-none-eabi/lib/thumb/v7e-m+fp/hard/libcr_c.a(_deferredlazyseek.o)
                0x000000000000266a                _deferredlazyseek
 .text.__flsbuf
                0x00000000000026aa      0x140 /usr/local/mcuxpressoide-11.4.1_6260/ide/plugins/com.nxp.mcuxpresso.tools.linux_11.4.0.202103011116/tools/bin/../lib/gcc/arm-none-eabi/10.2.1/../../../../arm-none-eabi/lib/thumb/v7e-m+fp/hard/libcr_c.a(_deferredlazyseek.o)
                0x00000000000026aa                __flsbuf
 .text._fflush  0x00000000000027ea       0x52 /usr/local/mcuxpressoide-11.4.1_6260/ide/plugins/com.nxp.mcuxpresso.tools.linux_11.4.0.202103011116/tools/bin/../lib/gcc/arm-none-eabi/10.2.1/../../../../arm-none-eabi/lib/thumb/v7e-m+fp/hard/libcr_c.a(_fflush.o)
                0x00000000000027ea                _fflush
 .text.free     0x000000000000283c       0x30 /usr/local/mcuxpressoide-11.4.1_6260/ide/plugins/com.nxp.mcuxpresso.tools.linux_11.4.0.202103011116/tools/bin/../lib/gcc/arm-none-eabi/10.2.1/../../../../arm-none-eabi/lib/thumb/v7e-m+fp/hard/libcr_c.a(alloc.o)
                0x000000000000283c                free
 .text.no_fp_display
                0x000000000000286c        0x4 /usr/local/mcuxpressoide-11.4.1_6260/ide/plugins/com.nxp.mcuxpresso.tools.linux_11.4.0.202103011116/tools/bin/../lib/gcc/arm-none-eabi/10.2.1/../../../../arm-none-eabi/lib/thumb/v7e-m+fp/hard/libcr_c.a(printf.o)
 .text.setvbuf  0x0000000000002870       0x3e /usr/local/mcuxpressoide-11.4.1_6260/ide/plugins/com.nxp.mcuxpresso.tools.linux_11.4.0.202103011116/tools/bin/../lib/gcc/arm-none-eabi/10.2.1/../../../../arm-none-eabi/lib/thumb/v7e-m+fp/hard/libcr_c.a(setvbuf.o)
                0x0000000000002870                setvbuf
 .text.strlen   0x00000000000028ae       0x48 /usr/local/mcuxpressoide-11.4.1_6260/ide/plugins/com.nxp.mcuxpresso.tools.linux_11.4.0.202103011116/tools/bin/../lib/gcc/arm-none-eabi/10.2.1/../../../../arm-none-eabi/lib/thumb/v7e-m+fp/hard/libcr_c.a(strlen.o)
                0x00000000000028ae                strlen
 .text._fdopen  0x00000000000028f6       0x68 /usr/local/mcuxpressoide-11.4.1_6260/ide/plugins/com.nxp.mcuxpresso.tools.linux_11.4.0.202103011116/tools/bin/../lib/gcc/arm-none-eabi/10.2.1/../../../../arm-none-eabi/lib/thumb/v7e-m+fp/hard/libcr_c.a(_fdopen.o)
                0x00000000000028f6                _fdopen
 .text.fclose   0x000000000000295e       0x58 /usr/local/mcuxpressoide-11.4.1_6260/ide/plugins/com.nxp.mcuxpresso.tools.linux_11.4.0.202103011116/tools/bin/../lib/gcc/arm-none-eabi/10.2.1/../../../../arm-none-eabi/lib/thumb/v7e-m+fp/hard/libcr_c.a(fclose.o)
                0x000000000000295e                fclose
 .text.remove   0x00000000000029b6       0x14 /usr/local/mcuxpressoide-11.4.1_6260/ide/plugins/com.nxp.mcuxpresso.tools.linux_11.4.0.202103011116/tools/bin/../lib/gcc/arm-none-eabi/10.2.1/../../../../arm-none-eabi/lib/thumb/v7e-m+fp/hard/libcr_c.a(remove.o)
                0x00000000000029b6                remove
 .text._do_fflush
                0x00000000000029ca       0x40 /usr/local/mcuxpressoide-11.4.1_6260/ide/plugins/com.nxp.mcuxpresso.tools.linux_11.4.0.202103011116/tools/bin/../lib/gcc/arm-none-eabi/10.2.1/../../../../arm-none-eabi/lib/thumb/v7e-m+fp/hard/libcr_c.a(_do_fflush.o)
                0x00000000000029ca                _do_fflush
 .text.__aeabi_memset_lowlevel
                0x0000000000002a0a       0x32 /usr/local/mcuxpressoide-11.4.1_6260/ide/plugins/com.nxp.mcuxpresso.tools.linux_11.4.0.202103011116/tools/bin/../lib/gcc/arm-none-eabi/10.2.1/thumb/v7e-m+fp/hard/libcr_eabihelpers.a(memcpy.o)
                0x0000000000002a0a                __aeabi_lowlevel_memset
 .text.__sys_appexit
                0x0000000000002a3c        0x2 /usr/local/mcuxpressoide-11.4.1_6260/ide/plugins/com.nxp.mcuxpresso.tools.linux_11.4.0.202103011116/tools/bin/../lib/gcc/arm-none-eabi/10.2.1/../../../../arm-none-eabi/lib/thumb/v7e-m+fp/hard/libcr_nohost_nf.a(__sys_appexit.o)
                0x0000000000002a3c                __exit
                0x0000000000002a3c                __sys_appexit
 .text.__sys_close
                0x0000000000002a3e        0x6 /usr/local/mcuxpressoide-11.4.1_6260/ide/plugins/com.nxp.mcuxpresso.tools.linux_11.4.0.202103011116/tools/bin/../lib/gcc/arm-none-eabi/10.2.1/../../../../arm-none-eabi/lib/thumb/v7e-m+fp/hard/libcr_nohost_nf.a(__sys_close.o)
                0x0000000000002a3e                __sys_close
 .text.__sys_flen
                0x0000000000002a44        0x6 /usr/local/mcuxpressoide-11.4.1_6260/ide/plugins/com.nxp.mcuxpresso.tools.linux_11.4.0.202103011116/tools/bin/../lib/gcc/arm-none-eabi/10.2.1/../../../../arm-none-eabi/lib/thumb/v7e-m+fp/hard/libcr_nohost_nf.a(__sys_flen.o)
                0x0000000000002a44                __sys_flen
 .text.__sys_istty
                0x0000000000002a4a        0x6 /usr/local/mcuxpressoide-11.4.1_6260/ide/plugins/com.nxp.mcuxpresso.tools.linux_11.4.0.202103011116/tools/bin/../lib/gcc/arm-none-eabi/10.2.1/../../../../arm-none-eabi/lib/thumb/v7e-m+fp/hard/libcr_nohost_nf.a(__sys_istty.o)
                0x0000000000002a4a                __sys_istty
 .text.__sys_read
                0x0000000000002a50        0x4 /usr/local/mcuxpressoide-11.4.1_6260/ide/plugins/com.nxp.mcuxpresso.tools.linux_11.4.0.202103011116/tools/bin/../lib/gcc/arm-none-eabi/10.2.1/../../../../arm-none-eabi/lib/thumb/v7e-m+fp/hard/libcr_nohost_nf.a(__sys_read.o)
                0x0000000000002a50                __sys_read
 .text.__sys_readc
                0x0000000000002a54        0x6 /usr/local/mcuxpressoide-11.4.1_6260/ide/plugins/com.nxp.mcuxpresso.tools.linux_11.4.0.202103011116/tools/bin/../lib/gcc/arm-none-eabi/10.2.1/../../../../arm-none-eabi/lib/thumb/v7e-m+fp/hard/libcr_nohost_nf.a(__sys_readc.o)
                0x0000000000002a54                __readc
                0x0000000000002a54                __sys_readc
 .text.__sys_remove
                0x0000000000002a5a        0x6 /usr/local/mcuxpressoide-11.4.1_6260/ide/plugins/com.nxp.mcuxpresso.tools.linux_11.4.0.202103011116/tools/bin/../lib/gcc/arm-none-eabi/10.2.1/../../../../arm-none-eabi/lib/thumb/v7e-m+fp/hard/libcr_nohost_nf.a(__sys_remove.o)
                0x0000000000002a5a                __sys_remove
 .text.__sys_seek
                0x0000000000002a60        0x6 /usr/local/mcuxpressoide-11.4.1_6260/ide/plugins/com.nxp.mcuxpresso.tools.linux_11.4.0.202103011116/tools/bin/../lib/gcc/arm-none-eabi/10.2.1/../../../../arm-none-eabi/lib/thumb/v7e-m+fp/hard/libcr_nohost_nf.a(__sys_seek.o)
                0x0000000000002a60                __sys_seek
 .text.__sys_tmpnam
                0x0000000000002a66        0x6 /usr/local/mcuxpressoide-11.4.1_6260/ide/plugins/com.nxp.mcuxpresso.tools.linux_11.4.0.202103011116/tools/bin/../lib/gcc/arm-none-eabi/10.2.1/../../../../arm-none-eabi/lib/thumb/v7e-m+fp/hard/libcr_nohost_nf.a(__sys_tmpnam.o)
                0x0000000000002a66                __sys_tmpnam
 .text.__sys_write
                0x0000000000002a6c        0x4 /usr/local/mcuxpressoide-11.4.1_6260/ide/plugins/com.nxp.mcuxpresso.tools.linux_11.4.0.202103011116/tools/bin/../lib/gcc/arm-none-eabi/10.2.1/../../../../arm-none-eabi/lib/thumb/v7e-m+fp/hard/libcr_nohost_nf.a(__sys_write.o)
                0x0000000000002a6c                __sys_write
 *(SORT_BY_ALIGNMENT(.rodata) SORT_BY_ALIGNMENT(.rodata.*) SORT_BY_ALIGNMENT(.constdata) SORT_BY_ALIGNMENT(.constdata.*))
 .rodata.__assertion_failed.str1.4
                0x0000000000002a70       0x14 ./utilities/fsl_assert.o
 .rodata.main.str1.4
                0x0000000000002a84        0xf ./source/experiment_1.o
 *fill*         0x0000000000002a93        0x1 ff
 .rodata.CLOCK_GetMcgExtClkFreq.str1.4
                0x0000000000002a94       0x4e ./drivers/fsl_clock.o
 *fill*         0x0000000000002ae2        0x2 ff
 .rodata.CLOCK_GetPll0Freq.str1.4
                0x0000000000002ae4       0x1e ./drivers/fsl_clock.o
 *fill*         0x0000000000002b02        0x2 ff
 .rodata.CLOCK_EnablePll0.str1.4
                0x0000000000002b04       0x1b ./drivers/fsl_clock.o
 *fill*         0x0000000000002b1f        0x1 ff
 .rodata.CLOCK_SetPbeMode.str1.4
                0x0000000000002b20       0x1b ./drivers/fsl_clock.o
 *fill*         0x0000000000002b3b        0x1 ff
 .rodata.CLOCK_BootToPeeMode.str1.4
                0x0000000000002b3c       0x1b ./drivers/fsl_clock.o
 *fill*         0x0000000000002b57        0x1 ff
 .rodata.fllFactorTable.1
                0x0000000000002b58       0x10 ./drivers/fsl_clock.o
 .rodata.mcgConfig_BOARD_BootClockRUN
                0x0000000000002b68        0xc ./board/clock_config.o
                0x0000000000002b68                mcgConfig_BOARD_BootClockRUN
 .rodata.simConfig_BOARD_BootClockRUN
                0x0000000000002b74        0x8 ./board/clock_config.o
                0x0000000000002b74                simConfig_BOARD_BootClockRUN
 .rodata.oscConfig_BOARD_BootClockRUN
                0x0000000000002b7c        0x8 ./board/clock_config.o
                0x0000000000002b7c                oscConfig_BOARD_BootClockRUN
 .rodata.__num_Ciob_streams
                0x0000000000002b84        0x4 /usr/local/mcuxpressoide-11.4.1_6260/ide/plugins/com.nxp.mcuxpresso.tools.linux_11.4.0.202103011116/tools/bin/../lib/gcc/arm-none-eabi/10.2.1/../../../../arm-none-eabi/lib/thumb/v7e-m+fp/hard/libcr_nohost_nf.a(__ciob.o)
                0x0000000000002b84                __num_Ciob_streams
 .rodata._Csys_alloc.str1.1
                0x0000000000002b88       0x18 /usr/local/mcuxpressoide-11.4.1_6260/ide/plugins/com.nxp.mcuxpresso.tools.linux_11.4.0.202103011116/tools/bin/../lib/gcc/arm-none-eabi/10.2.1/../../../../arm-none-eabi/lib/thumb/v7e-m+fp/hard/libcr_c.a(alloc.o)
 .rodata._initio.str1.1
                0x0000000000002ba0        0x4 /usr/local/mcuxpressoide-11.4.1_6260/ide/plugins/com.nxp.mcuxpresso.tools.linux_11.4.0.202103011116/tools/bin/../lib/gcc/arm-none-eabi/10.2.1/../../../../arm-none-eabi/lib/thumb/v7e-m+fp/hard/libcr_c.a(initio.o)
 .rodata.__vfprintf.str1.1
                0x0000000000002ba4       0x37 /usr/local/mcuxpressoide-11.4.1_6260/ide/plugins/com.nxp.mcuxpresso.tools.linux_11.4.0.202103011116/tools/bin/../lib/gcc/arm-none-eabi/10.2.1/../../../../arm-none-eabi/lib/thumb/v7e-m+fp/hard/libcr_c.a(printf.o)
                                         0x38 (size before relaxing)
                0x0000000000002be0                . = ALIGN (0x8)
 *fill*         0x0000000000002bdb        0x5 ff

.glue_7         0x0000000000002be0        0x0
 .glue_7        0x0000000000002be0        0x0 linker stubs

.glue_7t        0x0000000000002be0        0x0
 .glue_7t       0x0000000000002be0        0x0 linker stubs

.vfp11_veneer   0x0000000000002be0        0x0
 .vfp11_veneer  0x0000000000002be0        0x0 linker stubs

.v4_bx          0x0000000000002be0        0x0
 .v4_bx         0x0000000000002be0        0x0 linker stubs

.iplt           0x0000000000002be0        0x0
 .iplt          0x0000000000002be0        0x0 ./utilities/fsl_assert.o

.rel.dyn        0x0000000000002be0        0x0
 .rel.iplt      0x0000000000002be0        0x0 ./utilities/fsl_assert.o

.ARM.extab
 *(SORT_BY_ALIGNMENT(.ARM.extab*) SORT_BY_ALIGNMENT(.gnu.linkonce.armextab.*))

.ARM.exidx      0x0000000000002be0        0x0
                0x0000000000002be0                __exidx_start = .
 *(SORT_BY_ALIGNMENT(.ARM.exidx*) SORT_BY_ALIGNMENT(.gnu.linkonce.armexidx.*))
                0x0000000000002be0                __exidx_end = .
                0x0000000000002be0                _etext = .

.m_usb_data
 *(SORT_BY_ALIGNMENT(m_usb_bdt))

.data_RAM2      0x000000001fff0000        0x0 load address 0x0000000000002be0
 FILL mask 0xff
                [!provide]                        PROVIDE (__start_data_RAM2 = .)
                [!provide]                        PROVIDE (__start_data_SRAM_LOWER = .)
 *(SORT_BY_ALIGNMENT(.ramfunc.$RAM2))
 *(SORT_BY_ALIGNMENT(.ramfunc.$SRAM_LOWER))
 *(SORT_BY_ALIGNMENT(NonCacheable.init))
 *(SORT_BY_ALIGNMENT(.data.$RAM2))
 *(SORT_BY_ALIGNMENT(.data.$SRAM_LOWER))
 *(SORT_BY_ALIGNMENT(.data.$RAM2.*))
 *(SORT_BY_ALIGNMENT(.data.$SRAM_LOWER.*))
                0x000000001fff0000                . = ALIGN (0x8)
                [!provide]                        PROVIDE (__end_data_RAM2 = .)
                [!provide]                        PROVIDE (__end_data_SRAM_LOWER = .)

.data_RAM3      0x0000000014000000        0x0 load address 0x0000000000002be0
 FILL mask 0xff
                [!provide]                        PROVIDE (__start_data_RAM3 = .)
                [!provide]                        PROVIDE (__start_data_FLEX_RAM = .)
 *(SORT_BY_ALIGNMENT(.ramfunc.$RAM3))
 *(SORT_BY_ALIGNMENT(.ramfunc.$FLEX_RAM))
 *(SORT_BY_ALIGNMENT(.data.$RAM3))
 *(SORT_BY_ALIGNMENT(.data.$FLEX_RAM))
 *(SORT_BY_ALIGNMENT(.data.$RAM3.*))
 *(SORT_BY_ALIGNMENT(.data.$FLEX_RAM.*))
                0x0000000014000000                . = ALIGN (0x8)
                [!provide]                        PROVIDE (__end_data_RAM3 = .)
                [!provide]                        PROVIDE (__end_data_FLEX_RAM = .)

.uninit_RESERVED
                0x0000000020000000        0x0
                0x0000000020000000                _start_uninit_RESERVED = .
 *(SORT_BY_ALIGNMENT(.bss.$RESERVED*))
                0x0000000020000000                . = ALIGN (0x8)
                0x0000000020000000                _end_uninit_RESERVED = .

.data           0x0000000020000000       0x10 load address 0x0000000000002be0
 FILL mask 0xff
                0x0000000020000000                _data = .
                [!provide]                        PROVIDE (__start_data_RAM = .)
                [!provide]                        PROVIDE (__start_data_SRAM_UPPER = .)
 *(SORT_BY_ALIGNMENT(vtable))
 *(SORT_BY_ALIGNMENT(.ramfunc*))
 *(SORT_BY_ALIGNMENT(CodeQuickAccess))
 *(SORT_BY_ALIGNMENT(DataQuickAccess))
 *(SORT_BY_ALIGNMENT(RamFunction))
 *(SORT_BY_ALIGNMENT(.data*))
 .data.s_slowIrcFreq
                0x0000000020000000        0x4 ./drivers/fsl_clock.o
 .data.s_fastIrcFreq
                0x0000000020000004        0x4 ./drivers/fsl_clock.o
 .data.SystemCoreClock
                0x0000000020000008        0x4 ./device/system_MK66F18.o
                0x0000000020000008                SystemCoreClock
                0x0000000020000010                . = ALIGN (0x8)
 *fill*         0x000000002000000c        0x4 ff
                0x0000000020000010                _edata = .
                [!provide]                        PROVIDE (__end_data_RAM = .)
                [!provide]                        PROVIDE (__end_data_SRAM_UPPER = .)

.igot.plt       0x0000000020000010        0x0 load address 0x0000000000002bf0
 .igot.plt      0x0000000020000010        0x0 ./utilities/fsl_assert.o

.bss_RAM2       0x000000001fff0000        0x0
                [!provide]                        PROVIDE (__start_bss_RAM2 = .)
                [!provide]                        PROVIDE (__start_bss_SRAM_LOWER = .)
 *(SORT_BY_ALIGNMENT(NonCacheable))
 *(SORT_BY_ALIGNMENT(.bss.$RAM2))
 *(SORT_BY_ALIGNMENT(.bss.$SRAM_LOWER))
 *(SORT_BY_ALIGNMENT(.bss.$RAM2.*))
 *(SORT_BY_ALIGNMENT(.bss.$SRAM_LOWER.*))
                0x000000001fff0000                . = ALIGN ((. != 0x0)?0x8:0x1)
                [!provide]                        PROVIDE (__end_bss_RAM2 = .)
                [!provide]                        PROVIDE (__end_bss_SRAM_LOWER = .)

.bss_RAM3       0x0000000014000000        0x0
                [!provide]                        PROVIDE (__start_bss_RAM3 = .)
                [!provide]                        PROVIDE (__start_bss_FLEX_RAM = .)
 *(SORT_BY_ALIGNMENT(.bss.$RAM3))
 *(SORT_BY_ALIGNMENT(.bss.$FLEX_RAM))
 *(SORT_BY_ALIGNMENT(.bss.$RAM3.*))
 *(SORT_BY_ALIGNMENT(.bss.$FLEX_RAM.*))
                0x0000000014000000                . = ALIGN ((. != 0x0)?0x8:0x1)
                [!provide]                        PROVIDE (__end_bss_RAM3 = .)
                [!provide]                        PROVIDE (__end_bss_FLEX_RAM = .)

.bss            0x0000000020000010       0xf0
                0x0000000020000010                _bss = .
                [!provide]                        PROVIDE (__start_bss_RAM = .)
                [!provide]                        PROVIDE (__start_bss_SRAM_UPPER = .)
 *(SORT_BY_ALIGNMENT(.bss*))
 .bss.s_extPllFreq
                0x0000000020000010        0x4 ./drivers/fsl_clock.o
 .bss.g_xtal0Freq
                0x0000000020000014        0x4 ./drivers/fsl_clock.o
                0x0000000020000014                g_xtal0Freq
 .bss.g_xtal32Freq
                0x0000000020000018        0x4 ./drivers/fsl_clock.o
                0x0000000020000018                g_xtal32Freq
 .bss.s_lpuartHandle
                0x000000002000001c        0x4 ./drivers/fsl_lpuart.o
                0x000000002000001c                s_lpuartHandle
 .bss.s_lpuartIsr
                0x0000000020000020        0x4 ./drivers/fsl_lpuart.o
                0x0000000020000020                s_lpuartIsr
 .bss.s_uartHandle
                0x0000000020000024       0x14 ./drivers/fsl_uart.o
                0x0000000020000024                s_uartHandle
 .bss.s_uartIsr
                0x0000000020000038        0x4 ./drivers/fsl_uart.o
                0x0000000020000038                s_uartIsr
 .bss.__Ciob    0x000000002000003c       0xb4 /usr/local/mcuxpressoide-11.4.1_6260/ide/plugins/com.nxp.mcuxpresso.tools.linux_11.4.0.202103011116/tools/bin/../lib/gcc/arm-none-eabi/10.2.1/../../../../arm-none-eabi/lib/thumb/v7e-m+fp/hard/libcr_nohost_nf.a(__ciob.o)
                0x000000002000003c                __Ciob
 .bss.__end_of_heap
                0x00000000200000f0        0x4 /usr/local/mcuxpressoide-11.4.1_6260/ide/plugins/com.nxp.mcuxpresso.tools.linux_11.4.0.202103011116/tools/bin/../lib/gcc/arm-none-eabi/10.2.1/../../../../arm-none-eabi/lib/thumb/v7e-m+fp/hard/libcr_c.a(__init_alloc.o)
                0x00000000200000f0                __end_of_heap
 .bss.__heaps   0x00000000200000f4        0x4 /usr/local/mcuxpressoide-11.4.1_6260/ide/plugins/com.nxp.mcuxpresso.tools.linux_11.4.0.202103011116/tools/bin/../lib/gcc/arm-none-eabi/10.2.1/../../../../arm-none-eabi/lib/thumb/v7e-m+fp/hard/libcr_c.a(__init_alloc.o)
                0x00000000200000f4                __heaps
 .bss.errno     0x00000000200000f8        0x4 /usr/local/mcuxpressoide-11.4.1_6260/ide/plugins/com.nxp.mcuxpresso.tools.linux_11.4.0.202103011116/tools/bin/../lib/gcc/arm-none-eabi/10.2.1/../../../../arm-none-eabi/lib/thumb/v7e-m+fp/hard/libcr_c.a(errno.o)
                0x00000000200000f8                errno
 *(SORT_BY_ALIGNMENT(COMMON))
                0x0000000020000100                . = ALIGN (0x8)
 *fill*         0x00000000200000fc        0x4 
                0x0000000020000100                _ebss = .
                [!provide]                        PROVIDE (__end_bss_RAM = .)
                [!provide]                        PROVIDE (__end_bss_SRAM_UPPER = .)
                [!provide]                        PROVIDE (end = .)

.noinit_RAM2    0x000000001fff0000        0x0
                [!provide]                        PROVIDE (__start_noinit_RAM2 = .)
                [!provide]                        PROVIDE (__start_noinit_SRAM_LOWER = .)
 *(SORT_BY_ALIGNMENT(.noinit.$RAM2))
 *(SORT_BY_ALIGNMENT(.noinit.$SRAM_LOWER))
 *(SORT_BY_ALIGNMENT(.noinit.$RAM2.*))
 *(SORT_BY_ALIGNMENT(.noinit.$SRAM_LOWER.*))
                0x000000001fff0000                . = ALIGN (0x8)
                [!provide]                        PROVIDE (__end_noinit_RAM2 = .)
                [!provide]                        PROVIDE (__end_noinit_SRAM_LOWER = .)

.noinit_RAM3    0x0000000014000000        0x0
                [!provide]                        PROVIDE (__start_noinit_RAM3 = .)
                [!provide]                        PROVIDE (__start_noinit_FLEX_RAM = .)
 *(SORT_BY_ALIGNMENT(.noinit.$RAM3))
 *(SORT_BY_ALIGNMENT(.noinit.$FLEX_RAM))
 *(SORT_BY_ALIGNMENT(.noinit.$RAM3.*))
 *(SORT_BY_ALIGNMENT(.noinit.$FLEX_RAM.*))
                0x0000000014000000                . = ALIGN (0x8)
                [!provide]                        PROVIDE (__end_noinit_RAM3 = .)
                [!provide]                        PROVIDE (__end_noinit_FLEX_RAM = .)

.noinit         0x0000000020000100        0x0
                0x0000000020000100                _noinit = .
                [!provide]                        PROVIDE (__start_noinit_RAM = .)
                [!provide]                        PROVIDE (__start_noinit_SRAM_UPPER = .)
 *(SORT_BY_ALIGNMENT(.noinit*))
                0x0000000020000100                . = ALIGN (0x8)
                0x0000000020000100                _end_noinit = .
                [!provide]                        PROVIDE (__end_noinit_RAM = .)
                [!provide]                        PROVIDE (__end_noinit_SRAM_UPPER = .)
                0x0000000000001000                _HeapSize = 0x1000

.heap           0x0000000020000100     0x1000
                0x0000000020000100                _pvHeapStart = .
                0x0000000020001100                . = (. + _HeapSize)
 *fill*         0x0000000020000100     0x1000 
                0x0000000020001100                . = ALIGN (0x8)
                0x0000000020001100                _pvHeapLimit = .
                0x0000000000001000                _StackSize = 0x1000

.heap2stackfill
                0x0000000020001100     0x1000
                0x0000000020002100                . = (. + _StackSize)
 *fill*         0x0000000020001100     0x1000 

.stack          0x000000002002f000        0x0
                0x000000002002f000                _vStackBase = .
                0x000000002002f000                . = ALIGN (0x8)
                0x0000000020030000                _vStackTop = (. + _StackSize)
                0x0000000000000000                _image_start = LOADADDR (.text)
                0x0000000000002bf0                _image_end = (LOADADDR (.data) + SIZEOF (.data))
                0x0000000000002bf0                _image_size = (_image_end - _image_start)
OUTPUT(lab0_experiments.axf elf32-littlearm)
LOAD linker stubs

.debug_info     0x0000000000000000     0x945c
 .debug_info    0x0000000000000000       0xaa ./utilities/fsl_assert.o
 .debug_info    0x00000000000000aa      0xa44 ./startup/startup_mk66f18.o
 .debug_info    0x0000000000000aee      0x1b1 ./source/experiment_1.o
 .debug_info    0x0000000000000c9f       0x3c ./source/semihost_hardfault.o
 .debug_info    0x0000000000000cdb     0x2938 ./drivers/fsl_clock.o
 .debug_info    0x0000000000003613     0x1e2f ./drivers/fsl_lpuart.o
 .debug_info    0x0000000000005442     0x2086 ./drivers/fsl_uart.o
 .debug_info    0x00000000000074c8      0xa4e ./device/system_MK66F18.o
 .debug_info    0x0000000000007f16      0x18a ./board/board.o
 .debug_info    0x00000000000080a0      0xcec ./board/clock_config.o
 .debug_info    0x0000000000008d8c      0x6d0 ./board/pin_mux.o

.debug_abbrev   0x0000000000000000     0x1426
 .debug_abbrev  0x0000000000000000       0x66 ./utilities/fsl_assert.o
 .debug_abbrev  0x0000000000000066      0x185 ./startup/startup_mk66f18.o
 .debug_abbrev  0x00000000000001eb       0xc0 ./source/experiment_1.o
 .debug_abbrev  0x00000000000002ab       0x31 ./source/semihost_hardfault.o
 .debug_abbrev  0x00000000000002dc      0x362 ./drivers/fsl_clock.o
 .debug_abbrev  0x000000000000063e      0x410 ./drivers/fsl_lpuart.o
 .debug_abbrev  0x0000000000000a4e      0x42e ./drivers/fsl_uart.o
 .debug_abbrev  0x0000000000000e7c      0x148 ./device/system_MK66F18.o
 .debug_abbrev  0x0000000000000fc4       0xc5 ./board/board.o
 .debug_abbrev  0x0000000000001089      0x214 ./board/clock_config.o
 .debug_abbrev  0x000000000000129d      0x189 ./board/pin_mux.o

.debug_aranges  0x0000000000000000      0xa28
 .debug_aranges
                0x0000000000000000       0x20 ./utilities/fsl_assert.o
 .debug_aranges
                0x0000000000000020      0x3a0 ./startup/startup_mk66f18.o
 .debug_aranges
                0x00000000000003c0       0x20 ./source/experiment_1.o
 .debug_aranges
                0x00000000000003e0       0x20 ./source/semihost_hardfault.o
 .debug_aranges
                0x0000000000000400      0x258 ./drivers/fsl_clock.o
 .debug_aranges
                0x0000000000000658      0x138 ./drivers/fsl_lpuart.o
 .debug_aranges
                0x0000000000000790      0x1a8 ./drivers/fsl_uart.o
 .debug_aranges
                0x0000000000000938       0x30 ./device/system_MK66F18.o
 .debug_aranges
                0x0000000000000968       0x28 ./board/board.o
 .debug_aranges
                0x0000000000000990       0x60 ./board/clock_config.o
 .debug_aranges
                0x00000000000009f0       0x38 ./board/pin_mux.o

.debug_ranges   0x0000000000000000      0x978
 .debug_ranges  0x0000000000000000       0x10 ./utilities/fsl_assert.o
 .debug_ranges  0x0000000000000010      0x390 ./startup/startup_mk66f18.o
 .debug_ranges  0x00000000000003a0       0x10 ./source/experiment_1.o
 .debug_ranges  0x00000000000003b0       0x10 ./source/semihost_hardfault.o
 .debug_ranges  0x00000000000003c0      0x248 ./drivers/fsl_clock.o
 .debug_ranges  0x0000000000000608      0x128 ./drivers/fsl_lpuart.o
 .debug_ranges  0x0000000000000730      0x198 ./drivers/fsl_uart.o
 .debug_ranges  0x00000000000008c8       0x20 ./device/system_MK66F18.o
 .debug_ranges  0x00000000000008e8       0x18 ./board/board.o
 .debug_ranges  0x0000000000000900       0x50 ./board/clock_config.o
 .debug_ranges  0x0000000000000950       0x28 ./board/pin_mux.o

.debug_macro    0x0000000000000000    0x1ac35
 .debug_macro   0x0000000000000000      0x12d ./utilities/fsl_assert.o
 .debug_macro   0x000000000000012d      0xac6 ./utilities/fsl_assert.o
 .debug_macro   0x0000000000000bf3       0x10 ./utilities/fsl_assert.o
 .debug_macro   0x0000000000000c03       0x1c ./utilities/fsl_assert.o
 .debug_macro   0x0000000000000c1f       0x22 ./utilities/fsl_assert.o
 .debug_macro   0x0000000000000c41      0x12e ./utilities/fsl_assert.o
 .debug_macro   0x0000000000000d6f      0x5b3 ./utilities/fsl_assert.o
 .debug_macro   0x0000000000001322       0x22 ./utilities/fsl_assert.o
 .debug_macro   0x0000000000001344       0x10 ./utilities/fsl_assert.o
 .debug_macro   0x0000000000001354       0x56 ./utilities/fsl_assert.o
 .debug_macro   0x00000000000013aa       0x1c ./utilities/fsl_assert.o
 .debug_macro   0x00000000000013c6       0x22 ./utilities/fsl_assert.o
 .debug_macro   0x00000000000013e8       0xfb ./utilities/fsl_assert.o
 .debug_macro   0x00000000000014e3      0xeeb ./utilities/fsl_assert.o
 .debug_macro   0x00000000000023ce       0x40 ./utilities/fsl_assert.o
 .debug_macro   0x000000000000240e    0x1626f ./utilities/fsl_assert.o
 .debug_macro   0x000000000001867d     0x149b ./utilities/fsl_assert.o
 .debug_macro   0x0000000000019b18       0x7a ./utilities/fsl_assert.o
 .debug_macro   0x0000000000019b92       0xa8 ./utilities/fsl_assert.o
 .debug_macro   0x0000000000019c3a      0x190 ./utilities/fsl_assert.o
 .debug_macro   0x0000000000019dca       0x1c ./utilities/fsl_assert.o
 .debug_macro   0x0000000000019de6       0xd2 ./utilities/fsl_assert.o
 .debug_macro   0x0000000000019eb8       0x1c ./utilities/fsl_assert.o
 .debug_macro   0x0000000000019ed4       0x29 ./startup/startup_mk66f18.o
 .debug_macro   0x0000000000019efd      0x170 ./source/experiment_1.o
 .debug_macro   0x000000000001a06d       0x46 ./source/experiment_1.o
 .debug_macro   0x000000000001a0b3       0x22 ./source/experiment_1.o
 .debug_macro   0x000000000001a0d5       0x16 ./source/experiment_1.o
 .debug_macro   0x000000000001a0eb       0x16 ./source/experiment_1.o
 .debug_macro   0x000000000001a101      0x24f ./source/experiment_1.o
 .debug_macro   0x000000000001a350       0x11 ./source/semihost_hardfault.o
 .debug_macro   0x000000000001a361      0x1e4 ./drivers/fsl_clock.o
 .debug_macro   0x000000000001a545      0x121 ./drivers/fsl_lpuart.o
 .debug_macro   0x000000000001a666       0x10 ./drivers/fsl_lpuart.o
 .debug_macro   0x000000000001a676      0x127 ./drivers/fsl_uart.o
 .debug_macro   0x000000000001a79d       0x10 ./drivers/fsl_uart.o
 .debug_macro   0x000000000001a7ad       0x98 ./device/system_MK66F18.o
 .debug_macro   0x000000000001a845      0x163 ./board/board.o
 .debug_macro   0x000000000001a9a8       0x1c ./board/board.o
 .debug_macro   0x000000000001a9c4      0x153 ./board/clock_config.o
 .debug_macro   0x000000000001ab17      0x11e ./board/pin_mux.o

.debug_line     0x0000000000000000     0x5e21
 .debug_line    0x0000000000000000      0x347 ./utilities/fsl_assert.o
 .debug_line    0x0000000000000347      0xa61 ./startup/startup_mk66f18.o
 .debug_line    0x0000000000000da8      0x435 ./source/experiment_1.o
 .debug_line    0x00000000000011dd       0x59 ./source/semihost_hardfault.o
 .debug_line    0x0000000000001236     0x1807 ./drivers/fsl_clock.o
 .debug_line    0x0000000000002a3d      0xfab ./drivers/fsl_lpuart.o
 .debug_line    0x00000000000039e8     0x1438 ./drivers/fsl_uart.o
 .debug_line    0x0000000000004e20      0x419 ./device/system_MK66F18.o
 .debug_line    0x0000000000005239      0x3c4 ./board/board.o
 .debug_line    0x00000000000055fd      0x460 ./board/clock_config.o
 .debug_line    0x0000000000005a5d      0x3c4 ./board/pin_mux.o

.debug_str      0x0000000000000000    0xbbf68
 .debug_str     0x0000000000000000    0xb4e6e ./utilities/fsl_assert.o
                                      0xb4f0b (size before relaxing)
 .debug_str     0x00000000000b4e6e      0x959 ./startup/startup_mk66f18.o
                                       0x37ea (size before relaxing)
 .debug_str     0x00000000000b57c7     0x119d ./source/experiment_1.o
                                      0xb6075 (size before relaxing)
 .debug_str     0x00000000000b6964       0x1f ./source/semihost_hardfault.o
                                       0x2e06 (size before relaxing)
 .debug_str     0x00000000000b6983     0x2e34 ./drivers/fsl_clock.o
                                      0xb7a30 (size before relaxing)
 .debug_str     0x00000000000b97b7     0x1629 ./drivers/fsl_lpuart.o
                                      0xb6f11 (size before relaxing)
 .debug_str     0x00000000000bade0      0x9d7 ./drivers/fsl_uart.o
                                      0xb6e82 (size before relaxing)
 .debug_str     0x00000000000bb7b7      0x127 ./device/system_MK66F18.o
                                      0xb3539 (size before relaxing)
 .debug_str     0x00000000000bb8de       0x98 ./board/board.o
                                      0xb5fd7 (size before relaxing)
 .debug_str     0x00000000000bb976      0x442 ./board/clock_config.o
                                      0xb5de9 (size before relaxing)
 .debug_str     0x00000000000bbdb8      0x1b0 ./board/pin_mux.o
                                      0xb52e8 (size before relaxing)

.comment        0x0000000000000000       0x4d
 .comment       0x0000000000000000       0x4d ./utilities/fsl_assert.o
                                         0x4e (size before relaxing)
 .comment       0x000000000000004d       0x4e ./startup/startup_mk66f18.o
 .comment       0x000000000000004d       0x4e ./source/experiment_1.o
 .comment       0x000000000000004d       0x4e ./source/semihost_hardfault.o
 .comment       0x000000000000004d       0x4e ./drivers/fsl_clock.o
 .comment       0x000000000000004d       0x4e ./drivers/fsl_lpuart.o
 .comment       0x000000000000004d       0x4e ./drivers/fsl_uart.o
 .comment       0x000000000000004d       0x4e ./device/system_MK66F18.o
 .comment       0x000000000000004d       0x4e ./board/board.o
 .comment       0x000000000000004d       0x4e ./board/clock_config.o
 .comment       0x000000000000004d       0x4e ./board/pin_mux.o
 .comment       0x000000000000004d       0x4e /usr/local/mcuxpressoide-11.4.1_6260/ide/plugins/com.nxp.mcuxpresso.tools.linux_11.4.0.202103011116/tools/bin/../lib/gcc/arm-none-eabi/10.2.1/../../../../arm-none-eabi/lib/thumb/v7e-m+fp/hard/libcr_nohost_nf.a(__ciob.o)
 .comment       0x000000000000004d       0x4e /usr/local/mcuxpressoide-11.4.1_6260/ide/plugins/com.nxp.mcuxpresso.tools.linux_11.4.0.202103011116/tools/bin/../lib/gcc/arm-none-eabi/10.2.1/../../../../arm-none-eabi/lib/thumb/v7e-m+fp/hard/libcr_nohost_nf.a(_cr__main.o)
 .comment       0x000000000000004d       0x4e /usr/local/mcuxpressoide-11.4.1_6260/ide/plugins/com.nxp.mcuxpresso.tools.linux_11.4.0.202103011116/tools/bin/../lib/gcc/arm-none-eabi/10.2.1/../../../../arm-none-eabi/lib/thumb/v7e-m+fp/hard/libcr_c.a(memset.o)
 .comment       0x000000000000004d       0x4e /usr/local/mcuxpressoide-11.4.1_6260/ide/plugins/com.nxp.mcuxpresso.tools.linux_11.4.0.202103011116/tools/bin/../lib/gcc/arm-none-eabi/10.2.1/../../../../arm-none-eabi/lib/thumb/v7e-m+fp/hard/libcr_c.a(__fillbuf.o)
 .comment       0x000000000000004d       0x4e /usr/local/mcuxpressoide-11.4.1_6260/ide/plugins/com.nxp.mcuxpresso.tools.linux_11.4.0.202103011116/tools/bin/../lib/gcc/arm-none-eabi/10.2.1/../../../../arm-none-eabi/lib/thumb/v7e-m+fp/hard/libcr_c.a(_deferredlazyseek.o)
 .comment       0x000000000000004d       0x4e /usr/local/mcuxpressoide-11.4.1_6260/ide/plugins/com.nxp.mcuxpresso.tools.linux_11.4.0.202103011116/tools/bin/../lib/gcc/arm-none-eabi/10.2.1/../../../../arm-none-eabi/lib/thumb/v7e-m+fp/hard/libcr_c.a(_fflush.o)
 .comment       0x000000000000004d       0x4e /usr/local/mcuxpressoide-11.4.1_6260/ide/plugins/com.nxp.mcuxpresso.tools.linux_11.4.0.202103011116/tools/bin/../lib/gcc/arm-none-eabi/10.2.1/../../../../arm-none-eabi/lib/thumb/v7e-m+fp/hard/libcr_c.a(_writebuf.o)
 .comment       0x000000000000004d       0x4e /usr/local/mcuxpressoide-11.4.1_6260/ide/plugins/com.nxp.mcuxpresso.tools.linux_11.4.0.202103011116/tools/bin/../lib/gcc/arm-none-eabi/10.2.1/../../../../arm-none-eabi/lib/thumb/v7e-m+fp/hard/libcr_c.a(alloc.o)
 .comment       0x000000000000004d       0x4e /usr/local/mcuxpressoide-11.4.1_6260/ide/plugins/com.nxp.mcuxpresso.tools.linux_11.4.0.202103011116/tools/bin/../lib/gcc/arm-none-eabi/10.2.1/../../../../arm-none-eabi/lib/thumb/v7e-m+fp/hard/libcr_c.a(fseek.o)
 .comment       0x000000000000004d       0x4e /usr/local/mcuxpressoide-11.4.1_6260/ide/plugins/com.nxp.mcuxpresso.tools.linux_11.4.0.202103011116/tools/bin/../lib/gcc/arm-none-eabi/10.2.1/../../../../arm-none-eabi/lib/thumb/v7e-m+fp/hard/libcr_c.a(ftell.o)
 .comment       0x000000000000004d       0x4e /usr/local/mcuxpressoide-11.4.1_6260/ide/plugins/com.nxp.mcuxpresso.tools.linux_11.4.0.202103011116/tools/bin/../lib/gcc/arm-none-eabi/10.2.1/../../../../arm-none-eabi/lib/thumb/v7e-m+fp/hard/libcr_c.a(initio.o)
 .comment       0x000000000000004d       0x4e /usr/local/mcuxpressoide-11.4.1_6260/ide/plugins/com.nxp.mcuxpresso.tools.linux_11.4.0.202103011116/tools/bin/../lib/gcc/arm-none-eabi/10.2.1/../../../../arm-none-eabi/lib/thumb/v7e-m+fp/hard/libcr_c.a(printf.o)
 .comment       0x000000000000004d       0x4e /usr/local/mcuxpressoide-11.4.1_6260/ide/plugins/com.nxp.mcuxpresso.tools.linux_11.4.0.202103011116/tools/bin/../lib/gcc/arm-none-eabi/10.2.1/../../../../arm-none-eabi/lib/thumb/v7e-m+fp/hard/libcr_c.a(setvbuf.o)
 .comment       0x000000000000004d       0x4e /usr/local/mcuxpressoide-11.4.1_6260/ide/plugins/com.nxp.mcuxpresso.tools.linux_11.4.0.202103011116/tools/bin/../lib/gcc/arm-none-eabi/10.2.1/../../../../arm-none-eabi/lib/thumb/v7e-m+fp/hard/libcr_c.a(strlen.o)
 .comment       0x000000000000004d       0x4e /usr/local/mcuxpressoide-11.4.1_6260/ide/plugins/com.nxp.mcuxpresso.tools.linux_11.4.0.202103011116/tools/bin/../lib/gcc/arm-none-eabi/10.2.1/../../../../arm-none-eabi/lib/thumb/v7e-m+fp/hard/libcr_c.a(__init_alloc.o)
 .comment       0x000000000000004d       0x4e /usr/local/mcuxpressoide-11.4.1_6260/ide/plugins/com.nxp.mcuxpresso.tools.linux_11.4.0.202103011116/tools/bin/../lib/gcc/arm-none-eabi/10.2.1/../../../../arm-none-eabi/lib/thumb/v7e-m+fp/hard/libcr_c.a(_cr_sbrk.o)
 .comment       0x000000000000004d       0x4e /usr/local/mcuxpressoide-11.4.1_6260/ide/plugins/com.nxp.mcuxpresso.tools.linux_11.4.0.202103011116/tools/bin/../lib/gcc/arm-none-eabi/10.2.1/../../../../arm-none-eabi/lib/thumb/v7e-m+fp/hard/libcr_c.a(_fdopen.o)
 .comment       0x000000000000004d       0x4e /usr/local/mcuxpressoide-11.4.1_6260/ide/plugins/com.nxp.mcuxpresso.tools.linux_11.4.0.202103011116/tools/bin/../lib/gcc/arm-none-eabi/10.2.1/../../../../arm-none-eabi/lib/thumb/v7e-m+fp/hard/libcr_c.a(errno.o)
 .comment       0x000000000000004d       0x4e /usr/local/mcuxpressoide-11.4.1_6260/ide/plugins/com.nxp.mcuxpresso.tools.linux_11.4.0.202103011116/tools/bin/../lib/gcc/arm-none-eabi/10.2.1/../../../../arm-none-eabi/lib/thumb/v7e-m+fp/hard/libcr_c.a(fclose.o)
 .comment       0x000000000000004d       0x4e /usr/local/mcuxpressoide-11.4.1_6260/ide/plugins/com.nxp.mcuxpresso.tools.linux_11.4.0.202103011116/tools/bin/../lib/gcc/arm-none-eabi/10.2.1/../../../../arm-none-eabi/lib/thumb/v7e-m+fp/hard/libcr_c.a(fflush.o)
 .comment       0x000000000000004d       0x4e /usr/local/mcuxpressoide-11.4.1_6260/ide/plugins/com.nxp.mcuxpresso.tools.linux_11.4.0.202103011116/tools/bin/../lib/gcc/arm-none-eabi/10.2.1/../../../../arm-none-eabi/lib/thumb/v7e-m+fp/hard/libcr_c.a(remove.o)
 .comment       0x000000000000004d       0x4e /usr/local/mcuxpressoide-11.4.1_6260/ide/plugins/com.nxp.mcuxpresso.tools.linux_11.4.0.202103011116/tools/bin/../lib/gcc/arm-none-eabi/10.2.1/../../../../arm-none-eabi/lib/thumb/v7e-m+fp/hard/libcr_c.a(_cr_check_heap.o)
 .comment       0x000000000000004d       0x4e /usr/local/mcuxpressoide-11.4.1_6260/ide/plugins/com.nxp.mcuxpresso.tools.linux_11.4.0.202103011116/tools/bin/../lib/gcc/arm-none-eabi/10.2.1/../../../../arm-none-eabi/lib/thumb/v7e-m+fp/hard/libcr_c.a(_do_fflush.o)
 .comment       0x000000000000004d       0x4e /usr/local/mcuxpressoide-11.4.1_6260/ide/plugins/com.nxp.mcuxpresso.tools.linux_11.4.0.202103011116/tools/bin/../lib/gcc/arm-none-eabi/10.2.1/../../../../arm-none-eabi/lib/thumb/v7e-m+fp/hard/libcr_nohost_nf.a(__sys_appexit.o)
 .comment       0x000000000000004d       0x4e /usr/local/mcuxpressoide-11.4.1_6260/ide/plugins/com.nxp.mcuxpresso.tools.linux_11.4.0.202103011116/tools/bin/../lib/gcc/arm-none-eabi/10.2.1/../../../../arm-none-eabi/lib/thumb/v7e-m+fp/hard/libcr_nohost_nf.a(__sys_close.o)
 .comment       0x000000000000004d       0x4e /usr/local/mcuxpressoide-11.4.1_6260/ide/plugins/com.nxp.mcuxpresso.tools.linux_11.4.0.202103011116/tools/bin/../lib/gcc/arm-none-eabi/10.2.1/../../../../arm-none-eabi/lib/thumb/v7e-m+fp/hard/libcr_nohost_nf.a(__sys_flen.o)
 .comment       0x000000000000004d       0x4e /usr/local/mcuxpressoide-11.4.1_6260/ide/plugins/com.nxp.mcuxpresso.tools.linux_11.4.0.202103011116/tools/bin/../lib/gcc/arm-none-eabi/10.2.1/../../../../arm-none-eabi/lib/thumb/v7e-m+fp/hard/libcr_nohost_nf.a(__sys_istty.o)
 .comment       0x000000000000004d       0x4e /usr/local/mcuxpressoide-11.4.1_6260/ide/plugins/com.nxp.mcuxpresso.tools.linux_11.4.0.202103011116/tools/bin/../lib/gcc/arm-none-eabi/10.2.1/../../../../arm-none-eabi/lib/thumb/v7e-m+fp/hard/libcr_nohost_nf.a(__sys_read.o)
 .comment       0x000000000000004d       0x4e /usr/local/mcuxpressoide-11.4.1_6260/ide/plugins/com.nxp.mcuxpresso.tools.linux_11.4.0.202103011116/tools/bin/../lib/gcc/arm-none-eabi/10.2.1/../../../../arm-none-eabi/lib/thumb/v7e-m+fp/hard/libcr_nohost_nf.a(__sys_readc.o)
 .comment       0x000000000000004d       0x4e /usr/local/mcuxpressoide-11.4.1_6260/ide/plugins/com.nxp.mcuxpresso.tools.linux_11.4.0.202103011116/tools/bin/../lib/gcc/arm-none-eabi/10.2.1/../../../../arm-none-eabi/lib/thumb/v7e-m+fp/hard/libcr_nohost_nf.a(__sys_remove.o)
 .comment       0x000000000000004d       0x4e /usr/local/mcuxpressoide-11.4.1_6260/ide/plugins/com.nxp.mcuxpresso.tools.linux_11.4.0.202103011116/tools/bin/../lib/gcc/arm-none-eabi/10.2.1/../../../../arm-none-eabi/lib/thumb/v7e-m+fp/hard/libcr_nohost_nf.a(__sys_seek.o)
 .comment       0x000000000000004d       0x4e /usr/local/mcuxpressoide-11.4.1_6260/ide/plugins/com.nxp.mcuxpresso.tools.linux_11.4.0.202103011116/tools/bin/../lib/gcc/arm-none-eabi/10.2.1/../../../../arm-none-eabi/lib/thumb/v7e-m+fp/hard/libcr_nohost_nf.a(__sys_tmpnam.o)
 .comment       0x000000000000004d       0x4e /usr/local/mcuxpressoide-11.4.1_6260/ide/plugins/com.nxp.mcuxpresso.tools.linux_11.4.0.202103011116/tools/bin/../lib/gcc/arm-none-eabi/10.2.1/../../../../arm-none-eabi/lib/thumb/v7e-m+fp/hard/libcr_nohost_nf.a(__sys_write.o)

.ARM.attributes
                0x0000000000000000       0x32
 .ARM.attributes
                0x0000000000000000       0x34 ./utilities/fsl_assert.o
 .ARM.attributes
                0x0000000000000034       0x34 ./startup/startup_mk66f18.o
 .ARM.attributes
                0x0000000000000068       0x34 ./source/experiment_1.o
 .ARM.attributes
                0x000000000000009c       0x34 ./source/semihost_hardfault.o
 .ARM.attributes
                0x00000000000000d0       0x34 ./drivers/fsl_clock.o
 .ARM.attributes
                0x0000000000000104       0x34 ./drivers/fsl_lpuart.o
 .ARM.attributes
                0x0000000000000138       0x34 ./drivers/fsl_uart.o
 .ARM.attributes
                0x000000000000016c       0x34 ./device/system_MK66F18.o
 .ARM.attributes
                0x00000000000001a0       0x34 ./board/board.o
 .ARM.attributes
                0x00000000000001d4       0x34 ./board/clock_config.o
 .ARM.attributes
                0x0000000000000208       0x34 ./board/pin_mux.o
 .ARM.attributes
                0x000000000000023c       0x39 /usr/local/mcuxpressoide-11.4.1_6260/ide/plugins/com.nxp.mcuxpresso.tools.linux_11.4.0.202103011116/tools/bin/../lib/gcc/arm-none-eabi/10.2.1/../../../../arm-none-eabi/lib/thumb/v7e-m+fp/hard/libcr_nohost_nf.a(__ciob.o)
 .ARM.attributes
                0x0000000000000275       0x34 /usr/local/mcuxpressoide-11.4.1_6260/ide/plugins/com.nxp.mcuxpresso.tools.linux_11.4.0.202103011116/tools/bin/../lib/gcc/arm-none-eabi/10.2.1/../../../../arm-none-eabi/lib/thumb/v7e-m+fp/hard/libcr_nohost_nf.a(_cr__main.o)
 .ARM.attributes
                0x00000000000002a9       0x34 /usr/local/mcuxpressoide-11.4.1_6260/ide/plugins/com.nxp.mcuxpresso.tools.linux_11.4.0.202103011116/tools/bin/../lib/gcc/arm-none-eabi/10.2.1/../../../../arm-none-eabi/lib/thumb/v7e-m+fp/hard/libcr_c.a(memset.o)
 .ARM.attributes
                0x00000000000002dd       0x34 /usr/local/mcuxpressoide-11.4.1_6260/ide/plugins/com.nxp.mcuxpresso.tools.linux_11.4.0.202103011116/tools/bin/../lib/gcc/arm-none-eabi/10.2.1/../../../../arm-none-eabi/lib/thumb/v7e-m+fp/hard/libcr_c.a(__fillbuf.o)
 .ARM.attributes
                0x0000000000000311       0x34 /usr/local/mcuxpressoide-11.4.1_6260/ide/plugins/com.nxp.mcuxpresso.tools.linux_11.4.0.202103011116/tools/bin/../lib/gcc/arm-none-eabi/10.2.1/../../../../arm-none-eabi/lib/thumb/v7e-m+fp/hard/libcr_c.a(_deferredlazyseek.o)
 .ARM.attributes
                0x0000000000000345       0x34 /usr/local/mcuxpressoide-11.4.1_6260/ide/plugins/com.nxp.mcuxpresso.tools.linux_11.4.0.202103011116/tools/bin/../lib/gcc/arm-none-eabi/10.2.1/../../../../arm-none-eabi/lib/thumb/v7e-m+fp/hard/libcr_c.a(_fflush.o)
 .ARM.attributes
                0x0000000000000379       0x34 /usr/local/mcuxpressoide-11.4.1_6260/ide/plugins/com.nxp.mcuxpresso.tools.linux_11.4.0.202103011116/tools/bin/../lib/gcc/arm-none-eabi/10.2.1/../../../../arm-none-eabi/lib/thumb/v7e-m+fp/hard/libcr_c.a(_writebuf.o)
 .ARM.attributes
                0x00000000000003ad       0x34 /usr/local/mcuxpressoide-11.4.1_6260/ide/plugins/com.nxp.mcuxpresso.tools.linux_11.4.0.202103011116/tools/bin/../lib/gcc/arm-none-eabi/10.2.1/../../../../arm-none-eabi/lib/thumb/v7e-m+fp/hard/libcr_c.a(alloc.o)
 .ARM.attributes
                0x00000000000003e1       0x34 /usr/local/mcuxpressoide-11.4.1_6260/ide/plugins/com.nxp.mcuxpresso.tools.linux_11.4.0.202103011116/tools/bin/../lib/gcc/arm-none-eabi/10.2.1/../../../../arm-none-eabi/lib/thumb/v7e-m+fp/hard/libcr_c.a(fseek.o)
 .ARM.attributes
                0x0000000000000415       0x34 /usr/local/mcuxpressoide-11.4.1_6260/ide/plugins/com.nxp.mcuxpresso.tools.linux_11.4.0.202103011116/tools/bin/../lib/gcc/arm-none-eabi/10.2.1/../../../../arm-none-eabi/lib/thumb/v7e-m+fp/hard/libcr_c.a(ftell.o)
 .ARM.attributes
                0x0000000000000449       0x34 /usr/local/mcuxpressoide-11.4.1_6260/ide/plugins/com.nxp.mcuxpresso.tools.linux_11.4.0.202103011116/tools/bin/../lib/gcc/arm-none-eabi/10.2.1/../../../../arm-none-eabi/lib/thumb/v7e-m+fp/hard/libcr_c.a(initio.o)
 .ARM.attributes
                0x000000000000047d       0x34 /usr/local/mcuxpressoide-11.4.1_6260/ide/plugins/com.nxp.mcuxpresso.tools.linux_11.4.0.202103011116/tools/bin/../lib/gcc/arm-none-eabi/10.2.1/../../../../arm-none-eabi/lib/thumb/v7e-m+fp/hard/libcr_c.a(printf.o)
 .ARM.attributes
                0x00000000000004b1       0x34 /usr/local/mcuxpressoide-11.4.1_6260/ide/plugins/com.nxp.mcuxpresso.tools.linux_11.4.0.202103011116/tools/bin/../lib/gcc/arm-none-eabi/10.2.1/../../../../arm-none-eabi/lib/thumb/v7e-m+fp/hard/libcr_c.a(setvbuf.o)
 .ARM.attributes
                0x00000000000004e5       0x34 /usr/local/mcuxpressoide-11.4.1_6260/ide/plugins/com.nxp.mcuxpresso.tools.linux_11.4.0.202103011116/tools/bin/../lib/gcc/arm-none-eabi/10.2.1/../../../../arm-none-eabi/lib/thumb/v7e-m+fp/hard/libcr_c.a(strlen.o)
 .ARM.attributes
                0x0000000000000519       0x34 /usr/local/mcuxpressoide-11.4.1_6260/ide/plugins/com.nxp.mcuxpresso.tools.linux_11.4.0.202103011116/tools/bin/../lib/gcc/arm-none-eabi/10.2.1/../../../../arm-none-eabi/lib/thumb/v7e-m+fp/hard/libcr_c.a(__init_alloc.o)
 .ARM.attributes
                0x000000000000054d       0x34 /usr/local/mcuxpressoide-11.4.1_6260/ide/plugins/com.nxp.mcuxpresso.tools.linux_11.4.0.202103011116/tools/bin/../lib/gcc/arm-none-eabi/10.2.1/../../../../arm-none-eabi/lib/thumb/v7e-m+fp/hard/libcr_c.a(_cr_sbrk.o)
 .ARM.attributes
                0x0000000000000581       0x34 /usr/local/mcuxpressoide-11.4.1_6260/ide/plugins/com.nxp.mcuxpresso.tools.linux_11.4.0.202103011116/tools/bin/../lib/gcc/arm-none-eabi/10.2.1/../../../../arm-none-eabi/lib/thumb/v7e-m+fp/hard/libcr_c.a(_fdopen.o)
 .ARM.attributes
                0x00000000000005b5       0x39 /usr/local/mcuxpressoide-11.4.1_6260/ide/plugins/com.nxp.mcuxpresso.tools.linux_11.4.0.202103011116/tools/bin/../lib/gcc/arm-none-eabi/10.2.1/../../../../arm-none-eabi/lib/thumb/v7e-m+fp/hard/libcr_c.a(errno.o)
 .ARM.attributes
                0x00000000000005ee       0x34 /usr/local/mcuxpressoide-11.4.1_6260/ide/plugins/com.nxp.mcuxpresso.tools.linux_11.4.0.202103011116/tools/bin/../lib/gcc/arm-none-eabi/10.2.1/../../../../arm-none-eabi/lib/thumb/v7e-m+fp/hard/libcr_c.a(fclose.o)
 .ARM.attributes
                0x0000000000000622       0x34 /usr/local/mcuxpressoide-11.4.1_6260/ide/plugins/com.nxp.mcuxpresso.tools.linux_11.4.0.202103011116/tools/bin/../lib/gcc/arm-none-eabi/10.2.1/../../../../arm-none-eabi/lib/thumb/v7e-m+fp/hard/libcr_c.a(fflush.o)
 .ARM.attributes
                0x0000000000000656       0x34 /usr/local/mcuxpressoide-11.4.1_6260/ide/plugins/com.nxp.mcuxpresso.tools.linux_11.4.0.202103011116/tools/bin/../lib/gcc/arm-none-eabi/10.2.1/../../../../arm-none-eabi/lib/thumb/v7e-m+fp/hard/libcr_c.a(remove.o)
 .ARM.attributes
                0x000000000000068a       0x34 /usr/local/mcuxpressoide-11.4.1_6260/ide/plugins/com.nxp.mcuxpresso.tools.linux_11.4.0.202103011116/tools/bin/../lib/gcc/arm-none-eabi/10.2.1/../../../../arm-none-eabi/lib/thumb/v7e-m+fp/hard/libcr_c.a(_cr_check_heap.o)
 .ARM.attributes
                0x00000000000006be       0x34 /usr/local/mcuxpressoide-11.4.1_6260/ide/plugins/com.nxp.mcuxpresso.tools.linux_11.4.0.202103011116/tools/bin/../lib/gcc/arm-none-eabi/10.2.1/../../../../arm-none-eabi/lib/thumb/v7e-m+fp/hard/libcr_c.a(_do_fflush.o)
 .ARM.attributes
                0x00000000000006f2       0x20 /usr/local/mcuxpressoide-11.4.1_6260/ide/plugins/com.nxp.mcuxpresso.tools.linux_11.4.0.202103011116/tools/bin/../lib/gcc/arm-none-eabi/10.2.1/thumb/v7e-m+fp/hard/libcr_eabihelpers.a(memcpy.o)
 .ARM.attributes
                0x0000000000000712       0x34 /usr/local/mcuxpressoide-11.4.1_6260/ide/plugins/com.nxp.mcuxpresso.tools.linux_11.4.0.202103011116/tools/bin/../lib/gcc/arm-none-eabi/10.2.1/../../../../arm-none-eabi/lib/thumb/v7e-m+fp/hard/libcr_nohost_nf.a(__sys_appexit.o)
 .ARM.attributes
                0x0000000000000746       0x34 /usr/local/mcuxpressoide-11.4.1_6260/ide/plugins/com.nxp.mcuxpresso.tools.linux_11.4.0.202103011116/tools/bin/../lib/gcc/arm-none-eabi/10.2.1/../../../../arm-none-eabi/lib/thumb/v7e-m+fp/hard/libcr_nohost_nf.a(__sys_close.o)
 .ARM.attributes
                0x000000000000077a       0x34 /usr/local/mcuxpressoide-11.4.1_6260/ide/plugins/com.nxp.mcuxpresso.tools.linux_11.4.0.202103011116/tools/bin/../lib/gcc/arm-none-eabi/10.2.1/../../../../arm-none-eabi/lib/thumb/v7e-m+fp/hard/libcr_nohost_nf.a(__sys_flen.o)
 .ARM.attributes
                0x00000000000007ae       0x34 /usr/local/mcuxpressoide-11.4.1_6260/ide/plugins/com.nxp.mcuxpresso.tools.linux_11.4.0.202103011116/tools/bin/../lib/gcc/arm-none-eabi/10.2.1/../../../../arm-none-eabi/lib/thumb/v7e-m+fp/hard/libcr_nohost_nf.a(__sys_istty.o)
 .ARM.attributes
                0x00000000000007e2       0x34 /usr/local/mcuxpressoide-11.4.1_6260/ide/plugins/com.nxp.mcuxpresso.tools.linux_11.4.0.202103011116/tools/bin/../lib/gcc/arm-none-eabi/10.2.1/../../../../arm-none-eabi/lib/thumb/v7e-m+fp/hard/libcr_nohost_nf.a(__sys_read.o)
 .ARM.attributes
                0x0000000000000816       0x34 /usr/local/mcuxpressoide-11.4.1_6260/ide/plugins/com.nxp.mcuxpresso.tools.linux_11.4.0.202103011116/tools/bin/../lib/gcc/arm-none-eabi/10.2.1/../../../../arm-none-eabi/lib/thumb/v7e-m+fp/hard/libcr_nohost_nf.a(__sys_readc.o)
 .ARM.attributes
                0x000000000000084a       0x34 /usr/local/mcuxpressoide-11.4.1_6260/ide/plugins/com.nxp.mcuxpresso.tools.linux_11.4.0.202103011116/tools/bin/../lib/gcc/arm-none-eabi/10.2.1/../../../../arm-none-eabi/lib/thumb/v7e-m+fp/hard/libcr_nohost_nf.a(__sys_remove.o)
 .ARM.attributes
                0x000000000000087e       0x34 /usr/local/mcuxpressoide-11.4.1_6260/ide/plugins/com.nxp.mcuxpresso.tools.linux_11.4.0.202103011116/tools/bin/../lib/gcc/arm-none-eabi/10.2.1/../../../../arm-none-eabi/lib/thumb/v7e-m+fp/hard/libcr_nohost_nf.a(__sys_seek.o)
 .ARM.attributes
                0x00000000000008b2       0x34 /usr/local/mcuxpressoide-11.4.1_6260/ide/plugins/com.nxp.mcuxpresso.tools.linux_11.4.0.202103011116/tools/bin/../lib/gcc/arm-none-eabi/10.2.1/../../../../arm-none-eabi/lib/thumb/v7e-m+fp/hard/libcr_nohost_nf.a(__sys_tmpnam.o)
 .ARM.attributes
                0x00000000000008e6       0x34 /usr/local/mcuxpressoide-11.4.1_6260/ide/plugins/com.nxp.mcuxpresso.tools.linux_11.4.0.202103011116/tools/bin/../lib/gcc/arm-none-eabi/10.2.1/../../../../arm-none-eabi/lib/thumb/v7e-m+fp/hard/libcr_nohost_nf.a(__sys_write.o)

.debug_frame    0x0000000000000000     0x240c
 .debug_frame   0x0000000000000000       0x30 ./utilities/fsl_assert.o
 .debug_frame   0x0000000000000030      0xa4c ./startup/startup_mk66f18.o
 .debug_frame   0x0000000000000a7c       0x30 ./source/experiment_1.o
 .debug_frame   0x0000000000000aac       0x20 ./source/semihost_hardfault.o
 .debug_frame   0x0000000000000acc      0xa38 ./drivers/fsl_clock.o
 .debug_frame   0x0000000000001504      0x54c ./drivers/fsl_lpuart.o
 .debug_frame   0x0000000000001a50      0x714 ./drivers/fsl_uart.o
 .debug_frame   0x0000000000002164       0x74 ./device/system_MK66F18.o
 .debug_frame   0x00000000000021d8       0x5c ./board/board.o
 .debug_frame   0x0000000000002234      0x140 ./board/clock_config.o
 .debug_frame   0x0000000000002374       0x98 ./board/pin_mux.o

Cross Reference Table

Symbol                                            File
ADC0_DriverIRQHandler                             ./startup/startup_mk66f18.o
ADC0_IRQHandler                                   ./startup/startup_mk66f18.o